$ date -R
Tue, 14 Sep 2021 08:18:58 +1000
$ git checkout master
Already on 'master'
$ git reset --hard stable
HEAD is now at f306b90c69ce Merge tag 'smp-urgent-2021-09-12' of git://git.kernel.org/pub/scm/linux/kernel/git/tip/tip
Merging origin/master (316346243be6 Merge branch 'gcc-min-version-5.1' (make gcc-5.1 the minimum version))
$ git merge origin/master
Updating f306b90c69ce..316346243be6
Fast-forward
 Documentation/admin-guide/README.rst               |   2 +-
 .../bindings/auxdisplay/hit,hd44780.yaml           |  31 +-
 Documentation/process/changes.rst                  |   2 +-
 .../translations/zh_CN/admin-guide/README.rst      |   2 +-
 .../translations/zh_TW/admin-guide/README.rst      |   2 +-
 MAINTAINERS                                        |   1 +
 Makefile                                           |  10 +-
 arch/arm64/Kconfig                                 |   2 +-
 arch/powerpc/include/asm/asm-const.h               |  10 -
 arch/riscv/Kconfig                                 |   2 +-
 arch/x86/include/asm/uaccess.h                     |   4 +-
 drivers/auxdisplay/cfag12864b.c                    |   2 +-
 drivers/auxdisplay/charlcd.c                       |   4 +-
 drivers/auxdisplay/hd44780.c                       |   2 +-
 drivers/auxdisplay/ks0108.c                        |  18 +-
 include/asm-generic/vmlinux.lds.h                  |   4 -
 include/linux/compiler-clang.h                     |  13 -
 include/linux/compiler-gcc.h                       |  11 +-
 include/linux/compiler_attributes.h                |  43 +-
 include/linux/compiler_types.h                     |   6 -
 include/linux/overflow.h                           | 138 +-----
 lib/Kconfig.debug                                  |   2 +-
 mm/ksm.c                                           |   2 -
 scripts/min-tool-version.sh                        |   8 +-
 tools/arch/x86/include/asm/amd-ibs.h               | 132 ++++++
 tools/arch/x86/include/uapi/asm/kvm.h              |   1 +
 tools/include/linux/compiler-gcc.h                 |   8 +-
 tools/include/linux/overflow.h                     | 140 +-----
 tools/include/uapi/asm-generic/unistd.h            |  14 +-
 tools/include/uapi/drm/drm.h                       |  14 +-
 tools/include/uapi/drm/i915_drm.h                  | 498 +++++++++++++++++----
 tools/include/uapi/linux/fs.h                      |   1 +
 tools/include/uapi/linux/in.h                      |  42 +-
 tools/include/uapi/linux/kvm.h                     |  11 +-
 tools/include/uapi/linux/mount.h                   |   3 +-
 tools/include/uapi/linux/prctl.h                   |  12 +-
 tools/include/uapi/sound/asound.h                  |   1 +
 tools/perf/.gitignore                              |   1 +
 tools/perf/Makefile.config                         |  47 +-
 .../perf/arch/mips/entry/syscalls/syscall_n64.tbl  |   2 +
 tools/perf/arch/powerpc/entry/syscalls/syscall.tbl |  12 +-
 tools/perf/arch/s390/entry/syscalls/syscall.tbl    |  14 +-
 tools/perf/arch/x86/entry/syscalls/syscall_64.tbl  |   3 +-
 tools/perf/check-headers.sh                        |   1 +
 tools/perf/scripts/python/bin/stackcollapse-report |   2 +-
 tools/perf/tests/bpf.c                             |   2 +-
 tools/perf/trace/beauty/include/linux/socket.h     |   9 +-
 tools/perf/trace/beauty/move_mount_flags.sh        |   2 +-
 tools/perf/util/Build                              |   1 +
 tools/perf/util/amd-sample-raw.c                   | 289 ++++++++++++
 tools/perf/util/bpf-event.c                        |   8 +
 tools/perf/util/dso.c                              |  10 +
 tools/perf/util/env.c                              |  78 ++++
 tools/perf/util/env.h                              |   5 +
 tools/perf/util/evsel.c                            |  20 +-
 tools/perf/util/evsel.h                            |   3 +
 tools/perf/util/parse-events-hybrid.c              |  18 +-
 tools/perf/util/parse-events.c                     |  27 +-
 tools/perf/util/perf_event_attr_fprintf.c          |   5 +-
 tools/perf/util/sample-raw.c                       |   8 +
 tools/perf/util/sample-raw.h                       |   6 +-
 tools/perf/util/symbol.c                           |  20 +-
 62 files changed, 1226 insertions(+), 565 deletions(-)
 create mode 100644 tools/arch/x86/include/asm/amd-ibs.h
 create mode 100644 tools/perf/util/amd-sample-raw.c
Merging fixes/fixes (a9c9a6f741cd Merge tag 'scsi-misc' of git://git.kernel.org/pub/scm/linux/kernel/git/jejb/scsi)
$ git merge fixes/fixes
Already up to date.
$ git am -3 ../patches/0001-Revert-compiler_attributes.h-drop-__has_attribute-su.patch
Applying: Revert "compiler_attributes.h: drop __has_attribute() support for gcc4"
Merging kbuild-current/fixes (926de8c4326c Merge tag 'acpi-5.15-rc1-3' of git://git.kernel.org/pub/scm/linux/kernel/git/rafael/linux-pm)
$ git merge kbuild-current/fixes
Already up to date.
Merging arc-current/for-curr (6880fa6c5660 Linux 5.15-rc1)
$ git merge arc-current/for-curr
Already up to date.
Merging arm-current/fixes (463dbba4d189 ARM: 9104/2: Fix Keystone 2 kernel mapping regression)
$ git merge arm-current/fixes
Already up to date.
Merging arm64-fixes/for-next/fixes (3eb9cdffb397 Partially revert "arm64/mm: drop HAVE_ARCH_PFN_VALID")
$ git merge arm64-fixes/for-next/fixes
Already up to date.
Merging arm-soc-fixes/arm/fixes (6c35ca069741 Merge tag 'reset-fixes-for-v5.14' of git://git.pengutronix.de/pza/linux into arm/fixes)
$ git merge arm-soc-fixes/arm/fixes
Already up to date.
Merging drivers-memory-fixes/fixes (6880fa6c5660 Linux 5.15-rc1)
$ git merge drivers-memory-fixes/fixes
Already up to date.
Merging m68k-current/for-linus (a7b68ed15d1f m68k: mvme: Remove overdue #warnings in RTC handling)
$ git merge m68k-current/for-linus
Merge made by the 'recursive' strategy.
 arch/m68k/include/asm/raw_io.h | 20 ++++++++++----------
 arch/m68k/mvme147/config.c     |  4 +++-
 arch/m68k/mvme16x/config.c     |  4 +++-
 3 files changed, 16 insertions(+), 12 deletions(-)
Merging powerpc-fixes/fixes (787c70f2f999 powerpc/64s: Fix scv implicit soft-mask table for relocated kernels)
$ git merge powerpc-fixes/fixes
Already up to date.
Merging s390-fixes/fixes (6880fa6c5660 Linux 5.15-rc1)
$ git merge s390-fixes/fixes
Already up to date.
Merging sparc/master (05a59d79793d Merge git://git.kernel.org:/pub/scm/linux/kernel/git/netdev/net)
$ git merge sparc/master
Already up to date.
Merging fscrypt-current/for-stable (d19d8d345eec fscrypt: fix inline encryption not used on new files)
$ git merge fscrypt-current/for-stable
Already up to date.
Merging net/master (111b64e35ea0 net: dsa: lantiq_gswip: Add 200ms assert delay)
$ git merge net/master
Auto-merging drivers/net/ethernet/broadcom/bnxt/bnxt.c
Merge made by the 'recursive' strategy.
 .../bindings/net/allwinner,sun8i-a83t-emac.yaml    |   4 +-
 drivers/net/dsa/lantiq_gswip.c                     |   6 ++
 drivers/net/dsa/qca8k.c                            |  30 ++++--
 drivers/net/ethernet/8390/ne.c                     |  22 ++---
 drivers/net/ethernet/amd/ni65.c                    |   2 +-
 drivers/net/ethernet/broadcom/bnxt/bnxt.c          |  33 ++++++-
 drivers/net/ethernet/cadence/macb_pci.c            |   2 +-
 drivers/net/ethernet/ibm/ibmvnic.c                 |  16 ++++
 drivers/net/ethernet/intel/ice/ice.h               |   2 +
 drivers/net/ethernet/intel/ice/ice_idc.c           |   6 ++
 drivers/net/ethernet/mellanox/mlx5/core/devlink.c  |   7 +-
 .../ethernet/mellanox/mlx5/core/diag/fw_tracer.c   |   3 +-
 drivers/net/ethernet/mellanox/mlx5/core/en.h       |   2 +-
 .../ethernet/mellanox/mlx5/core/en/rep/bridge.c    |   4 +-
 .../net/ethernet/mellanox/mlx5/core/en/rx_res.c    |   2 +-
 .../net/ethernet/mellanox/mlx5/core/en_ethtool.c   |  11 ++-
 drivers/net/ethernet/mellanox/mlx5/core/en_main.c  |   4 +-
 drivers/net/ethernet/mellanox/mlx5/core/fs_core.c  |   5 +-
 drivers/net/ethernet/mellanox/mlx5/core/lag.c      |  10 +-
 drivers/net/ethernet/microsoft/mana/hw_channel.c   |   4 +-
 drivers/net/ethernet/qlogic/qed/qed_mcp.c          |   6 +-
 .../net/ethernet/qlogic/qlcnic/qlcnic_83xx_init.c  |   2 +-
 drivers/net/ethernet/rdc/r6040.c                   |   9 +-
 drivers/net/ethernet/sfc/efx_channels.c            | 106 ++++++++++++++-------
 drivers/net/ethernet/sfc/net_driver.h              |   8 ++
 drivers/net/ethernet/sfc/tx.c                      |  29 ++++--
 drivers/net/ethernet/stmicro/stmmac/stmmac_main.c  |  16 +---
 .../net/ethernet/stmicro/stmmac/stmmac_platform.c  |  44 +++++++++
 drivers/net/ipa/ipa_table.c                        |   3 +-
 drivers/net/phy/phylink.c                          |  30 +++++-
 drivers/vhost/net.c                                |  11 ++-
 include/linux/skbuff.h                             |   2 +-
 net/dccp/minisocks.c                               |   2 +
 net/ipv4/ip_sockglue.c                             |   2 +-
 net/ipv4/ping.c                                    |   5 +-
 net/ipv4/raw.c                                     |   5 +-
 net/ipv4/udp.c                                     |   5 +-
 net/ipv4/udp_tunnel_nic.c                          |   2 +-
 net/ipv6/ip6_fib.c                                 |   3 +-
 net/l2tp/l2tp_core.c                               |   4 +-
 net/mctp/route.c                                   |   2 +
 net/packet/af_packet.c                             |   2 +
 net/tipc/socket.c                                  |   2 +-
 net/unix/af_unix.c                                 |   2 +-
 tools/testing/selftests/net/altnames.sh            |   2 +-
 45 files changed, 345 insertions(+), 134 deletions(-)
Merging bpf/master (0e6491b55970 bpf: Add oversize check before call kvcalloc())
$ git merge bpf/master
Auto-merging include/linux/mmap_lock.h
Merge made by the 'recursive' strategy.
 include/linux/mmap_lock.h                             |  9 ---------
 kernel/bpf/disasm.c                                   |  2 +-
 kernel/bpf/disasm.h                                   |  2 +-
 kernel/bpf/stackmap.c                                 | 10 ++++++++--
 kernel/bpf/verifier.c                                 |  2 ++
 tools/testing/selftests/bpf/prog_tests/task_pt_regs.c |  1 -
 tools/testing/selftests/bpf/progs/test_task_pt_regs.c | 19 +++++++++++++------
 7 files changed, 25 insertions(+), 20 deletions(-)
Merging ipsec/master (3c10ffddc61f net: xfrm: fix shift-out-of-bounds in xfrm_get_default)
$ git merge ipsec/master
Merge made by the 'recursive' strategy.
 net/xfrm/xfrm_user.c | 5 +++++
 1 file changed, 5 insertions(+)
Merging netfilter/master (69e73dbfda14 ipvs: check that ip_vs_conn_tab_bits is between 8 and 20)
$ git merge netfilter/master
Merge made by the 'recursive' strategy.
 net/netfilter/ipset/ip_set_hash_gen.h | 4 ++--
 net/netfilter/ipvs/ip_vs_conn.c       | 4 ++++
 2 files changed, 6 insertions(+), 2 deletions(-)
Merging ipvs/master (276aae377206 net: stmmac: fix system hang caused by eee_ctrl_timer during suspend/resume)
$ git merge ipvs/master
Already up to date.
Merging wireless-drivers/master (e4457a45b41c iwlwifi: fix printk format warnings in uefi.c)
$ git merge wireless-drivers/master
Already up to date.
Merging mac80211/master (e011912651bd net: ni65: Avoid typecast of pointer to u32)
$ git merge mac80211/master
Already up to date.
Merging rdma-fixes/for-rc (1b789bd4dbd4 IB/qib: Fix clang confusion of NULL pointer comparison)
$ git merge rdma-fixes/for-rc
Merge made by the 'recursive' strategy.
 drivers/infiniband/hw/qib/qib_sysfs.c | 2 +-
 1 file changed, 1 insertion(+), 1 deletion(-)
Merging sound-current/for-linus (7b9cf9036609 ALSA: usb-audio: Unify mixer resume and reset_resume procedure)
$ git merge sound-current/for-linus
Merge made by the 'recursive' strategy.
 sound/firewire/oxfw/oxfw.c | 13 ++++++++-----
 sound/pci/hda/hda_intel.c  | 12 +++++++++---
 sound/usb/card.c           | 18 ++++--------------
 sound/usb/mixer.c          | 26 ++++----------------------
 sound/usb/mixer.h          |  3 +--
 sound/usb/mixer_quirks.c   |  2 +-
 6 files changed, 27 insertions(+), 47 deletions(-)
Merging sound-asoc-fixes/for-linus (49660818eb84 Merge remote-tracking branch 'asoc/for-5.15' into asoc-linus)
$ git merge sound-asoc-fixes/for-linus
Merge made by the 'recursive' strategy.
 MAINTAINERS                                |  3 ++-
 sound/soc/fsl/fsl_esai.c                   | 16 ++++++++++------
 sound/soc/fsl/fsl_micfil.c                 | 15 ++++++++++-----
 sound/soc/fsl/fsl_sai.c                    | 14 +++++++++-----
 sound/soc/fsl/fsl_spdif.c                  | 14 +++++++++-----
 sound/soc/fsl/fsl_xcvr.c                   | 15 ++++++++++-----
 sound/soc/intel/boards/sof_sdw.c           |  5 +++++
 sound/soc/mediatek/Kconfig                 |  3 +++
 sound/soc/mediatek/common/mtk-afe-fe-dai.c | 19 +++++++++++--------
 9 files changed, 69 insertions(+), 35 deletions(-)
Merging regmap-fixes/for-linus (6880fa6c5660 Linux 5.15-rc1)
$ git merge regmap-fixes/for-linus
Already up to date.
Merging regulator-fixes/for-linus (18844b7517c8 Merge remote-tracking branch 'regulator/for-5.15' into regulator-linus)
$ git merge regulator-fixes/for-linus
Merge made by the 'recursive' strategy.
 drivers/regulator/qcom-rpmh-regulator.c | 2 +-
 1 file changed, 1 insertion(+), 1 deletion(-)
Merging spi-fixes/for-linus (c6636bc07565 Merge remote-tracking branch 'spi/for-5.15' into spi-linus)
$ git merge spi-fixes/for-linus
Merge made by the 'recursive' strategy.
 drivers/spi/spi-rockchip.c      | 6 ++++++
 drivers/spi/spi-tegra20-slink.c | 5 ++---
 2 files changed, 8 insertions(+), 3 deletions(-)
Merging pci-current/for-linus (6880fa6c5660 Linux 5.15-rc1)
$ git merge pci-current/for-linus
Already up to date.
Merging driver-core.current/driver-core-linus (6880fa6c5660 Linux 5.15-rc1)
$ git merge driver-core.current/driver-core-linus
Already up to date.
Merging tty.current/tty-linus (6880fa6c5660 Linux 5.15-rc1)
$ git merge tty.current/tty-linus
Already up to date.
Merging usb.current/usb-linus (6880fa6c5660 Linux 5.15-rc1)
$ git merge usb.current/usb-linus
Already up to date.
Merging usb-gadget-fixes/fixes (e49d033bddf5 Linux 5.12-rc6)
$ git merge usb-gadget-fixes/fixes
Already up to date.
Merging usb-serial-fixes/usb-linus (7bb057134d60 USB: serial: option: add Telit LN920 compositions)
$ git merge usb-serial-fixes/usb-linus
Merge made by the 'recursive' strategy.
 drivers/usb/serial/option.c | 8 ++++++++
 1 file changed, 8 insertions(+)
Merging usb-chipidea-fixes/for-usb-fixes (98a1373a2de9 usb: cdns3: fix race condition before setting doorbell)
$ git merge usb-chipidea-fixes/for-usb-fixes
Merge made by the 'recursive' strategy.
 drivers/usb/cdns3/cdns3-gadget.c | 14 ++++++++++++++
 1 file changed, 14 insertions(+)
Merging phy/fixes (6880fa6c5660 Linux 5.15-rc1)
$ git merge phy/fixes
Already up to date.
Merging staging.current/staging-linus (6880fa6c5660 Linux 5.15-rc1)
$ git merge staging.current/staging-linus
Already up to date.
Merging iio-fixes/fixes-togreg (fa31da54088b iio: adc: ad7793: Fix IRQ flag)
$ git merge iio-fixes/fixes-togreg
Merge made by the 'recursive' strategy.
 drivers/iio/accel/fxls8962af-core.c | 2 +-
 drivers/iio/adc/ad7192.c            | 1 +
 drivers/iio/adc/ad7780.c            | 2 +-
 drivers/iio/adc/ad7793.c            | 2 +-
 drivers/iio/adc/aspeed_adc.c        | 1 +
 drivers/iio/adc/max1027.c           | 3 +--
 drivers/iio/adc/rzg2l_adc.c         | 6 ++++--
 drivers/iio/adc/ti-adc128s052.c     | 6 ++++++
 drivers/iio/dac/ti-dac5571.c        | 1 +
 9 files changed, 17 insertions(+), 7 deletions(-)
Merging char-misc.current/char-misc-linus (6880fa6c5660 Linux 5.15-rc1)
$ git merge char-misc.current/char-misc-linus
Already up to date.
Merging soundwire-fixes/fixes (6880fa6c5660 Linux 5.15-rc1)
$ git merge soundwire-fixes/fixes
Already up to date.
Merging thunderbolt-fixes/fixes (7d2a07b76933 Linux 5.14)
$ git merge thunderbolt-fixes/fixes
Already up to date.
Merging input-current/for-linus (0c5483a5778f Input: analog - always use ktime functions)
$ git merge input-current/for-linus
Already up to date.
Merging crypto-current/master (6ae51ffe5e76 crypto: sha512 - remove imaginary and mystifying clearing of variables)
$ git merge crypto-current/master
Already up to date.
Merging vfio-fixes/for-linus (dc51ff91cf2d vfio/platform: fix module_put call in error flow)
$ git merge vfio-fixes/for-linus
Already up to date.
Merging kselftest-fixes/fixes (6880fa6c5660 Linux 5.15-rc1)
$ git merge kselftest-fixes/fixes
Already up to date.
Merging modules-fixes/modules-linus (055f23b74b20 module: check for exit sections in layout_sections() instead of module_init_section())
$ git merge modules-fixes/modules-linus
Already up to date.
Merging dmaengine-fixes/fixes (6880fa6c5660 Linux 5.15-rc1)
$ git merge dmaengine-fixes/fixes
Already up to date.
Merging backlight-fixes/for-backlight-fixes (a38fd8748464 Linux 5.12-rc2)
$ git merge backlight-fixes/for-backlight-fixes
Already up to date.
Merging mtd-fixes/mtd/fixes (b48027083a78 mtd: rawnand: Fix probe failure due to of_get_nand_secure_regions())
$ git merge mtd-fixes/mtd/fixes
Already up to date.
Merging mfd-fixes/for-mfd-fixes (a61f4661fba4 mfd: intel_quark_i2c_gpio: Revert "Constify static struct resources")
$ git merge mfd-fixes/for-mfd-fixes
Already up to date.
Merging v4l-dvb-fixes/fixes (3ad02c27d89d media: s5p-jpeg: rename JPEG marker constants to prevent build warnings)
$ git merge v4l-dvb-fixes/fixes
Merge made by the 'recursive' strategy.
 drivers/media/platform/s5p-jpeg/jpeg-core.c       | 18 +++++++--------
 drivers/media/platform/s5p-jpeg/jpeg-core.h       | 28 +++++++++++------------
 drivers/staging/media/hantro/hantro_drv.c         |  2 +-
 drivers/staging/media/sunxi/cedrus/cedrus_video.c |  2 +-
 4 files changed, 25 insertions(+), 25 deletions(-)
Merging reset-fixes/reset/fixes (ed104ca4bd9c reset: reset-zynqmp: Fixed the argument data type)
$ git merge reset-fixes/reset/fixes
Already up to date.
Merging mips-fixes/mips-fixes (6880fa6c5660 Linux 5.15-rc1)
$ git merge mips-fixes/mips-fixes
Already up to date.
Merging at91-fixes/at91-fixes (6efb943b8616 Linux 5.13-rc1)
$ git merge at91-fixes/at91-fixes
Already up to date.
Merging omap-fixes/fixes (e879f855e590 bus: ti-sysc: Add break in switch statement in sysc_init_soc())
$ git merge omap-fixes/fixes
Auto-merging drivers/bus/ti-sysc.c
Merge made by the 'recursive' strategy.
 drivers/bus/ti-sysc.c | 1 +
 1 file changed, 1 insertion(+)
Merging kvm-fixes/master (7d2a07b76933 Linux 5.14)
$ git merge kvm-fixes/master
Already up to date.
Merging kvms390-fixes/master (cd4220d23bf3 KVM: selftests: do not require 64GB in set_memory_region_test)
$ git merge kvms390-fixes/master
Already up to date.
Merging hwmon-fixes/hwmon (23c69b90365c hwmon: (k10temp) Remove residues of current and voltage)
$ git merge hwmon-fixes/hwmon
Merge made by the 'recursive' strategy.
 Documentation/hwmon/k10temp.rst | 17 -----------------
 drivers/hwmon/k10temp.c         |  6 ------
 2 files changed, 23 deletions(-)
Merging nvdimm-fixes/libnvdimm-fixes (32b2397c1e56 libnvdimm/pmem: Fix crash triggered when I/O in-flight during unbind)
$ git merge nvdimm-fixes/libnvdimm-fixes
Already up to date.
Merging cxl-fixes/fixes (fae8817ae804 cxl/mem: Fix memory device capacity probing)
$ git merge cxl-fixes/fixes
Already up to date.
Merging btrfs-fixes/next-fixes (7f6fe94c91a4 Merge branch 'misc-5.15' into next-fixes)
$ git merge btrfs-fixes/next-fixes
Already up to date.
Merge made by the 'recursive' strategy.
Merging vfs-fixes/fixes (173e84953eaa fs: fix reporting supported extra file attributes for statx())
$ git merge vfs-fixes/fixes
Auto-merging fs/stat.c
Merge made by the 'recursive' strategy.
Merging dma-mapping-fixes/for-linus (18a3c5f7abfd Merge tag 'for_linus' of git://git.kernel.org/pub/scm/linux/kernel/git/mst/vhost)
$ git merge dma-mapping-fixes/for-linus
Already up to date.
Merging i3c-fixes/i3c/fixes (fe07bfda2fb9 Linux 5.12-rc1)
$ git merge i3c-fixes/i3c/fixes
Already up to date.
Merging drivers-x86-fixes/fixes (196159d278ae platform/x86: touchscreen_dmi: Update info for the Chuwi Hi10 Plus (CWI527) tablet)
$ git merge drivers-x86-fixes/fixes
Merge made by the 'recursive' strategy.
 drivers/platform/x86/intel/punit_ipc.c |  3 +-
 drivers/platform/x86/lg-laptop.c       |  2 +-
 drivers/platform/x86/touchscreen_dmi.c | 54 +++++++++++++++++++++++++++++++---
 3 files changed, 52 insertions(+), 7 deletions(-)
Merging samsung-krzk-fixes/fixes (6880fa6c5660 Linux 5.15-rc1)
$ git merge samsung-krzk-fixes/fixes
Already up to date.
Merging pinctrl-samsung-fixes/fixes (6880fa6c5660 Linux 5.15-rc1)
$ git merge pinctrl-samsung-fixes/fixes
Already up to date.
Merging devicetree-fixes/dt/linus (094b147c7662 spi: dt-bindings: xilinx: Drop type reference on *-bits properties)
$ git merge devicetree-fixes/dt/linus
Already up to date.
Merging scsi-fixes/fixes (02c6dcd543f8 scsi: core: Fix hang of freezing queue between blocking and running device)
$ git merge scsi-fixes/fixes
Already up to date.
Merging drm-fixes/drm-fixes (7d2a07b76933 Linux 5.14)
$ git merge drm-fixes/drm-fixes
Already up to date.
Merging amdgpu-fixes/drm-fixes (2c409ba81be2 drm/radeon: fix si_enable_smc_cac() failed issue)
$ git merge amdgpu-fixes/drm-fixes
Already up to date.
Merging drm-intel-fixes/for-linux-next-fixes (7d2a07b76933 Linux 5.14)
$ git merge drm-intel-fixes/for-linux-next-fixes
Already up to date.
Merging mmc-fixes/fixes (b81bede4d138 mmc: renesas_sdhi: fix regression with hard reset on old SDHIs)
$ git merge mmc-fixes/fixes
Merge made by the 'recursive' strategy.
 drivers/mmc/host/dw_mmc.c            | 15 ++++++++++++---
 drivers/mmc/host/renesas_sdhi_core.c |  2 ++
 2 files changed, 14 insertions(+), 3 deletions(-)
Merging rtc-fixes/rtc-fixes (bd33335aa93d rtc: cmos: Disable irq around direct invocation of cmos_interrupt())
$ git merge rtc-fixes/rtc-fixes
Auto-merging drivers/rtc/rtc-cmos.c
Merge made by the 'recursive' strategy.
 drivers/rtc/rtc-cmos.c | 2 ++
 1 file changed, 2 insertions(+)
Merging gnss-fixes/gnss-linus (e73f0f0ee754 Linux 5.14-rc1)
$ git merge gnss-fixes/gnss-linus
Already up to date.
Merging hyperv-fixes/hyperv-fixes (dfb5c1e12c28 x86/hyperv: remove on-stack cpumask from hv_send_ipi_mask_allbutself)
$ git merge hyperv-fixes/hyperv-fixes
Auto-merging include/asm-generic/mshyperv.h
Merge made by the 'recursive' strategy.
 arch/x86/hyperv/hv_apic.c      | 43 +++++++++++++++++++++++++-----------------
 drivers/hv/ring_buffer.c       |  1 +
 include/asm-generic/mshyperv.h | 21 +++++++++++++++++++--
 3 files changed, 46 insertions(+), 19 deletions(-)
Merging soc-fsl-fixes/fix (c1e64c0aec8c soc: fsl: qe: fix static checker warning)
$ git merge soc-fsl-fixes/fix
Already up to date.
Merging risc-v-fixes/fixes (7d2a07b76933 Linux 5.14)
$ git merge risc-v-fixes/fixes
Already up to date.
Merging pidfd-fixes/fixes (03ba0fe4d09f file: simplify logic in __close_range())
$ git merge pidfd-fixes/fixes
Already up to date.
Merging fpga-fixes/fixes (1d345c3e5941 fpga: machxo2-spi: Fix missing error code in machxo2_write_complete())
$ git merge fpga-fixes/fixes
Merge made by the 'recursive' strategy.
 drivers/fpga/machxo2-spi.c | 6 +++++-
 1 file changed, 5 insertions(+), 1 deletion(-)
Merging spdx/spdx-linus (6880fa6c5660 Linux 5.15-rc1)
$ git merge spdx/spdx-linus
Already up to date.
Merging gpio-brgl-fixes/gpio/for-current (6880fa6c5660 Linux 5.15-rc1)
$ git merge gpio-brgl-fixes/gpio/for-current
Already up to date.
Merging gpio-intel-fixes/fixes (6880fa6c5660 Linux 5.15-rc1)
$ git merge gpio-intel-fixes/fixes
Already up to date.
Merging pinctrl-intel-fixes/fixes (6880fa6c5660 Linux 5.15-rc1)
$ git merge pinctrl-intel-fixes/fixes
Already up to date.
Merging erofs-fixes/fixes (0852b6ca941e erofs: fix 1 lcluster-sized pcluster for big pcluster)
$ git merge erofs-fixes/fixes
Already up to date.
Merging integrity-fixes/fixes (843385694721 evm: Fix a small race in init_desc())
$ git merge integrity-fixes/fixes
Already up to date.
Merging kunit-fixes/kunit-fixes (6880fa6c5660 Linux 5.15-rc1)
$ git merge kunit-fixes/kunit-fixes
Already up to date.
Merging ubifs-fixes/fixes (78c7d49f55d8 ubifs: journal: Make sure to not dirty twice for auth nodes)
$ git merge ubifs-fixes/fixes
Already up to date.
Merging memblock-fixes/fixes (024591f9a6e0 arm: ioremap: don't abuse pfn_valid() to check if pfn is in RAM)
$ git merge memblock-fixes/fixes
Already up to date.
Merging cel-fixes/for-rc (9f4ad9e425a1 Linux 5.12)
$ git merge cel-fixes/for-rc
Already up to date.
Merging irqchip-fixes/irq/irqchip-fixes (0ddc5e55e6f1 Documentation: Fix irq-domain.rst build warning)
$ git merge irqchip-fixes/irq/irqchip-fixes
Merge made by the 'recursive' strategy.
 Documentation/core-api/irq/irq-domain.rst | 5 +++--
 1 file changed, 3 insertions(+), 2 deletions(-)
Merging renesas-fixes/fixes (432b52eea3dc ARM: shmobile: defconfig: Restore graphical consoles)
$ git merge renesas-fixes/fixes
Already up to date.
Merging drm-misc-fixes/for-linux-next-fixes (c8704b7ec182 drm/kmb: Enable alpha blended second plane)
$ git merge drm-misc-fixes/for-linux-next-fixes
Auto-merging drivers/gpu/drm/ttm/ttm_bo.c
Auto-merging drivers/gpu/drm/kmb/kmb_drv.c
Merge made by the 'recursive' strategy.
 drivers/gpu/drm/kmb/kmb_drv.c   |  8 ++--
 drivers/gpu/drm/kmb/kmb_drv.h   |  5 +++
 drivers/gpu/drm/kmb/kmb_plane.c | 81 ++++++++++++++++++++++++++++++++++++-----
 drivers/gpu/drm/kmb/kmb_plane.h |  5 ++-
 drivers/gpu/drm/kmb/kmb_regs.h  |  3 ++
 5 files changed, 87 insertions(+), 15 deletions(-)
Merging kspp-gustavo/for-next/kspp (27f8b47f2e25 Merge branch 'for-next/clang-fallthrough' into for-next/kspp)
$ git merge kspp-gustavo/for-next/kspp
Auto-merging Makefile
Merge made by the 'recursive' strategy.
 Makefile                                              | 8 ++++++++
 arch/mips/alchemy/devboards/db1550.c                  | 1 +
 arch/mips/kernel/uprobes.c                            | 1 +
 drivers/net/ethernet/netronome/nfp/nfp_net_repr.c     | 3 +--
 drivers/net/wireless/broadcom/brcm80211/brcmfmac/of.c | 2 +-
 drivers/pcmcia/db1xxx_ss.c                            | 1 +
 drivers/scsi/st.c                                     | 1 +
 include/linux/platform_data/brcmfmac.h                | 2 +-
 8 files changed, 15 insertions(+), 4 deletions(-)
Merging kbuild/for-next (860091ee86e6 riscv: move the (z)install rules to arch/riscv/Makefile)
$ git merge kbuild/for-next
Auto-merging arch/arm64/lib/Makefile
Auto-merging Makefile
Merge made by the 'recursive' strategy.
 Makefile                                    |  2 +-
 arch/arm64/lib/Makefile                     |  2 +
 arch/nds32/Makefile                         |  2 +
 arch/nios2/Makefile                         |  3 +-
 arch/nios2/boot/Makefile                    |  3 --
 arch/powerpc/lib/Makefile                   |  2 +
 crypto/Makefile                             |  2 +
 lib/raid6/Makefile                          |  4 ++
 scripts/Makefile.build                      | 63 ++++++++++++++++-------------
 scripts/Makefile.lib                        | 11 -----
 scripts/checkkconfigsymbols.py              |  3 ++
 scripts/clang-tools/gen_compile_commands.py |  1 +
 12 files changed, 55 insertions(+), 43 deletions(-)
Merging compiler-attributes/compiler-attributes (b83a908498d6 compiler_attributes.h: move __compiletime_{error|warning})
$ git merge compiler-attributes/compiler-attributes
Already up to date.
Merging dma-mapping/for-next (510e1a724ab1 dma-debug: prevent an error message from causing runtime problems)
$ git merge dma-mapping/for-next
Merge made by the 'recursive' strategy.
 kernel/dma/debug.c   | 3 ++-
 kernel/dma/mapping.c | 3 ++-
 2 files changed, 4 insertions(+), 2 deletions(-)
Merging asm-generic/master (8f76f9c46952 bitops/non-atomic: make @nr unsigned to avoid any DIV)
$ git merge asm-generic/master
Already up to date.
Merging arc/for-next (6880fa6c5660 Linux 5.15-rc1)
$ git merge arc/for-next
Already up to date.
Merging arm/for-next (1c9b5911f53b Merge branches 'fixes' and 'misc' into for-next)
$ git merge arm/for-next
Already up to date.
Merge made by the 'recursive' strategy.
Merging arm64/for-next/core (85f58eb18898 arm64: kdump: Skip kmemleak scan reserved memory for kdump)
$ git merge arm64/for-next/core
Already up to date.
Merging arm-perf/for-next/perf (fd264b310579 arm64/perf: Replace '0xf' instances with ID_AA64DFR0_PMUVER_IMP_DEF)
$ git merge arm-perf/for-next/perf
Already up to date.
Merging arm-soc/for-next (5e115b419d2b soc: document merges)
$ git merge arm-soc/for-next
Merge made by the 'recursive' strategy.
 .../devicetree/bindings/arm/rockchip.yaml          |  48 +-
 .../devicetree/bindings/arm/rockchip/pmu.yaml      |   2 +
 Documentation/devicetree/bindings/arm/xilinx.yaml  |   1 +
 arch/arm/arm-soc-for-next-contents.txt             | 150 ++++
 arch/arm64/boot/dts/rockchip/Makefile              |   6 +
 arch/arm64/boot/dts/rockchip/px30.dtsi             |  73 ++
 arch/arm64/boot/dts/rockchip/rk3308.dtsi           |  37 +
 arch/arm64/boot/dts/rockchip/rk3318-a95x-z2.dts    |   3 -
 arch/arm64/boot/dts/rockchip/rk3326-odroid-go2.dts |  16 +
 arch/arm64/boot/dts/rockchip/rk3328-roc-pc.dts     | 110 +++
 arch/arm64/boot/dts/rockchip/rk3328-rock64.dts     |   2 +-
 arch/arm64/boot/dts/rockchip/rk3328.dtsi           |   7 +-
 arch/arm64/boot/dts/rockchip/rk3368.dtsi           |   5 -
 .../boot/dts/rockchip/rk3399-gru-chromebook.dtsi   | 176 ++++
 .../boot/dts/rockchip/rk3399-gru-scarlet-dumo.dts  |  41 +
 .../boot/dts/rockchip/rk3399-gru-scarlet.dtsi      | 180 ++++
 arch/arm64/boot/dts/rockchip/rk3399-gru.dtsi       |   2 +-
 .../boot/dts/rockchip/rk3399-kobol-helios64.dts    |  36 +
 .../boot/dts/rockchip/rk3399-pinebook-pro.dts      |   6 +-
 .../arm64/boot/dts/rockchip/rk3399-roc-pc-plus.dts | 218 +++++
 arch/arm64/boot/dts/rockchip/rk3399-rock-pi-4.dtsi |  54 ++
 .../boot/dts/rockchip/rk3399-rock-pi-4a-plus.dts   |  14 +
 .../boot/dts/rockchip/rk3399-rock-pi-4b-plus.dts   |  47 ++
 arch/arm64/boot/dts/rockchip/rk3399-rockpro64.dtsi |  29 +
 arch/arm64/boot/dts/rockchip/rk3399.dtsi           |  46 +-
 arch/arm64/boot/dts/rockchip/rk3566-quartz64-a.dts | 497 +++++++++++
 arch/arm64/boot/dts/rockchip/rk3566.dtsi           |  20 +
 arch/arm64/boot/dts/rockchip/rk3568-evb1-v10.dts   | 313 +++++++
 arch/arm64/boot/dts/rockchip/rk3568-pinctrl.dtsi   |   9 +
 arch/arm64/boot/dts/rockchip/rk3568.dtsi           | 644 ++------------
 arch/arm64/boot/dts/rockchip/rk356x.dtsi           | 931 +++++++++++++++++++++
 arch/arm64/boot/dts/xilinx/Makefile                |   1 +
 arch/arm64/boot/dts/xilinx/zynqmp-clk-ccf.dtsi     |  13 +-
 arch/arm64/boot/dts/xilinx/zynqmp-zc1232-revA.dts  |  16 +-
 arch/arm64/boot/dts/xilinx/zynqmp-zc1254-revA.dts  |  16 +-
 arch/arm64/boot/dts/xilinx/zynqmp-zc1275-revA.dts  |  18 +-
 .../boot/dts/xilinx/zynqmp-zc1751-xm015-dc1.dts    | 298 ++++++-
 .../boot/dts/xilinx/zynqmp-zc1751-xm016-dc2.dts    | 342 +++++++-
 .../boot/dts/xilinx/zynqmp-zc1751-xm017-dc3.dts    |  49 +-
 .../boot/dts/xilinx/zynqmp-zc1751-xm018-dc4.dts    |  24 +-
 .../boot/dts/xilinx/zynqmp-zc1751-xm019-dc5.dts    | 330 +++++++-
 arch/arm64/boot/dts/xilinx/zynqmp-zcu100-revC.dts  | 264 +++++-
 .../arm64/boot/dts/xilinx/zynqmp-zcu102-rev1.1.dts |  15 +
 arch/arm64/boot/dts/xilinx/zynqmp-zcu102-revA.dts  | 320 ++++++-
 arch/arm64/boot/dts/xilinx/zynqmp-zcu102-revB.dts  |   3 +-
 arch/arm64/boot/dts/xilinx/zynqmp-zcu104-revA.dts  | 292 ++++++-
 arch/arm64/boot/dts/xilinx/zynqmp-zcu104-revC.dts  | 250 +++++-
 arch/arm64/boot/dts/xilinx/zynqmp-zcu106-revA.dts  | 340 +++++++-
 arch/arm64/boot/dts/xilinx/zynqmp-zcu111-revA.dts  | 274 +++++-
 arch/arm64/boot/dts/xilinx/zynqmp.dtsi             |  93 +-
 50 files changed, 5984 insertions(+), 697 deletions(-)
 create mode 100644 arch/arm/arm-soc-for-next-contents.txt
 create mode 100644 arch/arm64/boot/dts/rockchip/rk3328-roc-pc.dts
 create mode 100644 arch/arm64/boot/dts/rockchip/rk3399-gru-scarlet-dumo.dts
 create mode 100644 arch/arm64/boot/dts/rockchip/rk3399-roc-pc-plus.dts
 create mode 100644 arch/arm64/boot/dts/rockchip/rk3399-rock-pi-4a-plus.dts
 create mode 100644 arch/arm64/boot/dts/rockchip/rk3399-rock-pi-4b-plus.dts
 create mode 100644 arch/arm64/boot/dts/rockchip/rk3566-quartz64-a.dts
 create mode 100644 arch/arm64/boot/dts/rockchip/rk3566.dtsi
 create mode 100644 arch/arm64/boot/dts/rockchip/rk356x.dtsi
 create mode 100644 arch/arm64/boot/dts/xilinx/zynqmp-zcu102-rev1.1.dts
Merging actions/for-next (444d018d8d38 ARM: dts: owl-s500-roseapplepi: Add ATC2603C PMIC)
$ git merge actions/for-next
Auto-merging arch/arm/boot/dts/owl-s500-roseapplepi.dts
Merge made by the 'recursive' strategy.
Merging amlogic/for-next (faae6a457101 Merge branches 'v5.16/dt64' and 'v5.16/drivers' into for-next)
$ git merge amlogic/for-next
Merge made by the 'recursive' strategy.
 Documentation/devicetree/bindings/arm/amlogic.yaml |   1 +
 arch/arm64/boot/dts/amlogic/Makefile               |   1 +
 .../boot/dts/amlogic/meson-g12a-radxa-zero.dts     | 405 +++++++++++++++++++++
 arch/arm64/boot/dts/amlogic/meson-sm1-odroid.dtsi  |   4 +
 drivers/soc/amlogic/meson-canvas.c                 |   4 +-
 drivers/soc/amlogic/meson-clk-measure.c            |   4 +-
 drivers/soc/amlogic/meson-gx-socinfo.c             |   1 +
 7 files changed, 414 insertions(+), 6 deletions(-)
 create mode 100644 arch/arm64/boot/dts/amlogic/meson-g12a-radxa-zero.dts
Merging aspeed/for-next (0f32f00af344 Merge branches 'dt-for-v5.15', 'soc-for-v5.15' and 'defconfig-for-v5.15' into for-next)
$ git merge aspeed/for-next
Merge made by the 'recursive' strategy.
 arch/arm/boot/dts/aspeed-bmc-ibm-rainier.dts | 2 +-
 1 file changed, 1 insertion(+), 1 deletion(-)
Merging at91/at91-next (b102356e5bc1 Merge branch 'at91-dt' into at91-next)
$ git merge at91/at91-next
Already up to date.
Merge made by the 'recursive' strategy.
Merging drivers-memory/for-next (6880fa6c5660 Linux 5.15-rc1)
$ git merge drivers-memory/for-next
Already up to date.
Merging imx-mxs/for-next (2cb411d89676 Merge branch 'imx/defconfig' into for-next)
$ git merge imx-mxs/for-next
Already up to date.
Merge made by the 'recursive' strategy.
Merging keystone/next (cb293d3b430e Merge branch 'for_5.15/drivers-soc' into next)
$ git merge keystone/next
Already up to date.
Merge made by the 'recursive' strategy.
Merging mediatek/for-next (69862ae4e378 Merge branch 'v5.14-next/soc' into for-next)
$ git merge mediatek/for-next
Already up to date.
Merge made by the 'recursive' strategy.
Merging mvebu/for-next (930af8dda750 Merge branch 'mvebu/dt64' into mvebu/for-next)
$ git merge mvebu/for-next
Already up to date.
Merge made by the 'recursive' strategy.
Merging omap/for-next (7911f95d1713 Merge branch 'fixes' into for-next)
$ git merge omap/for-next
Already up to date.
Merge made by the 'recursive' strategy.
Merging qcom/for-next (e0f999d1bfc1 Merge branches 'arm64-for-5.16', 'drivers-for-5.16' and 'dts-for-5.16' into for-next)
$ git merge qcom/for-next
Auto-merging arch/arm/boot/dts/qcom-apq8064.dtsi
Merge made by the 'recursive' strategy.
 Documentation/devicetree/bindings/arm/cpus.yaml    |  3 +-
 Documentation/devicetree/bindings/arm/qcom.yaml    |  6 ++
 .../devicetree/bindings/power/qcom,rpmpd.yaml      |  1 +
 .../bindings/soc/qcom/qcom,aoss-qmp.yaml           |  1 +
 arch/arm/boot/dts/qcom-apq8064-asus-nexus7-flo.dts |  8 ++-
 arch/arm/boot/dts/qcom-apq8064.dtsi                |  7 +--
 arch/arm/mach-qcom/platsmp.c                       | 71 ++++++++++++++++++++++
 arch/arm64/boot/dts/qcom/sdm845.dtsi               |  4 +-
 drivers/soc/qcom/llcc-qcom.c                       | 16 +++++
 drivers/soc/qcom/rpmhpd.c                          | 16 +++++
 drivers/soc/qcom/socinfo.c                         |  2 +-
 include/dt-bindings/power/qcom-rpmpd.h             |  8 +++
 12 files changed, 134 insertions(+), 9 deletions(-)
Merging raspberrypi/for-next (9f5289ec6f1c ARM: dts: bcm2711-rpi-4-b: Fix usb's unit address)
$ git merge raspberrypi/for-next
Auto-merging arch/arm/boot/dts/Makefile
Merge made by the 'recursive' strategy.
 .../devicetree/bindings/arm/bcm/bcm2835.yaml       |   1 +
 .../bindings/display/brcm,bcm2835-dsi0.yaml        |   3 +
 .../bindings/display/brcm,bcm2835-hdmi.yaml        |   3 +
 .../bindings/display/brcm,bcm2835-v3d.yaml         |   3 +
 .../bindings/display/brcm,bcm2835-vec.yaml         |   3 +
 arch/arm/boot/dts/Makefile                         |   1 +
 arch/arm/boot/dts/bcm2711-rpi-4-b.dts              |  49 +++-----
 arch/arm/boot/dts/bcm2711-rpi-cm4-io.dts           | 138 +++++++++++++++++++++
 arch/arm/boot/dts/bcm2711-rpi-cm4.dtsi             | 113 +++++++++++++++++
 arch/arm/boot/dts/bcm2711.dtsi                     |  12 +-
 arch/arm/boot/dts/bcm2835-common.dtsi              |   8 ++
 arch/arm/boot/dts/bcm2835-rpi-zero-w.dts           |  31 ++---
 arch/arm/boot/dts/bcm2837-rpi-3-a-plus.dts         |  36 ++----
 arch/arm/boot/dts/bcm2837-rpi-3-b-plus.dts         |  36 ++----
 arch/arm/boot/dts/bcm2837-rpi-3-b.dts              |  36 ++----
 arch/arm/boot/dts/bcm283x-rpi-wifi-bt.dtsi         |  34 +++++
 arch/arm/boot/dts/bcm283x.dtsi                     |   8 --
 arch/arm64/boot/dts/broadcom/Makefile              |   1 +
 .../arm64/boot/dts/broadcom/bcm2711-rpi-cm4-io.dts |   2 +
 19 files changed, 366 insertions(+), 152 deletions(-)
 create mode 100644 arch/arm/boot/dts/bcm2711-rpi-cm4-io.dts
 create mode 100644 arch/arm/boot/dts/bcm2711-rpi-cm4.dtsi
 create mode 100644 arch/arm/boot/dts/bcm283x-rpi-wifi-bt.dtsi
 create mode 100644 arch/arm64/boot/dts/broadcom/bcm2711-rpi-cm4-io.dts
Merging renesas/next (cbbd8f16ae1c Merge branches 'renesas-arm-dt-for-v5.16', 'renesas-drivers-for-v5.16' and 'renesas-dt-bindings-for-v5.16' into renesas-next)
$ git merge renesas/next
Merge made by the 'recursive' strategy.
 Documentation/devicetree/bindings/arm/renesas.yaml |  61 ++
 arch/arm64/boot/dts/renesas/Makefile               |  24 +
 arch/arm64/boot/dts/renesas/draak.dtsi             | 683 ++++++++++++++++++
 arch/arm64/boot/dts/renesas/ebisu.dtsi             | 799 +++++++++++++++++++++
 arch/arm64/boot/dts/renesas/r8a77961.dtsi          |  11 +
 arch/arm64/boot/dts/renesas/r8a77990-ebisu.dts     | 788 +-------------------
 arch/arm64/boot/dts/renesas/r8a77995-draak.dts     | 671 +----------------
 arch/arm64/boot/dts/renesas/r8a779a0.dtsi          | 109 +++
 .../boot/dts/renesas/r8a779m0-salvator-xs.dts      |  53 ++
 arch/arm64/boot/dts/renesas/r8a779m0-ulcb-kf.dts   |  19 +
 arch/arm64/boot/dts/renesas/r8a779m0-ulcb.dts      |  53 ++
 arch/arm64/boot/dts/renesas/r8a779m0.dtsi          |  12 +
 .../boot/dts/renesas/r8a779m2-salvator-xs.dts      |  46 ++
 arch/arm64/boot/dts/renesas/r8a779m2-ulcb-kf.dts   |  18 +
 arch/arm64/boot/dts/renesas/r8a779m2-ulcb.dts      |  45 ++
 arch/arm64/boot/dts/renesas/r8a779m2.dtsi          |  12 +
 .../boot/dts/renesas/r8a779m4-salvator-xs.dts      |  36 +
 arch/arm64/boot/dts/renesas/r8a779m4-ulcb-kf.dts   |  19 +
 arch/arm64/boot/dts/renesas/r8a779m4-ulcb.dts      |  36 +
 arch/arm64/boot/dts/renesas/r8a779m4.dtsi          |  12 +
 .../boot/dts/renesas/r8a779m5-salvator-xs.dts      |  36 +
 arch/arm64/boot/dts/renesas/r8a779m5-ulcb-kf.dts   |  19 +
 arch/arm64/boot/dts/renesas/r8a779m5-ulcb.dts      |  36 +
 arch/arm64/boot/dts/renesas/r8a779m5.dtsi          |  12 +
 arch/arm64/boot/dts/renesas/r8a779m6-ebisu.dts     |  18 +
 arch/arm64/boot/dts/renesas/r8a779m6.dtsi          |  12 +
 arch/arm64/boot/dts/renesas/r8a779m7-draak.dts     |  19 +
 arch/arm64/boot/dts/renesas/r8a779m7.dtsi          |  12 +
 .../boot/dts/renesas/r8a779m8-salvator-xs.dts      |  53 ++
 arch/arm64/boot/dts/renesas/r8a779m8-ulcb-kf.dts   |  19 +
 arch/arm64/boot/dts/renesas/r8a779m8-ulcb.dts      |  52 ++
 arch/arm64/boot/dts/renesas/r8a779m8.dtsi          |  12 +
 arch/arm64/boot/dts/renesas/r9a07g044.dtsi         | 240 +++++++
 arch/arm64/boot/dts/renesas/rzg2l-smarc.dtsi       |  10 +
 drivers/soc/renesas/Kconfig                        |   7 +-
 drivers/soc/renesas/renesas-soc.c                  |   7 +
 36 files changed, 2612 insertions(+), 1459 deletions(-)
 create mode 100644 arch/arm64/boot/dts/renesas/draak.dtsi
 create mode 100644 arch/arm64/boot/dts/renesas/ebisu.dtsi
 create mode 100644 arch/arm64/boot/dts/renesas/r8a779m0-salvator-xs.dts
 create mode 100644 arch/arm64/boot/dts/renesas/r8a779m0-ulcb-kf.dts
 create mode 100644 arch/arm64/boot/dts/renesas/r8a779m0-ulcb.dts
 create mode 100644 arch/arm64/boot/dts/renesas/r8a779m0.dtsi
 create mode 100644 arch/arm64/boot/dts/renesas/r8a779m2-salvator-xs.dts
 create mode 100644 arch/arm64/boot/dts/renesas/r8a779m2-ulcb-kf.dts
 create mode 100644 arch/arm64/boot/dts/renesas/r8a779m2-ulcb.dts
 create mode 100644 arch/arm64/boot/dts/renesas/r8a779m2.dtsi
 create mode 100644 arch/arm64/boot/dts/renesas/r8a779m4-salvator-xs.dts
 create mode 100644 arch/arm64/boot/dts/renesas/r8a779m4-ulcb-kf.dts
 create mode 100644 arch/arm64/boot/dts/renesas/r8a779m4-ulcb.dts
 create mode 100644 arch/arm64/boot/dts/renesas/r8a779m4.dtsi
 create mode 100644 arch/arm64/boot/dts/renesas/r8a779m5-salvator-xs.dts
 create mode 100644 arch/arm64/boot/dts/renesas/r8a779m5-ulcb-kf.dts
 create mode 100644 arch/arm64/boot/dts/renesas/r8a779m5-ulcb.dts
 create mode 100644 arch/arm64/boot/dts/renesas/r8a779m5.dtsi
 create mode 100644 arch/arm64/boot/dts/renesas/r8a779m6-ebisu.dts
 create mode 100644 arch/arm64/boot/dts/renesas/r8a779m6.dtsi
 create mode 100644 arch/arm64/boot/dts/renesas/r8a779m7-draak.dts
 create mode 100644 arch/arm64/boot/dts/renesas/r8a779m7.dtsi
 create mode 100644 arch/arm64/boot/dts/renesas/r8a779m8-salvator-xs.dts
 create mode 100644 arch/arm64/boot/dts/renesas/r8a779m8-ulcb-kf.dts
 create mode 100644 arch/arm64/boot/dts/renesas/r8a779m8-ulcb.dts
 create mode 100644 arch/arm64/boot/dts/renesas/r8a779m8.dtsi
Merging reset/reset/next (09f3824342f6 reset: simple: remove ZTE details in Kconfig help)
$ git merge reset/reset/next
Already up to date.
Merging rockchip/for-next (d46148623f26 Merge branch 'v5.15-armsoc/dts64' into for-next)
$ git merge rockchip/for-next
Already up to date.
Merge made by the 'recursive' strategy.
Merging samsung-krzk/for-next (6880fa6c5660 Linux 5.15-rc1)
$ git merge samsung-krzk/for-next
Already up to date.
Merging scmi/for-linux-next (b1d6695c249e Merge branch 'for-next/scmi' of git://git.kernel.org/pub/scm/linux/kernel/git/sudeep.holla/linux into for-linux-next)
$ git merge scmi/for-linux-next
Merge made by the 'recursive' strategy.
 arch/arm64/boot/dts/arm/fvp-base-revc.dts | 12 ------------
 drivers/firmware/arm_scmi/Kconfig         |  2 +-
 2 files changed, 1 insertion(+), 13 deletions(-)
Merging stm32/stm32-next (1e6bc5987a52 ARM: dts: stm32: Update AV96 adv7513 node per dtbs_check)
$ git merge stm32/stm32-next
Already up to date.
Merging sunxi/sunxi/for-next (bb289f4c0b2b Merge branches 'sunxi/clk-for-5.16', 'sunxi/core-for-5.16', 'sunxi/drivers-for-5.16', 'sunxi/dt-for-5.16' and 'sunxi/fixes-for-5.15' into sunxi/for-next)
$ git merge sunxi/sunxi/for-next
Merge made by the 'recursive' strategy.
 .../arm/sunxi/allwinner,sun6i-a31-cpuconfig.yaml   | 38 +++++++++
 .../arm/sunxi/allwinner,sun9i-a80-prcm.yaml        | 33 ++++++++
 .../clock/allwinner,sun8i-a83t-de2-clk.yaml        |  2 +-
 arch/arm/boot/dts/axp209.dtsi                      |  6 +-
 arch/arm/boot/dts/axp22x.dtsi                      |  6 +-
 arch/arm/boot/dts/axp81x.dtsi                      | 10 +--
 arch/arm/boot/dts/sun4i-a10-olinuxino-lime.dts     | 11 ++-
 arch/arm/boot/dts/sun4i-a10.dtsi                   | 11 ++-
 arch/arm/boot/dts/sun5i-a13.dtsi                   | 15 ++--
 arch/arm/boot/dts/sun6i-a31.dtsi                   | 44 +++++-----
 arch/arm/boot/dts/sun7i-a20-bananapi.dts           | 17 ++--
 arch/arm/boot/dts/sun7i-a20.dtsi                   | 34 ++++----
 arch/arm/boot/dts/sun8i-a33.dtsi                   |  4 +-
 arch/arm/boot/dts/sun8i-a83t-tbs-a711.dts          |  2 +-
 arch/arm/boot/dts/sun8i-a83t.dtsi                  |  4 +-
 arch/arm/boot/dts/sun8i-h3.dtsi                    |  4 +-
 arch/arm/boot/dts/sun8i-v3-sl631.dtsi              |  2 +-
 arch/arm/boot/dts/sun9i-a80-cubieboard4.dts        |  2 +-
 arch/arm/boot/dts/sunxi-libretech-all-h3-it.dtsi   |  2 +-
 arch/arm/mach-sunxi/platsmp.c                      |  4 +-
 arch/arm/mach-sunxi/sunxi.c                        |  4 +-
 arch/arm64/boot/dts/allwinner/axp803.dtsi          | 10 +--
 arch/arm64/boot/dts/allwinner/sun50i-a100.dtsi     |  6 +-
 .../boot/dts/allwinner/sun50i-a64-cpu-opp.dtsi     |  2 +-
 .../boot/dts/allwinner/sun50i-a64-orangepi-win.dts |  2 +-
 .../boot/dts/allwinner/sun50i-a64-pinetab.dts      |  2 +-
 .../boot/dts/allwinner/sun50i-a64-teres-i.dts      |  3 +-
 .../boot/dts/allwinner/sun50i-h5-cpu-opp.dtsi      |  2 +-
 .../boot/dts/allwinner/sun50i-h5-nanopi-neo2.dts   |  2 +-
 arch/arm64/boot/dts/allwinner/sun50i-h5.dtsi       |  2 +-
 .../boot/dts/allwinner/sun50i-h6-cpu-opp.dtsi      |  2 +-
 arch/arm64/boot/dts/allwinner/sun50i-h6.dtsi       |  8 +-
 drivers/clk/sunxi-ng/Kconfig                       |  1 +
 drivers/clk/sunxi-ng/ccu-sun4i-a10.c               |  2 +-
 drivers/clk/sunxi-ng/ccu-sun50i-a100-r.c           |  3 +-
 drivers/clk/sunxi-ng/ccu-sun50i-a100.c             |  3 +-
 drivers/clk/sunxi-ng/ccu-sun50i-a64.c              |  7 +-
 drivers/clk/sunxi-ng/ccu-sun50i-h6-r.c             |  2 +-
 drivers/clk/sunxi-ng/ccu-sun50i-h6.c               |  7 +-
 drivers/clk/sunxi-ng/ccu-sun50i-h616.c             |  4 +-
 drivers/clk/sunxi-ng/ccu-sun5i.c                   |  2 +-
 drivers/clk/sunxi-ng/ccu-sun6i-a31.c               |  2 +-
 drivers/clk/sunxi-ng/ccu-sun8i-a23.c               |  2 +-
 drivers/clk/sunxi-ng/ccu-sun8i-a33.c               |  2 +-
 drivers/clk/sunxi-ng/ccu-sun8i-a83t.c              |  7 +-
 drivers/clk/sunxi-ng/ccu-sun8i-de2.c               |  6 +-
 drivers/clk/sunxi-ng/ccu-sun8i-h3.c                |  2 +-
 drivers/clk/sunxi-ng/ccu-sun8i-r.c                 |  2 +-
 drivers/clk/sunxi-ng/ccu-sun8i-r40.c               |  7 +-
 drivers/clk/sunxi-ng/ccu-sun8i-v3s.c               |  2 +-
 drivers/clk/sunxi-ng/ccu-sun9i-a80-de.c            |  8 +-
 drivers/clk/sunxi-ng/ccu-sun9i-a80-usb.c           |  7 +-
 drivers/clk/sunxi-ng/ccu-sun9i-a80.c               |  7 +-
 drivers/clk/sunxi-ng/ccu-suniv-f1c100s.c           |  2 +-
 drivers/clk/sunxi-ng/ccu_common.c                  | 96 ++++++++++++++++++----
 drivers/clk/sunxi-ng/ccu_common.h                  |  6 +-
 drivers/clk/sunxi-ng/ccu_mux.h                     |  1 -
 drivers/clk/sunxi/clk-mod0.c                       |  4 +-
 drivers/clk/sunxi/clk-sun6i-apb0-gates.c           |  4 +-
 drivers/clk/sunxi/clk-sun6i-apb0.c                 |  4 +-
 drivers/clk/sunxi/clk-sun6i-ar100.c                |  4 +-
 drivers/clk/sunxi/clk-sun8i-apb0.c                 |  4 +-
 drivers/soc/sunxi/sunxi_sram.c                     |  4 +-
 63 files changed, 304 insertions(+), 206 deletions(-)
 create mode 100644 Documentation/devicetree/bindings/arm/sunxi/allwinner,sun6i-a31-cpuconfig.yaml
 create mode 100644 Documentation/devicetree/bindings/arm/sunxi/allwinner,sun9i-a80-prcm.yaml
Merging tegra/for-next (cc701ccede61 Merge branch for-5.15/arm64/dt into for-next)
$ git merge tegra/for-next
Already up to date.
Merge made by the 'recursive' strategy.
Merging ti-k3/ti-k3-next (1e3d655fe7b4 Merge branch 'ti-k3-config-next' into ti-k3-next)
$ git merge ti-k3/ti-k3-next
Already up to date.
Merge made by the 'recursive' strategy.
Merging ti-k3-new/ti-k3-next (c1fa5ac6c2f4 arm64: dts: ti: k3-am642-sk: Add pwm nodes)
$ git merge ti-k3-new/ti-k3-next
Already up to date.
Merging xilinx/for-next (4d7e3c8de98e Merge branch 'zynqmp/dt' of https://github.com/Xilinx/linux-xlnx into for-next)
$ git merge xilinx/for-next
Already up to date.
Merge made by the 'recursive' strategy.
Merging clk/clk-next (6880fa6c5660 Linux 5.15-rc1)
$ git merge clk/clk-next
Already up to date.
Merging clk-imx/for-next (86842d255b45 clk: imx8mn: Add M7 core clock)
$ git merge clk-imx/for-next
Already up to date.
Merging clk-renesas/renesas-clk (e8425dd55abb clk: renesas: Make CLK_R9A06G032 invisible)
$ git merge clk-renesas/renesas-clk
Already up to date.
Merging clk-samsung/for-next (1d26eaeec37a clk: samsung: s5pv210-audss: Make use of devm_platform_ioremap_resource())
$ git merge clk-samsung/for-next
Merge made by the 'recursive' strategy.
 drivers/clk/samsung/clk-exynos-audss.c   | 4 +---
 drivers/clk/samsung/clk-exynos4412-isp.c | 4 +---
 drivers/clk/samsung/clk-exynos5433.c     | 4 +---
 drivers/clk/samsung/clk-s5pv210-audss.c  | 4 +---
 4 files changed, 4 insertions(+), 12 deletions(-)
Merging csky/linux-next (90dc8c0e664e csky: Kconfig: Remove unused selects)
$ git merge csky/linux-next
Already up to date.
Merging h8300/h8300-next (1ec10274d436 h8300: don't implement set_fs)
$ git merge h8300/h8300-next
Auto-merging drivers/tty/serial/sh-sci.c
Auto-merging drivers/net/ethernet/smsc/smc91x.c
Auto-merging drivers/net/ethernet/smsc/Kconfig
Removing arch/h8300/mm/memory.c
Auto-merging arch/h8300/mm/init.c
Auto-merging arch/h8300/kernel/setup.c
Removing arch/h8300/include/asm/segment.h
Auto-merging arch/h8300/Kconfig.cpu
Merge made by the 'recursive' strategy.
 arch/h8300/Kconfig                      |  1 -
 arch/h8300/Kconfig.cpu                  |  4 ++
 arch/h8300/boot/dts/edosk2674.dts       | 10 ++++-
 arch/h8300/boot/dts/h8300h_sim.dts      |  2 +-
 arch/h8300/boot/dts/h8s_sim.dts         |  2 +-
 arch/h8300/configs/edosk2674_defconfig  | 10 ++---
 arch/h8300/configs/h8300h-sim_defconfig |  8 +---
 arch/h8300/configs/h8s-sim_defconfig    |  8 +---
 arch/h8300/include/asm/processor.h      |  1 -
 arch/h8300/include/asm/segment.h        | 40 --------------------
 arch/h8300/include/asm/thread_info.h    |  3 --
 arch/h8300/kernel/entry.S               |  1 -
 arch/h8300/kernel/head_ram.S            |  1 -
 arch/h8300/kernel/setup.c               |  2 +-
 arch/h8300/lib/memset.S                 | 17 +++++----
 arch/h8300/mm/Makefile                  |  2 +-
 arch/h8300/mm/init.c                    |  6 ---
 arch/h8300/mm/memory.c                  | 53 --------------------------
 drivers/clocksource/h8300_timer8.c      | 20 +++++-----
 drivers/irqchip/irq-renesas-h8300h.c    | 19 +++++++++-
 drivers/irqchip/irq-renesas-h8s.c       | 67 +++++++++++++++++++++++++--------
 drivers/net/ethernet/smsc/Kconfig       |  1 -
 drivers/net/ethernet/smsc/smc91x.c      | 10 +++++
 drivers/tty/serial/sh-sci.c             |  5 +--
 24 files changed, 124 insertions(+), 169 deletions(-)
 delete mode 100644 arch/h8300/include/asm/segment.h
 delete mode 100644 arch/h8300/mm/memory.c
Merging m68k/for-next (a7b68ed15d1f m68k: mvme: Remove overdue #warnings in RTC handling)
$ git merge m68k/for-next
Already up to date.
Merging m68knommu/for-next (6880fa6c5660 Linux 5.15-rc1)
$ git merge m68knommu/for-next
Already up to date.
Merging microblaze/next (315511166469 microblaze: move core-y in arch/microblaze/Makefile to arch/microblaze/Kbuild)
$ git merge microblaze/next
Already up to date.
Merging mips/mips-next (6880fa6c5660 Linux 5.15-rc1)
$ git merge mips/mips-next
Already up to date.
Merging nds32/next (07cd7745c6f2 nds32/setup: remove unused memblock_region variable in setup_memory())
$ git merge nds32/next
Auto-merging arch/nds32/Makefile
Auto-merging arch/nds32/Kconfig
CONFLICT (content): Merge conflict in arch/nds32/Kconfig
Resolved 'arch/nds32/Kconfig' using previous resolution.
Automatic merge failed; fix conflicts and then commit the result.
$ git commit --no-edit -v -a
[master 09f37119b17d] Merge remote-tracking branch 'nds32/next'
$ git diff -M --stat --summary HEAD^..
 arch/nds32/Kbuild   | 3 +++
 arch/nds32/Kconfig  | 4 +++-
 arch/nds32/Makefile | 3 ---
 3 files changed, 6 insertions(+), 4 deletions(-)
Merging nios2/for-next (7f7bc20bc41a nios2: Don't use _end for calculating min_low_pfn)
$ git merge nios2/for-next
Already up to date.
Merging openrisc/for-next (1955d843efc3 openrisc/litex: Update defconfig)
$ git merge openrisc/for-next
Already up to date.
Merging parisc-hd/for-next (1530bf2852cc Define and export PAGE0 in vmlinux.lds.S linker script)
$ git merge parisc-hd/for-next
Merge made by the 'recursive' strategy.
 arch/parisc/boot/compressed/misc.c        |  2 +-
 arch/parisc/boot/compressed/vmlinux.lds.S |  3 +++
 arch/parisc/include/asm/page.h            |  5 +++--
 arch/parisc/kernel/drivers.c              |  4 ++--
 arch/parisc/kernel/firmware.c             | 18 +++++++++---------
 arch/parisc/kernel/inventory.c            |  6 +++---
 arch/parisc/kernel/kexec.c                |  2 +-
 arch/parisc/kernel/kexec_file.c           |  2 +-
 arch/parisc/kernel/pdc_cons.c             |  4 ++--
 arch/parisc/kernel/processor.c            |  2 +-
 arch/parisc/kernel/setup.c                |  2 +-
 arch/parisc/kernel/smp.c                  |  4 ++--
 arch/parisc/kernel/time.c                 |  6 +++---
 arch/parisc/kernel/vmlinux.lds.S          |  3 +++
 arch/parisc/mm/init.c                     |  2 +-
 drivers/parisc/sba_iommu.c                | 10 +++++-----
 drivers/video/console/sticon.c            |  2 +-
 drivers/video/console/sticore.c           |  2 +-
 18 files changed, 43 insertions(+), 36 deletions(-)
Merging powerpc/next (a3314262eede Merge branch 'fixes' into next)
$ git merge powerpc/next
Already up to date.
Merging soc-fsl/next (242b0b398ccd soc: fsl: enable acpi support in RCPM driver)
$ git merge soc-fsl/next
Already up to date.
Merging risc-v/for-next (6f55ab36bef5 riscv: Move EXCEPTION_TABLE to RO_DATA segment)
$ git merge risc-v/for-next
Already up to date.
Merging s390/for-next (6880fa6c5660 Linux 5.15-rc1)
$ git merge s390/for-next
Already up to date.
Merging sh/for-next (2882b7626f49 sh: kernel: traps: remove unused variable)
$ git merge sh/for-next
Auto-merging drivers/sh/maple/maple.c
Merge made by the 'recursive' strategy.
 arch/sh/boards/mach-landisk/irq.c  |  4 ++--
 arch/sh/boot/Makefile              |  4 ++--
 arch/sh/boot/compressed/.gitignore |  5 -----
 arch/sh/boot/compressed/Makefile   | 32 +++++++++++++-------------------
 arch/sh/boot/compressed/ashiftrt.S |  2 ++
 arch/sh/boot/compressed/ashldi3.c  |  2 ++
 arch/sh/boot/compressed/ashlsi3.S  |  2 ++
 arch/sh/boot/compressed/ashrsi3.S  |  2 ++
 arch/sh/boot/compressed/lshrsi3.S  |  2 ++
 arch/sh/include/asm/checksum_32.h  |  5 +++--
 arch/sh/include/asm/uaccess.h      |  4 ++--
 arch/sh/kernel/cpu/sh4a/smp-shx3.c |  5 +++--
 arch/sh/kernel/crash_dump.c        |  4 ++--
 arch/sh/kernel/traps_32.c          |  8 ++++----
 arch/sh/math-emu/math.c            |  4 ++--
 arch/sh/mm/nommu.c                 |  4 ++--
 drivers/sh/maple/maple.c           |  5 ++++-
 17 files changed, 49 insertions(+), 45 deletions(-)
 create mode 100644 arch/sh/boot/compressed/ashiftrt.S
 create mode 100644 arch/sh/boot/compressed/ashldi3.c
 create mode 100644 arch/sh/boot/compressed/ashlsi3.S
 create mode 100644 arch/sh/boot/compressed/ashrsi3.S
 create mode 100644 arch/sh/boot/compressed/lshrsi3.S
Merging sparc-next/master (dd0d718152e4 Merge tag 'spi-fix-v5.8-rc2' of git://git.kernel.org/pub/scm/linux/kernel/git/broonie/spi)
$ git merge sparc-next/master
Already up to date.
Merging uml/linux-next (234640275675 um: rename set_signals() to um_set_signals())
$ git merge uml/linux-next
Merge made by the 'recursive' strategy.
 arch/um/include/asm/delay.h      | 4 ++--
 arch/um/include/asm/irqflags.h   | 4 ++--
 arch/um/include/shared/longjmp.h | 2 +-
 arch/um/include/shared/os.h      | 4 ++--
 arch/um/kernel/ksyms.c           | 2 +-
 arch/um/os-Linux/sigio.c         | 6 +++---
 arch/um/os-Linux/signal.c        | 8 ++++----
 7 files changed, 15 insertions(+), 15 deletions(-)
Merging xtensa/xtensa-for-next (7b7cec477fc3 xtensa: move core-y in arch/xtensa/Makefile to arch/xtensa/Kbuild)
$ git merge xtensa/xtensa-for-next
Already up to date.
Merging pidfd/for-next (f4dd02cd8631 Merge branch 'kernel.sys' into for-next)
$ git merge pidfd/for-next
Already up to date.
Merge made by the 'recursive' strategy.
Merging fscrypt/master (38ef66b05cfa fscrypt: document struct fscrypt_operations)
$ git merge fscrypt/master
Already up to date.
Merging fscache/fscache-next (20ec197bfa13 fscache: Use refcount_t for the cookie refcount instead of atomic_t)
$ git merge fscache/fscache-next
Already up to date.
Merging afs/afs-next (7af08140979a Revert "gcov: clang: fix clang-11+ build")
$ git merge afs/afs-next
Already up to date.
Merging btrfs/for-next (e51480e6f4f8 Merge branch 'for-next-next-v5.15-20210913' into for-next-20210913)
$ git merge btrfs/for-next
Merge made by the 'recursive' strategy.
 fs/btrfs/block-group.c      |   51 ++-
 fs/btrfs/block-group.h      |    4 +
 fs/btrfs/ctree.h            |   25 +-
 fs/btrfs/disk-io.c          |   35 +-
 fs/btrfs/extent-tree.c      |  265 ++++++++----
 fs/btrfs/extent_io.c        |  126 ++++--
 fs/btrfs/extent_io.h        |    4 +-
 fs/btrfs/file-item.c        |   13 +-
 fs/btrfs/file.c             |    2 +-
 fs/btrfs/free-space-cache.c |   18 +-
 fs/btrfs/inode.c            |   43 +-
 fs/btrfs/ioctl.c            | 1005 ++++++++++++++++++++-----------------------
 fs/btrfs/reflink.c          |    2 +-
 fs/btrfs/relocation.c       |   49 +--
 fs/btrfs/scrub.c            |    2 +-
 fs/btrfs/send.c             |   15 +-
 fs/btrfs/space-info.c       |   25 +-
 fs/btrfs/subpage.c          |  190 +++++---
 fs/btrfs/subpage.h          |   52 ++-
 fs/btrfs/super.c            |   28 +-
 fs/btrfs/transaction.c      |   11 +-
 fs/btrfs/tree-log.c         |  226 +++++-----
 fs/btrfs/verity.c           |    6 +-
 fs/btrfs/volumes.c          |  144 +++----
 fs/btrfs/volumes.h          |   10 +-
 fs/btrfs/zoned.c            |  517 ++++++++++++++++++++--
 fs/btrfs/zoned.h            |   39 +-
 27 files changed, 1789 insertions(+), 1118 deletions(-)
Merging ceph/master (4b0b8836ebba ceph: fix off by one bugs in unsafe_request_wait())
$ git merge ceph/master
Merge made by the 'recursive' strategy.
 fs/ceph/caps.c | 4 ++--
 1 file changed, 2 insertions(+), 2 deletions(-)
Merging cifs/for-next (4c51de1e8f92 cifs: fix incorrect kernel doc comments)
$ git merge cifs/for-next
Merge made by the 'recursive' strategy.
 fs/cifs/cache.c                      |  2 +-
 fs/cifs/cifs_debug.c                 |  1 -
 fs/cifs/cifs_fs_sb.h                 |  1 -
 fs/cifs/cifs_ioctl.h                 |  1 -
 fs/cifs/cifs_spnego.c                |  2 +-
 fs/cifs/cifs_spnego.h                |  2 +-
 fs/cifs/cifs_unicode.c               |  1 -
 fs/cifs/cifsacl.c                    |  1 -
 fs/cifs/cifsacl.h                    |  1 -
 fs/cifs/cifsencrypt.c                |  1 -
 fs/cifs/cifsfs.c                     |  1 -
 fs/cifs/cifsfs.h                     |  1 -
 fs/cifs/cifsglob.h                   |  1 -
 fs/cifs/cifspdu.h                    |  1 -
 fs/cifs/cifsproto.h                  |  1 -
 fs/cifs/cifssmb.c                    |  1 -
 fs/cifs/connect.c                    | 13 ++++++++++---
 fs/cifs/dir.c                        |  1 -
 fs/cifs/dns_resolve.c                |  1 -
 fs/cifs/dns_resolve.h                |  4 ++--
 fs/cifs/export.c                     |  1 -
 fs/cifs/file.c                       |  1 -
 fs/cifs/fscache.c                    |  2 +-
 fs/cifs/fscache.h                    |  2 +-
 fs/cifs/inode.c                      |  1 -
 fs/cifs/ioctl.c                      |  3 +--
 fs/cifs/link.c                       |  1 -
 fs/cifs/misc.c                       |  1 -
 fs/cifs/netmisc.c                    |  1 -
 fs/cifs/ntlmssp.h                    |  1 -
 fs/cifs/readdir.c                    |  1 -
 fs/cifs/rfc1002pdu.h                 |  1 -
 fs/cifs/sess.c                       |  1 -
 fs/cifs/smb2file.c                   |  1 -
 fs/cifs/smb2glob.h                   |  1 -
 fs/cifs/smb2inode.c                  |  1 -
 fs/cifs/smb2misc.c                   |  1 -
 fs/cifs/smb2pdu.c                    |  1 -
 fs/cifs/smb2pdu.h                    |  1 -
 fs/cifs/smb2proto.h                  |  1 -
 fs/cifs/smb2status.h                 |  1 -
 fs/cifs/smb2transport.c              |  1 -
 fs/cifs/smberr.h                     |  1 -
 fs/cifs/transport.c                  |  1 -
 fs/cifs/winucase.c                   |  1 -
 fs/cifs/xattr.c                      |  1 -
 fs/smbfs_common/smbfsctl.h           |  2 +-
 include/uapi/linux/cifs/cifs_mount.h |  1 -
 48 files changed, 19 insertions(+), 52 deletions(-)
Merging cifsd/cifsd-for-next (bf9f243f23e6 Merge tag '5.15-rc-ksmbd-part2' of git://git.samba.org/ksmbd)
$ git merge cifsd/cifsd-for-next
Already up to date.
Merging configfs/for-next (c42dd069be8d configfs: fix a race in configfs_lookup())
$ git merge configfs/for-next
Already up to date.
Merging ecryptfs/next (682a8e2b41ef Merge tag 'ecryptfs-5.13-rc1-updates' of git://git.kernel.org/pub/scm/linux/kernel/git/tyhicks/ecryptfs)
$ git merge ecryptfs/next
Already up to date.
Merging erofs/dev (1266b4a7ecb6 erofs: fix double free of 'copied')
$ git merge erofs/dev
Already up to date.
Merging exfat/dev (50be9417e23a Merge tag 'io_uring-5.14-2021-07-09' of git://git.kernel.dk/linux-block)
$ git merge exfat/dev
Already up to date.
Merging ext3/for_next (ed518dd035fa Pull udf xattr sanity checks.)
$ git merge ext3/for_next
Already up to date.
Merge made by the 'recursive' strategy.
Merging ext4/dev (948ca5f30e1d ext4: enforce buffer head state assertion in ext4_da_map_blocks)
$ git merge ext4/dev
Auto-merging fs/ext4/inode.c
Auto-merging fs/ext4/extents.c
Auto-merging fs/ext4/ext4.h
Merge made by the 'recursive' strategy.
 fs/ext4/ext4.h    |   3 -
 fs/ext4/extents.c |  19 +++++--
 fs/ext4/inline.c  | 150 ++++++++++++++++++++++++++++---------------------
 fs/ext4/inode.c   | 165 ++++++++++++++++--------------------------------------
 4 files changed, 147 insertions(+), 190 deletions(-)
Merging f2fs/dev (1dbe7e386f50 Merge tag 'block-5.15-2021-09-05' of git://git.kernel.dk/linux-block)
$ git merge f2fs/dev
Already up to date.
Merging fsverity/fsverity (07c99001312c fs-verity: support reading signature with ioctl)
$ git merge fsverity/fsverity
Already up to date.
Merging fuse/for-next (a9667ac88e2b fuse: remove unused arg in fuse_write_file_get())
$ git merge fuse/for-next
Already up to date.
Merging gfs2/for-next (08d736667185 gfs2: Remove redundant check from gfs2_glock_dq)
$ git merge gfs2/for-next
Already up to date.
Merging jfs/jfs-next (5d299f44d765 jfs: Avoid field-overflowing memcpy())
$ git merge jfs/jfs-next
Already up to date.
Merging nfs/linux-next (6880fa6c5660 Linux 5.15-rc1)
$ git merge nfs/linux-next
Already up to date.
Merging nfs-anna/linux-next (8cfb9015280d NFS: Always provide aligned buffers to the RPC read layers)
$ git merge nfs-anna/linux-next
Already up to date.
Merging nfsd/nfsd-next (e22ce8eb631b Linux 5.14-rc7)
$ git merge nfsd/nfsd-next
Already up to date.
Merging cel/for-next (0c217d5066c8 SUNRPC: improve error response to over-size gss credential)
$ git merge cel/for-next
Already up to date.
Merging ntfs3/master (8e69212253d3 fs/ntfs3: Always use binary search with entry search)
$ git merge ntfs3/master
Auto-merging fs/ntfs3/xattr.c
Auto-merging fs/ntfs3/ntfs_fs.h
Merge made by the 'recursive' strategy.
 Documentation/filesystems/ntfs3.rst |  10 +-
 fs/ntfs3/attrib.c                   |   7 +-
 fs/ntfs3/attrlist.c                 |   3 -
 fs/ntfs3/bitfunc.c                  |   7 +-
 fs/ntfs3/bitmap.c                   |   3 -
 fs/ntfs3/debug.h                    |   3 +
 fs/ntfs3/dir.c                      |  11 +-
 fs/ntfs3/file.c                     |   5 +-
 fs/ntfs3/frecord.c                  |   3 -
 fs/ntfs3/fslog.c                    |   4 -
 fs/ntfs3/fsntfs.c                   |   1 -
 fs/ntfs3/index.c                    | 156 ++++-------
 fs/ntfs3/inode.c                    |  14 +-
 fs/ntfs3/lib/decompress_common.h    |   5 +
 fs/ntfs3/lib/lib.h                  |   6 +
 fs/ntfs3/lznt.c                     |  10 +-
 fs/ntfs3/namei.c                    |   4 -
 fs/ntfs3/ntfs.h                     |  12 +-
 fs/ntfs3/ntfs_fs.h                  |  57 +++-
 fs/ntfs3/record.c                   |   3 -
 fs/ntfs3/run.c                      |   2 -
 fs/ntfs3/super.c                    | 500 +++++++++++++++++++-----------------
 fs/ntfs3/upcase.c                   |   8 +-
 fs/ntfs3/xattr.c                    |   5 +-
 24 files changed, 398 insertions(+), 441 deletions(-)
Merging orangefs/for-next (0fdec1b3c9fb orangefs: fix orangefs df output.)
$ git merge orangefs/for-next
Already up to date.
Merging overlayfs/overlayfs-next (332f606b32b6 ovl: enable RCU'd ->get_acl())
$ git merge overlayfs/overlayfs-next
Already up to date.
Merging ubifs/next (a801fcfeef96 ubifs: Set/Clear I_LINKABLE under i_lock for whiteout inode)
$ git merge ubifs/next
Already up to date.
Merging v9fs/9p-next (9c4d94dc9a64 net/9p: increase default msize to 128k)
$ git merge v9fs/9p-next
Already up to date.
Merging xfs/for-next (f38a032b165d xfs: fix I_DONTCACHE)
$ git merge xfs/for-next
Already up to date.
Merging zonefs/for-next (95b115332a83 zonefs: remove redundant null bio check)
$ git merge zonefs/for-next
Auto-merging fs/zonefs/super.c
Merge made by the 'recursive' strategy.
Merging iomap/iomap-for-next (03b8df8d43ec iomap: standardize tracepoint formatting and storage)
$ git merge iomap/iomap-for-next
Already up to date.
Merging djw-vfs/vfs-for-next (d03ef4daf33a fs: forbid invalid project ID)
$ git merge djw-vfs/vfs-for-next
Already up to date.
Merging file-locks/locks-next (90f7d7a0d0d6 locks: remove LOCK_MAND flock lock support)
$ git merge file-locks/locks-next
Merge made by the 'recursive' strategy.
 fs/ceph/locks.c                  |  3 ---
 fs/gfs2/file.c                   |  2 --
 fs/locks.c                       | 47 +++++++++++++++++++---------------------
 fs/nfs/file.c                    |  9 --------
 include/uapi/asm-generic/fcntl.h |  4 ++++
 5 files changed, 26 insertions(+), 39 deletions(-)
Merging vfs/for-next (8f40da9494cf Merge branch 'misc.namei' into for-next)
$ git merge vfs/for-next
Already up to date.
Merge made by the 'recursive' strategy.
Merging printk/for-next (9980c4251f8d printk: use kvmalloc instead of kmalloc for devkmsg_user)
$ git merge printk/for-next
Merge made by the 'recursive' strategy.
 kernel/printk/printk.c | 4 ++--
 1 file changed, 2 insertions(+), 2 deletions(-)
Merging pci/next (6880fa6c5660 Linux 5.15-rc1)
$ git merge pci/next
Already up to date.
Merging pstore/for-next/pstore (c5d4fb2539ca pstore/blk: Use "%lu" to format unsigned long)
$ git merge pstore/for-next/pstore
Merge made by the 'recursive' strategy.
 fs/pstore/blk.c | 2 +-
 1 file changed, 1 insertion(+), 1 deletion(-)
Merging hid/for-next (4bc44ba4871f Merge branch 'for-5.15/core' into for-next)
$ git merge hid/for-next
Already up to date.
Merge made by the 'recursive' strategy.
Merging i2c/i2c/for-next (cc1dbdeb17dd Merge branch 'i2c/for-mergewindow' into i2c/for-next)
$ git merge i2c/i2c/for-next
Already up to date.
Merge made by the 'recursive' strategy.
Merging i3c/i3c/next (41a0430dd5ca i3c/master/mipi-i3c-hci: Prefer kcalloc over open coded arithmetic)
$ git merge i3c/i3c/next
Merge made by the 'recursive' strategy.
 drivers/i3c/master/mipi-i3c-hci/dma.c | 2 +-
 drivers/i3c/master/mipi-i3c-hci/hci.h | 2 +-
 2 files changed, 2 insertions(+), 2 deletions(-)
Merging dmi/dmi-for-next (f97a2103f1a7 firmware: dmi: Move product_sku info to the end of the modalias)
$ git merge dmi/dmi-for-next
Already up to date.
Merging hwmon-staging/hwmon-next (f2a787937ec9 hwmon: (raspberrypi) Use generic notification mechanism)
$ git merge hwmon-staging/hwmon-next
Merge made by the 'recursive' strategy.
 .../devicetree/bindings/hwmon/iio-hwmon.yaml       |  37 +++++++
 drivers/hwmon/i5500_temp.c                         | 114 +++++++++++----------
 drivers/hwmon/raspberrypi-hwmon.c                  |   2 +-
 3 files changed, 99 insertions(+), 54 deletions(-)
 create mode 100644 Documentation/devicetree/bindings/hwmon/iio-hwmon.yaml
Merging jc_docs/docs-next (7c5c18bdb656 docs: pdfdocs: Fix typo in CJK-language specific font settings)
$ git merge jc_docs/docs-next
Already up to date.
Merging v4l-dvb/master (9c3a0f285248 Merge tag 'v5.14-rc4' into media_tree)
$ git merge v4l-dvb/master
Already up to date.
Merging v4l-dvb-next/master (d62cd4d277cc media: uvcvideo: Remove unused including <linux/version.h>)
$ git merge v4l-dvb-next/master
Auto-merging drivers/staging/media/sunxi/cedrus/cedrus_video.c
Auto-merging drivers/staging/media/hantro/hantro_drv.c
Auto-merging drivers/media/platform/atmel/atmel-isc-base.c
Auto-merging drivers/media/common/videobuf2/videobuf2-core.c
Auto-merging MAINTAINERS
Removing Documentation/devicetree/bindings/media/renesas,imr.txt
Removing Documentation/devicetree/bindings/media/i2c/mt9p031.txt
Merge made by the 'recursive' strategy.
 Documentation/admin-guide/media/ipu3.rst           |   14 +-
 Documentation/admin-guide/media/ivtv.rst           |    2 +-
 .../bindings/media/i2c/aptina,mt9p031.yaml         |  108 ++
 .../devicetree/bindings/media/i2c/mt9p031.txt      |   40 -
 .../devicetree/bindings/media/mediatek-vcodec.txt  |    2 +
 .../devicetree/bindings/media/renesas,csi2.yaml    |    1 +
 .../devicetree/bindings/media/renesas,imr.txt      |   31 -
 .../devicetree/bindings/media/renesas,imr.yaml     |   67 +
 .../devicetree/bindings/media/rockchip-isp1.yaml   |  114 +-
 Documentation/driver-api/media/drivers/rkisp1.rst  |   43 +
 Documentation/driver-api/media/v4l2-subdev.rst     |   14 +-
 .../userspace-api/media/drivers/cx2341x-uapi.rst   |    8 +-
 .../userspace-api/media/v4l/ext-ctrls-codec.rst    |   57 +
 .../media/v4l/ext-ctrls-image-source.rst           |   20 +
 .../userspace-api/media/v4l/pixfmt-reserved.rst    |   29 +-
 .../userspace-api/media/v4l/pixfmt-yuv-planar.rst  |   50 +-
 .../userspace-api/media/v4l/vidioc-queryctrl.rst   |    6 +
 .../userspace-api/media/videodev2.h.rst.exceptions |    2 +
 MAINTAINERS                                        |    8 +
 drivers/media/common/siano/smscoreapi.c            |    7 +-
 drivers/media/common/videobuf2/videobuf2-core.c    |   23 +-
 drivers/media/dvb-frontends/cxd2820r_priv.h        |    2 +-
 drivers/media/i2c/Kconfig                          |   11 +
 drivers/media/i2c/Makefile                         |    1 +
 drivers/media/i2c/imx258.c                         |   12 +-
 drivers/media/i2c/max9286.c                        |   17 +-
 drivers/media/i2c/mt9p031.c                        |   80 +-
 drivers/media/i2c/ov13b10.c                        | 1491 ++++++++++++++++++++
 drivers/media/i2c/ov8856.c                         |   83 +-
 drivers/media/i2c/st-mipid02.c                     |   22 +-
 drivers/media/i2c/tda1997x.c                       |    4 +-
 drivers/media/pci/cx18/cx18-ioctl.c                |    4 +-
 drivers/media/pci/cx18/cx18-streams.c              |    8 +-
 drivers/media/pci/intel/ipu3/ipu3-cio2-main.c      |  264 ++--
 drivers/media/pci/intel/ipu3/ipu3-cio2.h           |    4 +
 drivers/media/pci/ivtv/ivtv-ioctl.c                |    8 +-
 drivers/media/pci/netup_unidvb/netup_unidvb_core.c |   27 +-
 drivers/media/platform/Kconfig                     |    3 +
 drivers/media/platform/am437x/am437x-vpfe.c        |   19 +-
 drivers/media/platform/atmel/atmel-isc-base.c      |    4 +-
 drivers/media/platform/atmel/atmel-isi.c           |   17 +-
 drivers/media/platform/atmel/atmel-sama5d2-isc.c   |   15 +-
 drivers/media/platform/atmel/atmel-sama7g5-isc.c   |   15 +-
 drivers/media/platform/cadence/cdns-csi2rx.c       |   14 +-
 drivers/media/platform/davinci/vpif_capture.c      |   21 +-
 drivers/media/platform/exynos4-is/media-dev.c      |   20 +-
 drivers/media/platform/marvell-ccic/cafe-driver.c  |    9 +-
 drivers/media/platform/marvell-ccic/mcam-core.c    |   10 +-
 drivers/media/platform/marvell-ccic/mmp-driver.c   |    6 +-
 drivers/media/platform/meson/ge2d/ge2d.c           |    6 +-
 drivers/media/platform/mtk-vcodec/Makefile         |    3 +
 drivers/media/platform/mtk-vcodec/mtk_vcodec_dec.c |  820 ++---------
 drivers/media/platform/mtk-vcodec/mtk_vcodec_dec.h |   27 +-
 .../media/platform/mtk-vcodec/mtk_vcodec_dec_drv.c |   65 +-
 .../platform/mtk-vcodec/mtk_vcodec_dec_stateful.c  |  628 +++++++++
 .../platform/mtk-vcodec/mtk_vcodec_dec_stateless.c |  360 +++++
 drivers/media/platform/mtk-vcodec/mtk_vcodec_drv.h |   59 +-
 drivers/media/platform/mtk-vcodec/mtk_vcodec_enc.c |  140 +-
 .../media/platform/mtk-vcodec/mtk_vcodec_enc_drv.c |   69 +-
 .../platform/mtk-vcodec/vdec/vdec_h264_req_if.c    |  774 ++++++++++
 drivers/media/platform/mtk-vcodec/vdec_drv_if.c    |    3 +
 drivers/media/platform/mtk-vcodec/vdec_drv_if.h    |    1 +
 drivers/media/platform/mtk-vcodec/vdec_ipi_msg.h   |   23 +-
 drivers/media/platform/mtk-vcodec/vdec_vpu_if.c    |   43 +-
 drivers/media/platform/mtk-vcodec/vdec_vpu_if.h    |    5 +
 drivers/media/platform/omap3isp/isp.c              |   21 +-
 drivers/media/platform/pxa_camera.c                |   26 +-
 drivers/media/platform/qcom/camss/camss-vfe-170.c  |    9 +-
 drivers/media/platform/qcom/camss/camss-vfe-4-1.c  |    8 +-
 drivers/media/platform/qcom/camss/camss-vfe-4-7.c  |    8 +-
 drivers/media/platform/qcom/camss/camss-vfe-4-8.c  |    8 +-
 drivers/media/platform/qcom/camss/camss-vfe.c      |    3 +-
 drivers/media/platform/qcom/camss/camss-vfe.h      |    2 +-
 drivers/media/platform/qcom/camss/camss.c          |   18 +-
 drivers/media/platform/rcar-vin/rcar-core.c        | 1077 +++++++-------
 drivers/media/platform/rcar-vin/rcar-csi2.c        |  210 ++-
 drivers/media/platform/rcar-vin/rcar-dma.c         |   22 +-
 drivers/media/platform/rcar-vin/rcar-vin.h         |   25 +-
 drivers/media/platform/rcar_drif.c                 |   14 +-
 drivers/media/platform/renesas-ceu.c               |   29 +-
 .../platform/rockchip/rkisp1/rkisp1-capture.c      |    9 +-
 .../media/platform/rockchip/rkisp1/rkisp1-common.h |   44 +-
 .../media/platform/rockchip/rkisp1/rkisp1-dev.c    |   98 +-
 .../media/platform/rockchip/rkisp1/rkisp1-isp.c    |   29 +-
 .../media/platform/rockchip/rkisp1/rkisp1-params.c |  557 ++++++--
 .../media/platform/rockchip/rkisp1/rkisp1-regs.h   |  406 ++++--
 .../media/platform/rockchip/rkisp1/rkisp1-stats.c  |  107 +-
 .../media/platform/sti/c8sectpfe/c8sectpfe-core.c  |    1 -
 .../media/platform/sti/c8sectpfe/c8sectpfe-dvb.c   |    1 -
 drivers/media/platform/stm32/stm32-dcmi.c          |   37 +-
 drivers/media/platform/sunxi/sun4i-csi/sun4i_csi.c |   12 +-
 drivers/media/platform/sunxi/sun6i-csi/sun6i_csi.c |   29 +-
 drivers/media/platform/sunxi/sun6i-csi/sun6i_csi.h |    2 +-
 .../media/platform/sunxi/sun6i-csi/sun6i_video.c   |    2 +-
 drivers/media/platform/ti-vpe/cal.c                |   16 +-
 drivers/media/platform/video-mux.c                 |   17 +-
 drivers/media/platform/xilinx/xilinx-vipp.c        |   17 +-
 drivers/media/rc/imon.c                            |    2 +
 drivers/media/rc/ir_toy.c                          |   34 +-
 drivers/media/rc/mceusb.c                          |    1 +
 drivers/media/rc/streamzap.c                       |    1 +
 drivers/media/spi/cxd2880-spi.c                    |    2 +-
 drivers/media/test-drivers/vivid/vivid-core.c      |   14 +-
 drivers/media/tuners/mxl5007t.c                    |    9 -
 drivers/media/usb/dvb-usb/az6027.c                 |    1 +
 drivers/media/usb/em28xx/em28xx-cards.c            |    5 +-
 drivers/media/usb/gspca/m5602/m5602_ov7660.h       |    1 -
 drivers/media/usb/gspca/sn9c20x.c                  |   22 +-
 drivers/media/usb/ttusb-dec/ttusb_dec.c            |   10 +-
 drivers/media/usb/uvc/uvc_driver.c                 |    1 -
 drivers/media/v4l2-core/v4l2-async.c               |  168 ++-
 drivers/media/v4l2-core/v4l2-common.c              |    3 +
 drivers/media/v4l2-core/v4l2-ctrls-core.c          |    6 +
 drivers/media/v4l2-core/v4l2-ctrls-defs.c          |    5 +
 drivers/media/v4l2-core/v4l2-fwnode.c              |   83 +-
 drivers/media/v4l2-core/v4l2-ioctl.c               |    6 +-
 drivers/staging/media/atomisp/i2c/atomisp-lm3554.c |   37 +-
 .../media/atomisp/i2c/ov5693/atomisp-ov5693.c      |    2 +
 .../pci/hive_isp_css_common/host/input_system.c    |    2 +
 drivers/staging/media/hantro/hantro_drv.c          |    8 +-
 drivers/staging/media/hantro/hantro_g2_hevc_dec.c  |   52 +
 drivers/staging/media/hantro/hantro_hevc.c         |   21 +
 drivers/staging/media/hantro/hantro_hw.h           |    4 +
 drivers/staging/media/imx/imx-media-csi.c          |   17 +-
 drivers/staging/media/imx/imx-media-dev-common.c   |    7 +-
 drivers/staging/media/imx/imx-media-dev.c          |    6 +-
 drivers/staging/media/imx/imx-media-of.c           |    6 +-
 drivers/staging/media/imx/imx6-mipi-csi2.c         |   17 +-
 drivers/staging/media/imx/imx7-media-csi.c         |   24 +-
 drivers/staging/media/imx/imx7-mipi-csis.c         |   16 +-
 drivers/staging/media/imx/imx8mq-mipi-csi2.c       |   16 +-
 .../staging/media/ipu3/include/uapi/intel-ipu3.h   |    7 +-
 drivers/staging/media/ipu3/ipu3-css-fw.c           |    7 +-
 drivers/staging/media/ipu3/ipu3-css-fw.h           |    2 +-
 drivers/staging/media/sunxi/cedrus/cedrus.c        |    8 +-
 drivers/staging/media/sunxi/cedrus/cedrus.h        |    1 +
 drivers/staging/media/sunxi/cedrus/cedrus_dec.c    |    2 +
 drivers/staging/media/sunxi/cedrus/cedrus_h265.c   |   70 +-
 drivers/staging/media/sunxi/cedrus/cedrus_hw.c     |    2 +-
 drivers/staging/media/sunxi/cedrus/cedrus_regs.h   |    2 +
 drivers/staging/media/sunxi/cedrus/cedrus_video.c  |    6 +-
 drivers/staging/media/tegra-video/vi.c             |   17 +-
 include/media/hevc-ctrls.h                         |   11 +
 include/media/i2c/mt9p031.h                        |    1 +
 include/media/v4l2-async.h                         |  105 +-
 include/media/v4l2-fwnode.h                        |   12 +-
 include/uapi/linux/v4l2-controls.h                 |    1 +
 include/uapi/linux/videodev2.h                     |   20 +-
 148 files changed, 7146 insertions(+), 2464 deletions(-)
 create mode 100644 Documentation/devicetree/bindings/media/i2c/aptina,mt9p031.yaml
 delete mode 100644 Documentation/devicetree/bindings/media/i2c/mt9p031.txt
 delete mode 100644 Documentation/devicetree/bindings/media/renesas,imr.txt
 create mode 100644 Documentation/devicetree/bindings/media/renesas,imr.yaml
 create mode 100644 Documentation/driver-api/media/drivers/rkisp1.rst
 create mode 100644 drivers/media/i2c/ov13b10.c
 create mode 100644 drivers/media/platform/mtk-vcodec/mtk_vcodec_dec_stateful.c
 create mode 100644 drivers/media/platform/mtk-vcodec/mtk_vcodec_dec_stateless.c
 create mode 100644 drivers/media/platform/mtk-vcodec/vdec/vdec_h264_req_if.c
Merging pm/linux-next (6880fa6c5660 Linux 5.15-rc1)
$ git merge pm/linux-next
Already up to date.
Merging cpufreq-arm/cpufreq/arm/linux-next (4855e26bcf4d cpufreq: mediatek-hw: Add support for CPUFREQ HW)
$ git merge cpufreq-arm/cpufreq/arm/linux-next
Already up to date.
Merging cpupower/cpupower (79a0dc5530a9 tools: cpupower: fix typo in cpupower-idle-set(1) manpage)
$ git merge cpupower/cpupower
Merge made by the 'recursive' strategy.
 tools/power/cpupower/man/cpupower-idle-set.1 | 2 +-
 1 file changed, 1 insertion(+), 1 deletion(-)
Merging devfreq/devfreq-next (e73f0f0ee754 Linux 5.14-rc1)
$ git merge devfreq/devfreq-next
Already up to date.
Merging opp/opp/linux-next (94274f20f6bf dt-bindings: opp: Convert to DT schema)
$ git merge opp/opp/linux-next
Already up to date.
Merging thermal/thermal/linux-next (fc26023f8816 thermal/drivers/int340x: Fix tcc offset on resume)
$ git merge thermal/thermal/linux-next
Merge made by the 'recursive' strategy.
 .../intel/int340x_thermal/int3401_thermal.c        |  8 ++++-
 .../int340x_thermal/processor_thermal_device.c     | 39 +++++++++++++++++-----
 .../int340x_thermal/processor_thermal_device.h     |  1 +
 .../int340x_thermal/processor_thermal_device_pci.c | 18 +++++++++-
 .../processor_thermal_device_pci_legacy.c          |  8 ++++-
 5 files changed, 62 insertions(+), 12 deletions(-)
Merging ieee1394/for-next (54b3bd99f094 firewire: nosy: switch from 'pci_' to 'dma_' API)
$ git merge ieee1394/for-next
Already up to date.
Merging dlm/next (ecd95673142e fs: dlm: avoid comms shutdown delay in release_lockspace)
$ git merge dlm/next
Already up to date.
Merging swiotlb/linux-next (f3c4b1341e83 swiotlb: use depends on for DMA_RESTRICTED_POOL)
$ git merge swiotlb/linux-next
Already up to date.
Merging rdma/for-next (6a217437f9f5 Merge branch 'sg_nents' into rdma.git for-next)
$ git merge rdma/for-next
Already up to date.
Merging net-next/master (13bb8429ca98 net: wwan: iosm: firmware flashing and coredump collection)
$ git merge net-next/master
Merge made by the 'recursive' strategy.
 drivers/net/ethernet/qlogic/qed/qed_l2.c       |  23 +-
 drivers/net/ethernet/qlogic/qede/qede_filter.c |  47 +--
 drivers/net/wwan/Kconfig                       |   1 +
 drivers/net/wwan/iosm/Makefile                 |   5 +-
 drivers/net/wwan/iosm/iosm_ipc_chnl_cfg.c      |   6 +-
 drivers/net/wwan/iosm/iosm_ipc_chnl_cfg.h      |   1 +
 drivers/net/wwan/iosm/iosm_ipc_coredump.c      | 110 +++++
 drivers/net/wwan/iosm/iosm_ipc_coredump.h      |  75 ++++
 drivers/net/wwan/iosm/iosm_ipc_devlink.c       | 360 ++++++++++++++++
 drivers/net/wwan/iosm/iosm_ipc_devlink.h       | 207 +++++++++
 drivers/net/wwan/iosm/iosm_ipc_flash.c         | 562 +++++++++++++++++++++++++
 drivers/net/wwan/iosm/iosm_ipc_flash.h         | 271 ++++++++++++
 drivers/net/wwan/iosm/iosm_ipc_imem.c          | 103 +++--
 drivers/net/wwan/iosm/iosm_ipc_imem.h          |  19 +-
 drivers/net/wwan/iosm/iosm_ipc_imem_ops.c      | 317 ++++++++++++++
 drivers/net/wwan/iosm/iosm_ipc_imem_ops.h      |  49 ++-
 drivers/nfc/fdp/i2c.c                          |   1 -
 drivers/nfc/microread/mei.c                    |   4 +-
 drivers/nfc/nfcmrvl/fw_dnld.c                  |   4 +-
 drivers/nfc/pn533/i2c.c                        |   4 -
 drivers/nfc/pn533/pn533.c                      |   4 +-
 drivers/nfc/pn544/mei.c                        |   8 +-
 include/linux/qed/qed_eth_if.h                 |  21 +-
 net/nfc/hci/llc_shdlc.c                        |  23 +-
 24 files changed, 2098 insertions(+), 127 deletions(-)
 create mode 100644 drivers/net/wwan/iosm/iosm_ipc_coredump.c
 create mode 100644 drivers/net/wwan/iosm/iosm_ipc_coredump.h
 create mode 100644 drivers/net/wwan/iosm/iosm_ipc_devlink.c
 create mode 100644 drivers/net/wwan/iosm/iosm_ipc_devlink.h
 create mode 100644 drivers/net/wwan/iosm/iosm_ipc_flash.c
 create mode 100644 drivers/net/wwan/iosm/iosm_ipc_flash.h
$ git am -3 ../patches/0001-Revert-isystem-delete-global-isystem-compile-option.patch
Applying: Revert "isystem: delete global -isystem compile option"
Merging bpf-next/for-next (2f3830412786 libbpf: Make libbpf_version.h non-auto-generated)
$ git merge bpf-next/for-next
Merge made by the 'recursive' strategy.
 arch/x86/events/intel/core.c                       |  67 +-
 arch/x86/events/intel/ds.c                         |   2 +-
 arch/x86/events/intel/lbr.c                        |  20 +-
 arch/x86/events/perf_event.h                       |  19 +
 include/linux/perf_event.h                         |  23 +
 include/uapi/linux/bpf.h                           |  24 +
 kernel/bpf/trampoline.c                            |   3 +-
 kernel/events/core.c                               |   2 +
 kernel/trace/bpf_trace.c                           |  30 +
 lib/test_bpf.c                                     |   1 +
 net/bpf/test_run.c                                 |  16 +-
 net/core/filter.c                                  |  21 +
 tools/bpf/bpftool/Makefile                         |   3 +
 tools/bpf/bpftool/gen.c                            |  31 +-
 tools/bpf/resolve_btfids/Makefile                  |   5 +-
 tools/include/uapi/linux/bpf.h                     |  24 +
 tools/lib/bpf/.gitignore                           |   1 -
 tools/lib/bpf/Makefile                             |  39 +-
 tools/lib/bpf/btf.h                                |   2 +
 tools/lib/bpf/libbpf.c                             |   6 +
 tools/lib/bpf/libbpf.h                             |   2 +-
 tools/lib/bpf/libbpf.map                           |   3 +
 tools/lib/bpf/libbpf_common.h                      |  19 +
 tools/lib/bpf/libbpf_internal.h                    |  25 +-
 tools/lib/bpf/libbpf_version.h                     |   9 +
 tools/lib/bpf/xsk.c                                |   4 +-
 tools/testing/selftests/bpf/Makefile               |   4 +-
 .../selftests/bpf/bpf_testmod/bpf_testmod.c        |  19 +-
 .../testing/selftests/bpf/prog_tests/core_reloc.c  |  14 +-
 .../selftests/bpf/prog_tests/get_branch_snapshot.c | 100 +++
 .../selftests/bpf/prog_tests/module_attach.c       |  39 -
 tools/testing/selftests/bpf/prog_tests/skb_ctx.c   |   6 +
 tools/testing/selftests/bpf/prog_tests/skeleton.c  |   6 +
 tools/testing/selftests/bpf/prog_tests/tailcalls.c |  25 +-
 .../selftests/bpf/progs/get_branch_snapshot.c      |  40 +
 tools/testing/selftests/bpf/progs/tailcall6.c      |  34 +
 tools/testing/selftests/bpf/progs/test_skb_ctx.c   |   6 +
 tools/testing/selftests/bpf/test_progs.c           |  39 +
 tools/testing/selftests/bpf/test_progs.h           |   2 +
 tools/testing/selftests/bpf/trace_helpers.c        |  37 +
 tools/testing/selftests/bpf/trace_helpers.h        |   5 +
 tools/testing/selftests/bpf/verifier/ctx_skb.c     |  60 ++
 tools/testing/selftests/bpf/xdpxceiver.c           | 872 ++++++++++++++-------
 tools/testing/selftests/bpf/xdpxceiver.h           |  66 +-
 44 files changed, 1324 insertions(+), 451 deletions(-)
 create mode 100644 tools/lib/bpf/libbpf_version.h
 create mode 100644 tools/testing/selftests/bpf/prog_tests/get_branch_snapshot.c
 create mode 100644 tools/testing/selftests/bpf/progs/get_branch_snapshot.c
 create mode 100644 tools/testing/selftests/bpf/progs/tailcall6.c
$ git reset --hard HEAD^
HEAD is now at 320c013df47d Revert "isystem: delete global -isystem compile option"
Merging next-20210913 version of bpf-next
$ git merge -m next-20210913/bpf-next 27151f177827d478508e756c7657273261aaf8a9
Already up to date.
Merging ipsec-next/master (9e9fb7655ed5 Merge tag 'net-next-5.15' of git://git.kernel.org/pub/scm/linux/kernel/git/netdev/net-next)
$ git merge ipsec-next/master
Already up to date.
Merging mlx5-next/mlx5-next (6880fa6c5660 Linux 5.15-rc1)
$ git merge mlx5-next/mlx5-next
Already up to date.
Merging netfilter-next/master (13bb8429ca98 net: wwan: iosm: firmware flashing and coredump collection)
$ git merge netfilter-next/master
Already up to date.
Merging ipvs-next/master (9e9fb7655ed5 Merge tag 'net-next-5.15' of git://git.kernel.org/pub/scm/linux/kernel/git/netdev/net-next)
$ git merge ipvs-next/master
Already up to date.
Merging wireless-drivers-next/master (6880fa6c5660 Linux 5.15-rc1)
$ git merge wireless-drivers-next/master
Already up to date.
Merging bluetooth/master (81be03e026dc Bluetooth: RFCOMM: Replace use of memcpy_from_msg with bt_skb_sendmmsg)
$ git merge bluetooth/master
Merge made by the 'recursive' strategy.
 drivers/bluetooth/btintel.c       | 239 ++++++++++++++++----
 drivers/bluetooth/btintel.h       |  11 +
 drivers/bluetooth/btusb.c         |  24 ++
 drivers/bluetooth/hci_h5.c        |   8 +-
 drivers/bluetooth/hci_vhci.c      |  20 ++
 include/net/bluetooth/bluetooth.h |  90 ++++++++
 include/net/bluetooth/hci.h       | 117 ++++++++++
 include/net/bluetooth/hci_core.h  |  34 ++-
 net/bluetooth/Makefile            |   2 +-
 net/bluetooth/hci_codec.c         | 238 ++++++++++++++++++++
 net/bluetooth/hci_codec.h         |   7 +
 net/bluetooth/hci_conn.c          | 168 ++++++++++++--
 net/bluetooth/hci_core.c          |  25 +--
 net/bluetooth/hci_event.c         | 134 +++++++----
 net/bluetooth/hci_request.c       |  47 ++++
 net/bluetooth/hci_request.h       |   2 +
 net/bluetooth/hci_sock.c          |  50 ++---
 net/bluetooth/l2cap_core.c        |   2 +-
 net/bluetooth/l2cap_sock.c        |  10 +-
 net/bluetooth/mgmt.c              | 456 +++++++++++++++++++++++++++++---------
 net/bluetooth/msft.c              |  55 ++++-
 net/bluetooth/msft.h              |   4 +
 net/bluetooth/rfcomm/core.c       |  50 ++++-
 net/bluetooth/rfcomm/sock.c       |  46 +---
 net/bluetooth/sco.c               | 213 ++++++++++++++++--
 25 files changed, 1721 insertions(+), 331 deletions(-)
 create mode 100644 net/bluetooth/hci_codec.c
 create mode 100644 net/bluetooth/hci_codec.h
Merging mac80211-next/master (626bf91a292e Merge tag 'net-5.15-rc1' of git://git.kernel.org/pub/scm/linux/kernel/git/netdev/net)
$ git merge mac80211-next/master
Already up to date.
Merging mtd/mtd/next (c1fe77e42440 Merge tag 'nand/for-5.15' into mtd/next)
$ git merge mtd/mtd/next
Already up to date.
Merging nand/nand/next (6b430c7595e4 mtd: rawnand: cafe: Fix a resource leak in the error handling path of 'cafe_nand_probe()')
$ git merge nand/nand/next
Already up to date.
Merging spi-nor/spi-nor/next (2734d6c1b1a0 Linux 5.14-rc2)
$ git merge spi-nor/spi-nor/next
Already up to date.
Merging crypto/master (6ae51ffe5e76 crypto: sha512 - remove imaginary and mystifying clearing of variables)
$ git merge crypto/master
Already up to date.
Merging drm/drm-next (6880fa6c5660 Linux 5.15-rc1)
$ git merge drm/drm-next
Already up to date.
Merging drm-misc/for-linux-next (70982eef4d7e drm/ttm: Fix a deadlock if the target BO is not idle during swap)
$ git merge drm-misc/for-linux-next
Already up to date.
Merging amdgpu/drm-next (1258fee6e4d3 drm/sched: fix the bug of time out calculation(v4))
$ git merge amdgpu/drm-next
Auto-merging drivers/gpu/drm/ttm/ttm_device.c
Auto-merging drivers/gpu/drm/ttm/ttm_bo.c
Auto-merging drivers/gpu/drm/amd/display/dmub/inc/dmub_cmd.h
Merge made by the 'recursive' strategy.
 drivers/gpu/drm/Kconfig                            |    1 +
 drivers/gpu/drm/amd/amdgpu/amdgpu.h                |    2 +-
 drivers/gpu/drm/amd/amdgpu/amdgpu_ctx.c            |  143 ++-
 drivers/gpu/drm/amd/amdgpu/amdgpu_ctx.h            |    8 +-
 drivers/gpu/drm/amd/amdgpu/amdgpu_debugfs.c        |  152 +++
 drivers/gpu/drm/amd/amdgpu/amdgpu_debugfs.h        |    1 -
 drivers/gpu/drm/amd/amdgpu/amdgpu_device.c         |    2 +
 drivers/gpu/drm/amd/amdgpu/amdgpu_drv.c            |    3 +-
 drivers/gpu/drm/amd/amdgpu/amdgpu_gem.c            |    7 +-
 drivers/gpu/drm/amd/amdgpu/amdgpu_gfx.h            |    7 +-
 drivers/gpu/drm/amd/amdgpu/amdgpu_kms.c            |    6 +-
 drivers/gpu/drm/amd/amdgpu/amdgpu_object.c         |   34 -
 drivers/gpu/drm/amd/amdgpu/amdgpu_object.h         |    1 -
 drivers/gpu/drm/amd/amdgpu/amdgpu_psp.c            |  440 ++------
 drivers/gpu/drm/amd/amdgpu/amdgpu_psp.h            |   17 +-
 drivers/gpu/drm/amd/amdgpu/amdgpu_ras.c            |    1 +
 drivers/gpu/drm/amd/amdgpu/amdgpu_ras.h            |    2 +
 drivers/gpu/drm/amd/amdgpu/amdgpu_ring.h           |    9 +-
 drivers/gpu/drm/amd/amdgpu/amdgpu_sched.c          |   44 +-
 drivers/gpu/drm/amd/amdgpu/amdgpu_ttm.c            |   18 +-
 drivers/gpu/drm/amd/amdgpu/amdgpu_umr.h            |   51 +
 drivers/gpu/drm/amd/amdgpu/amdgpu_vce.c            |   14 +
 drivers/gpu/drm/amd/amdgpu/amdgpu_vce.h            |    1 +
 drivers/gpu/drm/amd/amdgpu/amdgpu_vcn.c            |   14 +
 drivers/gpu/drm/amd/amdgpu/amdgpu_vcn.h            |    2 +
 drivers/gpu/drm/amd/amdgpu/gfx_v9_0.c              |    2 +
 drivers/gpu/drm/amd/amdgpu/sdma_v5_2.c             |    8 +-
 drivers/gpu/drm/amd/amdgpu/soc15.c                 |    3 +-
 drivers/gpu/drm/amd/amdgpu/ta_ras_if.h             |    1 +
 drivers/gpu/drm/amd/amdgpu/vce_v2_0.c              |    4 +-
 drivers/gpu/drm/amd/amdgpu/vce_v3_0.c              |    4 +-
 drivers/gpu/drm/amd/amdgpu/vce_v4_0.c              |    4 +-
 drivers/gpu/drm/amd/amdgpu/vcn_v1_0.c              |    4 +-
 drivers/gpu/drm/amd/amdgpu/vcn_v2_0.c              |    4 +-
 drivers/gpu/drm/amd/amdgpu/vcn_v2_5.c              |    4 +-
 drivers/gpu/drm/amd/amdgpu/vcn_v3_0.c              |    5 +-
 drivers/gpu/drm/amd/amdkfd/kfd_chardev.c           |   18 +
 drivers/gpu/drm/amd/amdkfd/kfd_svm.c               |   81 +-
 drivers/gpu/drm/amd/amdkfd/kfd_svm.h               |    1 +
 drivers/gpu/drm/amd/display/amdgpu_dm/amdgpu_dm.c  |  202 +++-
 drivers/gpu/drm/amd/display/amdgpu_dm/amdgpu_dm.h  |   40 +
 .../drm/amd/display/amdgpu_dm/amdgpu_dm_helpers.c  |   43 +
 .../amd/display/amdgpu_dm/amdgpu_dm_mst_types.c    |    4 +-
 drivers/gpu/drm/amd/display/dc/bios/bios_parser2.c |   10 +
 .../gpu/drm/amd/display/dc/bios/command_table2.c   |   10 +
 .../amd/display/dc/clk_mgr/dcn31/dcn31_clk_mgr.c   |    2 +-
 drivers/gpu/drm/amd/display/dc/core/dc.c           |   18 +
 drivers/gpu/drm/amd/display/dc/core/dc_link.c      |  468 +++++++-
 drivers/gpu/drm/amd/display/dc/core/dc_link_dp.c   | 1175 +++++++++++++++++++-
 drivers/gpu/drm/amd/display/dc/core/dc_link_hwss.c |  315 +++++-
 drivers/gpu/drm/amd/display/dc/core/dc_resource.c  |  118 ++
 drivers/gpu/drm/amd/display/dc/dc.h                |   29 +-
 drivers/gpu/drm/amd/display/dc/dc_dp_types.h       |  222 ++++
 drivers/gpu/drm/amd/display/dc/dc_link.h           |    7 +
 drivers/gpu/drm/amd/display/dc/dc_types.h          |   21 +
 drivers/gpu/drm/amd/display/dc/dce/dce_abm.h       |   16 +
 .../amd/display/dc/dce110/dce110_hw_sequencer.c    |   99 +-
 .../drm/amd/display/dc/dcn10/dcn10_hw_sequencer.c  |   65 ++
 .../drm/amd/display/dc/dcn10/dcn10_link_encoder.c  |    9 +
 .../amd/display/dc/dcn10/dcn10_stream_encoder.c    |   10 +
 drivers/gpu/drm/amd/display/dc/dcn20/dcn20_hwseq.c |   26 +-
 .../gpu/drm/amd/display/dc/dcn20/dcn20_resource.c  |    8 +-
 .../amd/display/dc/dcn30/dcn30_dio_link_encoder.c  |    4 +
 .../gpu/drm/amd/display/dc/dcn30/dcn30_resource.c  |    2 +-
 .../gpu/drm/amd/display/dc/dcn30/dcn30_resource.h  |    7 +
 .../drm/amd/display/dc/dcn302/dcn302_resource.c    |    2 +-
 .../drm/amd/display/dc/dcn303/dcn303_resource.c    |    2 +-
 drivers/gpu/drm/amd/display/dc/dcn31/Makefile      |    3 +-
 drivers/gpu/drm/amd/display/dc/dcn31/dcn31_apg.c   |  173 +++
 drivers/gpu/drm/amd/display/dc/dcn31/dcn31_apg.h   |  115 ++
 drivers/gpu/drm/amd/display/dc/dcn31/dcn31_dccg.c  |  162 +++
 drivers/gpu/drm/amd/display/dc/dcn31/dcn31_dccg.h  |   18 +
 .../amd/display/dc/dcn31/dcn31_dio_link_encoder.c  |    4 +
 .../display/dc/dcn31/dcn31_hpo_dp_link_encoder.c   |  616 ++++++++++
 .../display/dc/dcn31/dcn31_hpo_dp_link_encoder.h   |  222 ++++
 .../display/dc/dcn31/dcn31_hpo_dp_stream_encoder.c |  747 +++++++++++++
 .../display/dc/dcn31/dcn31_hpo_dp_stream_encoder.h |  241 ++++
 .../gpu/drm/amd/display/dc/dcn31/dcn31_resource.c  |  246 +++-
 drivers/gpu/drm/amd/display/dc/dm_cp_psp.h         |    1 +
 drivers/gpu/drm/amd/display/dc/dm_helpers.h        |    2 +
 .../drm/amd/display/dc/dml/display_mode_enums.h    |    4 +-
 drivers/gpu/drm/amd/display/dc/inc/core_types.h    |   12 +
 drivers/gpu/drm/amd/display/dc/inc/dc_link_dp.h    |   22 +
 drivers/gpu/drm/amd/display/dc/inc/hw/dccg.h       |   23 +
 drivers/gpu/drm/amd/display/dc/inc/hw/hw_shared.h  |    4 +
 .../gpu/drm/amd/display/dc/inc/hw/link_encoder.h   |   91 ++
 .../gpu/drm/amd/display/dc/inc/hw/stream_encoder.h |   81 ++
 .../drm/amd/display/dc/inc/hw/timing_generator.h   |    3 +
 .../drm/amd/display/dc/inc/hw_sequencer_private.h  |    3 +
 drivers/gpu/drm/amd/display/dc/inc/resource.h      |   18 +
 drivers/gpu/drm/amd/display/dmub/inc/dmub_cmd.h    |   31 +-
 .../drm/amd/display/include/bios_parser_types.h    |    8 +
 drivers/gpu/drm/amd/display/include/dpcd_defs.h    |   16 +
 .../gpu/drm/amd/display/include/grph_object_defs.h |   12 +
 .../gpu/drm/amd/display/include/grph_object_id.h   |    8 +
 .../drm/amd/display/include/link_service_types.h   |   41 +-
 drivers/gpu/drm/amd/display/include/logger_types.h |    6 +
 drivers/gpu/drm/amd/include/atomfirmware.h         |    4 +
 drivers/gpu/drm/amd/pm/inc/smu_types.h             |    2 +-
 drivers/gpu/drm/amd/pm/inc/smu_v11_5_ppsmc.h       |    2 +-
 drivers/gpu/drm/amd/pm/swsmu/amdgpu_smu.c          |    2 +-
 drivers/gpu/drm/amd/pm/swsmu/smu11/navi10_ppt.c    |   14 +-
 drivers/gpu/drm/amd/pm/swsmu/smu11/vangogh_ppt.c   |    4 +-
 drivers/gpu/drm/amd/pm/swsmu/smu11/vangogh_ppt.h   |    1 -
 drivers/gpu/drm/radeon/ci_dpm.c                    |    3 +-
 drivers/gpu/drm/radeon/r600_dpm.c                  |    6 +-
 drivers/gpu/drm/radeon/radeon.h                    |    3 +
 drivers/gpu/drm/radeon/radeon_audio.c              |   95 ++
 drivers/gpu/drm/scheduler/sched_main.c             |   26 +-
 drivers/gpu/drm/ttm/ttm_bo.c                       |   18 +-
 drivers/gpu/drm/ttm/ttm_device.c                   |   48 +
 include/drm/ttm/ttm_device.h                       |    2 +
 112 files changed, 6609 insertions(+), 611 deletions(-)
 create mode 100644 drivers/gpu/drm/amd/amdgpu/amdgpu_umr.h
 create mode 100644 drivers/gpu/drm/amd/display/dc/dcn31/dcn31_apg.c
 create mode 100644 drivers/gpu/drm/amd/display/dc/dcn31/dcn31_apg.h
 create mode 100644 drivers/gpu/drm/amd/display/dc/dcn31/dcn31_hpo_dp_link_encoder.c
 create mode 100644 drivers/gpu/drm/amd/display/dc/dcn31/dcn31_hpo_dp_link_encoder.h
 create mode 100644 drivers/gpu/drm/amd/display/dc/dcn31/dcn31_hpo_dp_stream_encoder.c
 create mode 100644 drivers/gpu/drm/amd/display/dc/dcn31/dcn31_hpo_dp_stream_encoder.h
Merging drm-intel/for-linux-next (fb43ebc83e06 drm/i915/selftest: Fix use of err in igt_reset_{fail, nop}_engine())
$ git merge drm-intel/for-linux-next
Already up to date.
Merging drm-tegra/drm/tegra/for-next (fed028939417 gpu: host1x: debug: Dump DMASTART and DMAEND register)
$ git merge drm-tegra/drm/tegra/for-next
Already up to date.
Merging drm-msm/msm-next (cb0927ab80d2 drm/msi/mdp4: populate priv->kms in mdp4_kms_init)
$ git merge drm-msm/msm-next
Already up to date.
Merging imx-drm/imx-drm/next (20fbfc81e390 drm/imx: imx-tve: Make use of the helper function devm_platform_ioremap_resource())
$ git merge imx-drm/imx-drm/next
Merge made by the 'recursive' strategy.
 drivers/gpu/drm/imx/imx-tve.c          | 4 +---
 drivers/gpu/ipu-v3/ipu-image-convert.c | 9 +++------
 2 files changed, 4 insertions(+), 9 deletions(-)
Merging etnaviv/etnaviv/next (81fd23e2b3cc drm/etnaviv: Implement mmap as GEM object function)
$ git merge etnaviv/etnaviv/next
Already up to date.
Merging regmap/for-next (6880fa6c5660 Linux 5.15-rc1)
$ git merge regmap/for-next
Already up to date.
Merging sound/for-next (7b9cf9036609 ALSA: usb-audio: Unify mixer resume and reset_resume procedure)
$ git merge sound/for-next
Already up to date.
Merging sound-asoc/for-next (8897c6ccc423 Merge remote-tracking branch 'asoc/for-5.16' into asoc-next)
$ git merge sound-asoc/for-next
Removing Documentation/devicetree/bindings/sound/spdif-transmitter.txt
Removing Documentation/devicetree/bindings/sound/simple-amplifier.txt
Removing Documentation/devicetree/bindings/sound/rockchip,pdm.txt
Removing Documentation/devicetree/bindings/sound/name-prefix.txt
Removing Documentation/devicetree/bindings/sound/bt-sco.txt
Merge made by the 'recursive' strategy.
 Documentation/devicetree/bindings/sound/bt-sco.txt |   13 -
 .../devicetree/bindings/sound/cs35l41.yaml         |  151 +
 .../devicetree/bindings/sound/linux,bt-sco.yaml    |   38 +
 .../devicetree/bindings/sound/linux,spdif-dit.yaml |   32 +
 .../devicetree/bindings/sound/name-prefix.txt      |   24 -
 .../devicetree/bindings/sound/name-prefix.yaml     |   21 +
 .../bindings/sound/nvidia,tegra186-dspk.yaml       |    9 +-
 .../bindings/sound/nvidia,tegra210-dmic.yaml       |    9 +-
 .../bindings/sound/nvidia,tegra210-i2s.yaml        |    9 +-
 .../devicetree/bindings/sound/nxp,tfa989x.yaml     |    9 +-
 .../devicetree/bindings/sound/realtek,rt5682s.yaml |  100 +
 .../devicetree/bindings/sound/rockchip,pdm.txt     |   46 -
 .../devicetree/bindings/sound/rockchip,pdm.yaml    |  120 +
 Documentation/devicetree/bindings/sound/rt5659.txt |    2 +-
 .../devicetree/bindings/sound/simple-amplifier.txt |   17 -
 .../bindings/sound/simple-audio-amplifier.yaml     |   45 +
 .../bindings/sound/simple-audio-mux.yaml           |    9 +-
 .../bindings/sound/spdif-transmitter.txt           |   10 -
 .../devicetree/bindings/sound/wlf,wm8978.yaml      |   58 +
 include/dt-bindings/sound/qcom,lpass.h             |    5 +
 include/sound/cs35l41.h                            |   34 +
 include/sound/rt5682s.h                            |   48 +
 sound/soc/amd/acp-da7219-max98357a.c               |    6 +-
 sound/soc/amd/acp-pcm-dma.c                        |    6 +-
 sound/soc/amd/acp.h                                |    2 +
 sound/soc/codecs/Kconfig                           |   17 +
 sound/soc/codecs/Makefile                          |    6 +
 sound/soc/codecs/cs35l41-i2c.c                     |  114 +
 sound/soc/codecs/cs35l41-spi.c                     |  143 +
 sound/soc/codecs/cs35l41-tables.c                  |  597 ++++
 sound/soc/codecs/cs35l41.c                         | 1545 ++++++++++
 sound/soc/codecs/cs35l41.h                         |  775 +++++
 sound/soc/codecs/pcm5102a.c                        |    2 +-
 sound/soc/codecs/rt1011.c                          |   54 +
 sound/soc/codecs/rt1011.h                          |    7 +
 sound/soc/codecs/rt5682s.c                         | 3188 ++++++++++++++++++++
 sound/soc/codecs/rt5682s.h                         | 1455 +++++++++
 sound/soc/fsl/fsl_rpmsg.c                          |   46 +-
 sound/soc/fsl/fsl_rpmsg.h                          |   12 +
 sound/soc/mediatek/common/mtk-afe-fe-dai.c         |    1 -
 sound/soc/mediatek/mt8195/mt8195-afe-pcm.c         |    6 +-
 sound/soc/mediatek/mt8195/mt8195-dai-etdm.c        |    2 +-
 sound/soc/rockchip/rockchip_pdm.c                  |  112 +-
 sound/soc/rockchip/rockchip_pdm.h                  |    6 +
 sound/soc/soc-topology.c                           |    6 +-
 sound/soc/sof/control.c                            |  192 +-
 sound/soc/sof/core.c                               |    5 +-
 sound/soc/sof/ipc.c                                |   28 +
 sound/soc/sof/sof-audio.h                          |    5 +
 sound/soc/ti/Kconfig                               |    2 +-
 50 files changed, 8973 insertions(+), 176 deletions(-)
 delete mode 100644 Documentation/devicetree/bindings/sound/bt-sco.txt
 create mode 100644 Documentation/devicetree/bindings/sound/cs35l41.yaml
 create mode 100644 Documentation/devicetree/bindings/sound/linux,bt-sco.yaml
 create mode 100644 Documentation/devicetree/bindings/sound/linux,spdif-dit.yaml
 delete mode 100644 Documentation/devicetree/bindings/sound/name-prefix.txt
 create mode 100644 Documentation/devicetree/bindings/sound/name-prefix.yaml
 create mode 100644 Documentation/devicetree/bindings/sound/realtek,rt5682s.yaml
 delete mode 100644 Documentation/devicetree/bindings/sound/rockchip,pdm.txt
 create mode 100644 Documentation/devicetree/bindings/sound/rockchip,pdm.yaml
 delete mode 100644 Documentation/devicetree/bindings/sound/simple-amplifier.txt
 create mode 100644 Documentation/devicetree/bindings/sound/simple-audio-amplifier.yaml
 delete mode 100644 Documentation/devicetree/bindings/sound/spdif-transmitter.txt
 create mode 100644 Documentation/devicetree/bindings/sound/wlf,wm8978.yaml
 create mode 100644 include/sound/cs35l41.h
 create mode 100644 include/sound/rt5682s.h
 create mode 100644 sound/soc/codecs/cs35l41-i2c.c
 create mode 100644 sound/soc/codecs/cs35l41-spi.c
 create mode 100644 sound/soc/codecs/cs35l41-tables.c
 create mode 100644 sound/soc/codecs/cs35l41.c
 create mode 100644 sound/soc/codecs/cs35l41.h
 create mode 100644 sound/soc/codecs/rt5682s.c
 create mode 100644 sound/soc/codecs/rt5682s.h
Merging modules/modules-next (ced75a2f5da7 MAINTAINERS: Add Luis Chamberlain as modules maintainer)
$ git merge modules/modules-next
Already up to date.
Merging input/next (e2afe95a87a2 dt-bindings: input: Add binding for cypress-sf)
$ git merge input/next
Auto-merging drivers/input/keyboard/Kconfig
Auto-merging MAINTAINERS
Merge made by the 'recursive' strategy.
 .../devicetree/bindings/input/cypress-sf.yaml      |  61 ++++++
 MAINTAINERS                                        |   7 +
 drivers/input/keyboard/Kconfig                     |  10 +
 drivers/input/keyboard/Makefile                    |   1 +
 drivers/input/keyboard/cypress-sf.c                | 224 +++++++++++++++++++++
 drivers/input/misc/cpcap-pwrbutton.c               |   6 +-
 drivers/input/misc/palmas-pwrbutton.c              |   5 +
 drivers/input/touchscreen/ads7846.c                | 192 +++++++-----------
 drivers/input/touchscreen/raydium_i2c_ts.c         |  50 ++++-
 include/linux/spi/ads7846.h                        |  15 --
 10 files changed, 427 insertions(+), 144 deletions(-)
 create mode 100644 Documentation/devicetree/bindings/input/cypress-sf.yaml
 create mode 100644 drivers/input/keyboard/cypress-sf.c
Merging block/for-next (291470332387 Merge branch 'iov_iter' into for-next)
$ git merge block/for-next
Merge made by the 'recursive' strategy.
 fs/io_uring.c       | 42 +++++++++++++++++++++++-------------------
 include/linux/uio.h | 22 +++++++++++++++++-----
 lib/iov_iter.c      | 42 ++++++++++++++++++++++++++++++++++++++++++
 3 files changed, 82 insertions(+), 24 deletions(-)
Merging device-mapper/for-next (d3703ef33129 dm crypt: use in_hardirq() instead of deprecated in_irq())
$ git merge device-mapper/for-next
Already up to date.
Merging libata/for-next (6880fa6c5660 Linux 5.15-rc1)
$ git merge libata/for-next
Already up to date.
Merging pcmcia/pcmcia-next (e39cdacf2f66 pcmcia: i82092: fix a null pointer dereference bug)
$ git merge pcmcia/pcmcia-next
Already up to date.
Merging mmc/next (b81bede4d138 mmc: renesas_sdhi: fix regression with hard reset on old SDHIs)
$ git merge mmc/next
Already up to date.
Merging mfd/for-mfd-next (cdff1eda6932 mfd: lpc_sch: Rename GPIOBASE to prevent build error)
$ git merge mfd/for-mfd-next
Already up to date.
Merging backlight/for-backlight-next (79fad92f2e59 backlight: pwm_bl: Improve bootloader/kernel device handover)
$ git merge backlight/for-backlight-next
Already up to date.
Merging battery/for-next (c9398455b046 power: supply: core: Fix parsing of battery chemistry/technology)
$ git merge battery/for-next
Already up to date.
Merging regulator/for-next (fa108e34d765 Merge remote-tracking branch 'regulator/for-5.16' into regulator-next)
$ git merge regulator/for-next
Removing Documentation/devicetree/bindings/regulator/sy8106a-regulator.txt
Merge made by the 'recursive' strategy.
 .../bindings/regulator/silergy,sy8106a.yaml        | 52 ++++++++++++++++++++++
 .../bindings/regulator/sy8106a-regulator.txt       | 23 ----------
 drivers/regulator/Kconfig                          |  2 +-
 drivers/regulator/core.c                           |  7 +--
 drivers/regulator/ti-abb-regulator.c               | 31 +++----------
 drivers/regulator/vqmmc-ipq4019-regulator.c        |  4 +-
 6 files changed, 64 insertions(+), 55 deletions(-)
 create mode 100644 Documentation/devicetree/bindings/regulator/silergy,sy8106a.yaml
 delete mode 100644 Documentation/devicetree/bindings/regulator/sy8106a-regulator.txt
Merging security/next-testing (047843bdb316 Merge branch 'landlock_lsm_v34' into next-testing)
$ git merge security/next-testing
Already up to date.
Merge made by the 'recursive' strategy.
Merging apparmor/apparmor-next (d108370c644b apparmor: fix error check)
$ git merge apparmor/apparmor-next
Auto-merging security/apparmor/policy_unpack.c
Auto-merging security/apparmor/policy.c
Auto-merging security/apparmor/lsm.c
Auto-merging security/apparmor/label.c
Auto-merging security/apparmor/include/label.h
Auto-merging security/apparmor/include/file.h
Auto-merging security/apparmor/apparmorfs.c
Merge made by the 'recursive' strategy.
 security/apparmor/apparmorfs.c     |  4 +--
 security/apparmor/include/file.h   |  2 +-
 security/apparmor/include/label.h  |  1 +
 security/apparmor/include/policy.h |  6 ++--
 security/apparmor/label.c          |  4 +--
 security/apparmor/lsm.c            | 22 +++++++-------
 security/apparmor/path.c           |  2 +-
 security/apparmor/policy.c         | 59 ++++++++++++++++++++++++++++++++------
 security/apparmor/policy_unpack.c  |  2 +-
 9 files changed, 73 insertions(+), 29 deletions(-)
Merging integrity/next-integrity (836f7b6ca082 ima: fix deadlock when traversing "ima_default_rules".)
$ git merge integrity/next-integrity
Merge made by the 'recursive' strategy.
 security/integrity/ima/ima_policy.c | 17 ++++++++++++-----
 1 file changed, 12 insertions(+), 5 deletions(-)
Merging keys/keys-next (e377c31f788f integrity: Load mokx variables into the blacklist keyring)
$ git merge keys/keys-next
Auto-merging scripts/Makefile
Auto-merging include/keys/system_keyring.h
Auto-merging certs/system_keyring.c
CONFLICT (content): Merge conflict in certs/system_keyring.c
Auto-merging certs/Makefile
Auto-merging certs/Kconfig
Resolved 'certs/system_keyring.c' using previous resolution.
Automatic merge failed; fix conflicts and then commit the result.
$ git commit --no-edit -v -a
[master ffc42a0fd393] Merge remote-tracking branch 'keys/keys-next'
$ git diff -M --stat --summary HEAD^..
Merging safesetid/safesetid-next (1b8b71922919 LSM: SafeSetID: Mark safesetid_initialized as __initdata)
$ git merge safesetid/safesetid-next
Already up to date.
Merging selinux/next (6880fa6c5660 Linux 5.15-rc1)
$ git merge selinux/next
Already up to date.
Merging smack/next (bfc3cac0c761 smack: mark 'smack_enabled' global variable as __initdata)
$ git merge smack/next
Already up to date.
Merging tomoyo/master (7d2a07b76933 Linux 5.14)
$ git merge tomoyo/master
Already up to date.
Merging tpmdd/next (f985911b7bc7 crypto: public_key: fix overflow during implicit conversion)
$ git merge tpmdd/next
Already up to date.
Merging watchdog/master (41e73feb1024 dt-bindings: watchdog: Add compatible for Mediatek MT7986)
$ git merge watchdog/master
Already up to date.
Merging iommu/next (b58886bf14da Merge branch 'iommu/fixes' into next)
$ git merge iommu/next
Already up to date.
Merge made by the 'recursive' strategy.
Merging audit/next (57d4374be94a audit: rename struct node to struct audit_node to prevent future name collisions)
$ git merge audit/next
Merge made by the 'recursive' strategy.
 kernel/audit_tree.c | 20 ++++++++++----------
 1 file changed, 10 insertions(+), 10 deletions(-)
Merging devicetree/for-next (53182e81f47d kbuild: Enable DT schema checks for %.dtb targets)
$ git merge devicetree/for-next
Auto-merging Makefile
Removing Documentation/devicetree/bindings/w1/w1-gpio.txt
Removing Documentation/devicetree/bindings/usb/udc-xilinx.txt
Removing Documentation/devicetree/bindings/memory-controllers/fsl/ddr.txt
Removing Documentation/devicetree/bindings/gnss/u-blox.txt
Auto-merging Documentation/devicetree/bindings/arm/cpus.yaml
Removing Documentation/devicetree/bindings/arm/cci.txt
Merge made by the 'recursive' strategy.
 .../devicetree/bindings/arm/arm,cci-400.yaml       | 216 ++++++++++++++++++++
 .../devicetree/bindings/arm/cci-control-port.yaml  |  38 ++++
 Documentation/devicetree/bindings/arm/cci.txt      | 224 ---------------------
 Documentation/devicetree/bindings/arm/cpus.yaml    |   2 +
 .../devicetree/bindings/gnss/u-blox,neo-6m.yaml    |  62 ++++++
 Documentation/devicetree/bindings/gnss/u-blox.txt  |  45 -----
 .../devicetree/bindings/media/ti,cal.yaml          |   4 +-
 .../bindings/memory-controllers/fsl/ddr.txt        |  29 ---
 .../bindings/memory-controllers/fsl/fsl,ddr.yaml   |  83 ++++++++
 .../bindings/reserved-memory/memory-region.yaml    |  40 ++++
 .../bindings/reserved-memory/reserved-memory.txt   | 172 +---------------
 .../bindings/reserved-memory/reserved-memory.yaml  | 100 +++++++++
 .../bindings/reserved-memory/shared-dma-pool.yaml  |  87 ++++++++
 .../devicetree/bindings/usb/udc-xilinx.txt         |  18 --
 .../devicetree/bindings/usb/xlnx,usb2.yaml         |  41 ++++
 Documentation/devicetree/bindings/w1/w1-gpio.txt   |  27 ---
 Documentation/devicetree/bindings/w1/w1-gpio.yaml  |  44 ++++
 Makefile                                           |  10 +-
 18 files changed, 722 insertions(+), 520 deletions(-)
 create mode 100644 Documentation/devicetree/bindings/arm/arm,cci-400.yaml
 create mode 100644 Documentation/devicetree/bindings/arm/cci-control-port.yaml
 delete mode 100644 Documentation/devicetree/bindings/arm/cci.txt
 create mode 100644 Documentation/devicetree/bindings/gnss/u-blox,neo-6m.yaml
 delete mode 100644 Documentation/devicetree/bindings/gnss/u-blox.txt
 delete mode 100644 Documentation/devicetree/bindings/memory-controllers/fsl/ddr.txt
 create mode 100644 Documentation/devicetree/bindings/memory-controllers/fsl/fsl,ddr.yaml
 create mode 100644 Documentation/devicetree/bindings/reserved-memory/memory-region.yaml
 create mode 100644 Documentation/devicetree/bindings/reserved-memory/reserved-memory.yaml
 create mode 100644 Documentation/devicetree/bindings/reserved-memory/shared-dma-pool.yaml
 delete mode 100644 Documentation/devicetree/bindings/usb/udc-xilinx.txt
 create mode 100644 Documentation/devicetree/bindings/usb/xlnx,usb2.yaml
 delete mode 100644 Documentation/devicetree/bindings/w1/w1-gpio.txt
 create mode 100644 Documentation/devicetree/bindings/w1/w1-gpio.yaml
Merging mailbox/mailbox-for-next (85dfdbfc13ea mailbox: cmdq: add multi-gce clocks support for mt8195)
$ git merge mailbox/mailbox-for-next
Already up to date.
Merging spi/for-next (69dde9e5a835 Merge remote-tracking branch 'spi/for-5.16' into spi-next)
$ git merge spi/for-next
Merge made by the 'recursive' strategy.
 .../devicetree/bindings/spi/ingenic,spi.yaml       |  72 +++
 arch/mips/boot/dts/ingenic/ci20.dts                |   9 +-
 arch/mips/boot/dts/ingenic/jz4780.dtsi             |  44 +-
 drivers/spi/Kconfig                                |   9 +
 drivers/spi/Makefile                               |   1 +
 drivers/spi/spi-amd.c                              | 113 ++---
 drivers/spi/spi-ingenic.c                          | 482 +++++++++++++++++++++
 7 files changed, 645 insertions(+), 85 deletions(-)
 create mode 100644 Documentation/devicetree/bindings/spi/ingenic,spi.yaml
 create mode 100644 drivers/spi/spi-ingenic.c
Merging tip/auto-latest (5448a9e9f16a Merge branch 'x86/urgent')
$ git merge tip/auto-latest
Merge made by the 'recursive' strategy.
 arch/x86/Kconfig          | 5 +++++
 arch/x86/mm/init_64.c     | 6 +++---
 arch/x86/mm/pat/memtype.c | 7 ++++++-
 3 files changed, 14 insertions(+), 4 deletions(-)
Merging clockevents/timers/drivers/next (f196ae282070 dt-bindings: timer: Add ABIs for new Ingenic SoCs)
$ git merge clockevents/timers/drivers/next
Already up to date.
Merging edac/edac-for-next (cf4e6d52f583 EDAC/i10nm: Retrieve and print retry_rd_err_log registers)
$ git merge edac/edac-for-next
Already up to date.
Merging irqchip/irq/irqchip-next (6e3b473ee064 Merge branch irq/qcom-pdc-nowake-cleanup into irq/irqchip-next)
$ git merge irqchip/irq/irqchip-next
Already up to date.
Merging ftrace/for-next (5dfe50b05588 bootconfig: Rename xbc_node_find_child() to xbc_node_find_subkey())
$ git merge ftrace/for-next
Already up to date.
Merging rcu/rcu/next (dd1b86279856 hrtimer: Don't apply offset to KTIME_MAX values)
$ git merge rcu/rcu/next
Merge made by the 'recursive' strategy.
 .../Memory-Ordering/Tree-RCU-Memory-Ordering.rst   |  69 +++++++-------
 Documentation/RCU/stallwarn.rst                    |  10 ++
 arch/sh/configs/sdk7786_defconfig                  |   1 -
 arch/xtensa/configs/nommu_kc705_defconfig          |   1 -
 include/linux/kcsan-checks.h                       |   3 +
 include/linux/rcupdate.h                           |   3 +-
 include/linux/rcupdate_trace.h                     |   5 +-
 include/linux/torture.h                            |   8 ++
 kernel/kcsan/core.c                                |  75 ++++++++-------
 kernel/kcsan/kcsan.h                               |   8 +-
 kernel/kcsan/kcsan_test.c                          |  62 +++++++++----
 kernel/kcsan/report.c                              |  77 +++++++++++++---
 kernel/kcsan/selftest.c                            |  72 ++++++---------
 kernel/locking/locktorture.c                       |  14 +--
 kernel/rcu/rcuscale.c                              |  10 +-
 kernel/rcu/rcutorture.c                            |  86 +++++++++++-------
 kernel/rcu/refscale.c                              |   6 +-
 kernel/rcu/tasks.h                                 | 101 ++++++++++-----------
 kernel/rcu/tree.c                                  |  34 +++----
 kernel/rcu/tree_exp.h                              |   3 +-
 kernel/rcu/tree_nocb.h                             |   2 +-
 kernel/rcu/tree_plugin.h                           |   3 +-
 kernel/rcu/update.c                                |   8 +-
 kernel/scftorture.c                                |  43 +++++----
 kernel/time/clocksource-wdtest.c                   |   5 +-
 kernel/time/clocksource.c                          |  31 ++++---
 kernel/time/hrtimer.c                              |   6 +-
 tools/rcu/extract-stall.sh                         |  33 +++++++
 .../testing/selftests/rcutorture/bin/kvm-remote.sh |   1 +
 tools/testing/selftests/rcutorture/bin/kvm.sh      |   2 +-
 tools/testing/selftests/rcutorture/bin/torture.sh  |  11 ++-
 31 files changed, 477 insertions(+), 316 deletions(-)
 create mode 100644 tools/rcu/extract-stall.sh
Merging kvm/next (109bbba5066b KVM: Drop unused kvm_dirty_gfn_invalid())
$ git merge kvm/next
Already up to date.
Merging kvm-arm/next (419025b3b419 Merge branch kvm-arm64/misc-5.15 into kvmarm-master/next)
$ git merge kvm-arm/next
Already up to date.
Merging kvm-ppc/kvm-ppc-next (72476aaa4691 KVM: PPC: Book3S HV: Fix host radix SLB optimisation with hash guests)
$ git merge kvm-ppc/kvm-ppc-next
Already up to date.
Merging kvms390/next (a3e03bc1368c KVM: s390: index kvm->arch.idle_mask by vcpu_idx)
$ git merge kvms390/next
Already up to date.
Merging xen-tip/linux-next (58e636039b51 xen: remove stray preempt_disable() from PV AP startup code)
$ git merge xen-tip/linux-next
Already up to date.
Merging percpu/for-next (a81a52b325ec Merge branch 'for-5.14-fixes' into for-next)
$ git merge percpu/for-next
Already up to date.
Merge made by the 'recursive' strategy.
Merging workqueues/for-next (6880fa6c5660 Linux 5.15-rc1)
$ git merge workqueues/for-next
Already up to date.
Merging drivers-x86/for-next (6880fa6c5660 Linux 5.15-rc1)
$ git merge drivers-x86/for-next
Already up to date.
Merging chrome-platform/for-next (4665584888ad platform/chrome: cros_ec_trace: Fix format warnings)
$ git merge chrome-platform/for-next
Already up to date.
Merging hsi/for-next (e73f0f0ee754 Linux 5.14-rc1)
$ git merge hsi/for-next
Already up to date.
Merging leds/for-next (6880fa6c5660 Linux 5.15-rc1)
$ git merge leds/for-next
Already up to date.
Merging ipmi/for-next (6880fa6c5660 Linux 5.15-rc1)
$ git merge ipmi/for-next
Already up to date.
Merging driver-core/driver-core-next (6880fa6c5660 Linux 5.15-rc1)
$ git merge driver-core/driver-core-next
Already up to date.
Merging usb/usb-next (6880fa6c5660 Linux 5.15-rc1)
$ git merge usb/usb-next
Already up to date.
Merging usb-gadget/next (e49d033bddf5 Linux 5.12-rc6)
$ git merge usb-gadget/next
Already up to date.
Merging usb-serial/usb-next (6880fa6c5660 Linux 5.15-rc1)
$ git merge usb-serial/usb-next
Already up to date.
Merging usb-chipidea-next/for-usb-next (e5d6a7c6cfae usb: chipidea: host: fix port index underflow and UBSAN complains)
$ git merge usb-chipidea-next/for-usb-next
Already up to date.
Merging tty/tty-next (6880fa6c5660 Linux 5.15-rc1)
$ git merge tty/tty-next
Already up to date.
Merging char-misc/char-misc-next (6880fa6c5660 Linux 5.15-rc1)
$ git merge char-misc/char-misc-next
Already up to date.
Merging extcon/extcon-next (07de34f5ce1e extcon: max3355: Drop unused include)
$ git merge extcon/extcon-next
Merge made by the 'recursive' strategy.
 drivers/extcon/extcon-max3355.c  | 1 -
 drivers/extcon/extcon-usb-gpio.c | 3 +--
 2 files changed, 1 insertion(+), 3 deletions(-)
Merging phy-next/next (6880fa6c5660 Linux 5.15-rc1)
$ git merge phy-next/next
Already up to date.
Merging soundwire/next (6880fa6c5660 Linux 5.15-rc1)
$ git merge soundwire/next
Already up to date.
Merging thunderbolt/next (42716425ad7e thunderbolt: Fix port linking by checking all adapters)
$ git merge thunderbolt/next
Already up to date.
Merging vfio/next (ea870730d83f Merge branches 'v5.15/vfio/spdx-license-cleanups', 'v5.15/vfio/dma-valid-waited-v3', 'v5.15/vfio/vfio-pci-core-v5' and 'v5.15/vfio/vfio-ap' into v5.15/vfio/next)
$ git merge vfio/next
Already up to date.
Merging staging/staging-next (0af8efc197d7 staging: r8188eu: remove rtl8188e_set_hal_ops())
$ git merge staging/staging-next
Removing drivers/staging/r8188eu/include/rtw_ioctl_rtl.h
Merge made by the 'recursive' strategy.
 drivers/staging/axis-fifo/axis-fifo.c              |  88 ++----
 drivers/staging/fbtft/fbtft-core.c                 |   3 +-
 drivers/staging/mt7621-dma/hsdma-mt7621.c          |   6 +-
 drivers/staging/pi433/pi433_if.h                   |  23 +-
 drivers/staging/r8188eu/Kconfig                    |  10 -
 drivers/staging/r8188eu/core/rtw_ap.c              |  17 +-
 drivers/staging/r8188eu/core/rtw_cmd.c             |  53 +---
 drivers/staging/r8188eu/core/rtw_debug.c           |  26 +-
 drivers/staging/r8188eu/core/rtw_efuse.c           | 195 +++----------
 drivers/staging/r8188eu/core/rtw_ieee80211.c       |  38 +--
 drivers/staging/r8188eu/core/rtw_ioctl_set.c       |   5 -
 drivers/staging/r8188eu/core/rtw_iol.c             |  12 +-
 drivers/staging/r8188eu/core/rtw_mlme.c            |  31 +-
 drivers/staging/r8188eu/core/rtw_mlme_ext.c        | 187 ++----------
 drivers/staging/r8188eu/core/rtw_mp.c              |  23 +-
 drivers/staging/r8188eu/core/rtw_mp_ioctl.c        |  18 +-
 drivers/staging/r8188eu/core/rtw_p2p.c             |  20 +-
 drivers/staging/r8188eu/core/rtw_pwrctrl.c         |  27 --
 drivers/staging/r8188eu/core/rtw_recv.c            |  17 +-
 drivers/staging/r8188eu/core/rtw_security.c        | 197 ++++---------
 drivers/staging/r8188eu/core/rtw_sreset.c          |   2 +-
 drivers/staging/r8188eu/core/rtw_sta_mgt.c         |  24 +-
 drivers/staging/r8188eu/core/rtw_wlan_util.c       | 101 +------
 drivers/staging/r8188eu/core/rtw_xmit.c            |  25 +-
 drivers/staging/r8188eu/hal/HalHWImg8188E_BB.c     |   4 +-
 drivers/staging/r8188eu/hal/HalHWImg8188E_MAC.c    |   2 +-
 drivers/staging/r8188eu/hal/HalHWImg8188E_RF.c     |   2 +-
 drivers/staging/r8188eu/hal/HalPhyRf_8188e.c       |  17 +-
 drivers/staging/r8188eu/hal/hal_com.c              |  13 +-
 drivers/staging/r8188eu/hal/hal_intf.c             | 319 +--------------------
 drivers/staging/r8188eu/hal/odm.c                  |  32 +--
 drivers/staging/r8188eu/hal/odm_HWConfig.c         |  13 -
 drivers/staging/r8188eu/hal/odm_interface.c        |  80 ------
 drivers/staging/r8188eu/hal/rtl8188e_cmd.c         |   5 +-
 drivers/staging/r8188eu/hal/rtl8188e_hal_init.c    | 176 ++----------
 drivers/staging/r8188eu/hal/rtl8188e_mp.c          | 159 ++--------
 drivers/staging/r8188eu/hal/rtl8188e_phycfg.c      | 205 -------------
 drivers/staging/r8188eu/hal/rtl8188eu_xmit.c       |  34 +--
 drivers/staging/r8188eu/hal/usb_halinit.c          |  55 +---
 drivers/staging/r8188eu/hal/usb_ops_linux.c        |   4 +-
 drivers/staging/r8188eu/include/Hal8188EPhyCfg.h   |  13 -
 drivers/staging/r8188eu/include/HalVerDef.h        |  61 ----
 drivers/staging/r8188eu/include/drv_types.h        |   8 -
 drivers/staging/r8188eu/include/hal_intf.h         | 245 ++--------------
 drivers/staging/r8188eu/include/ieee80211.h        |  40 ---
 drivers/staging/r8188eu/include/ioctl_cfg80211.h   |   2 -
 drivers/staging/r8188eu/include/mp_custom_oid.h    | 270 +----------------
 drivers/staging/r8188eu/include/odm.h              |  10 +-
 drivers/staging/r8188eu/include/odm_HWConfig.h     |   9 -
 drivers/staging/r8188eu/include/odm_interface.h    |  45 ---
 drivers/staging/r8188eu/include/osdep_service.h    |  15 -
 drivers/staging/r8188eu/include/rtl8188e_cmd.h     |   2 -
 drivers/staging/r8188eu/include/rtl8188e_hal.h     |  12 +-
 drivers/staging/r8188eu/include/rtl8188e_led.h     |   2 -
 drivers/staging/r8188eu/include/rtw_ap.h           |   5 -
 drivers/staging/r8188eu/include/rtw_cmd.h          |   4 -
 drivers/staging/r8188eu/include/rtw_debug.h        |   8 -
 drivers/staging/r8188eu/include/rtw_eeprom.h       |   2 +-
 drivers/staging/r8188eu/include/rtw_efuse.h        |   9 -
 drivers/staging/r8188eu/include/rtw_io.h           |   2 -
 drivers/staging/r8188eu/include/rtw_ioctl_rtl.h    |  63 ----
 drivers/staging/r8188eu/include/rtw_iol.h          |   6 +-
 drivers/staging/r8188eu/include/rtw_mlme.h         |   5 -
 drivers/staging/r8188eu/include/rtw_mlme_ext.h     |  10 -
 drivers/staging/r8188eu/include/rtw_mp.h           |   2 -
 drivers/staging/r8188eu/include/rtw_mp_ioctl.h     |   1 -
 drivers/staging/r8188eu/include/rtw_pwrctrl.h      |   2 -
 drivers/staging/r8188eu/include/rtw_security.h     |  20 +-
 drivers/staging/r8188eu/include/rtw_xmit.h         |   2 -
 drivers/staging/r8188eu/include/sta_info.h         |   7 -
 drivers/staging/r8188eu/include/usb_osintf.h       |   2 -
 drivers/staging/r8188eu/include/wifi.h             |  52 ----
 drivers/staging/r8188eu/os_dep/ioctl_linux.c       | 121 +++-----
 drivers/staging/r8188eu/os_dep/mlme_linux.c        |   4 -
 drivers/staging/r8188eu/os_dep/os_intfs.c          |  44 +--
 drivers/staging/r8188eu/os_dep/osdep_service.c     |  12 -
 drivers/staging/r8188eu/os_dep/usb_intf.c          |  82 +-----
 drivers/staging/r8188eu/os_dep/usb_ops_linux.c     |   2 -
 drivers/staging/rtl8723bs/core/rtw_ap.c            |  23 +-
 drivers/staging/rtl8723bs/core/rtw_cmd.c           |  99 +++----
 drivers/staging/rtl8723bs/core/rtw_ioctl_set.c     |   4 +-
 drivers/staging/rtl8723bs/core/rtw_mlme.c          |  12 +-
 drivers/staging/rtl8723bs/core/rtw_mlme_ext.c      |  63 ++--
 drivers/staging/rtl8723bs/core/rtw_recv.c          |  22 +-
 drivers/staging/rtl8723bs/core/rtw_security.c      |   6 +-
 drivers/staging/rtl8723bs/core/rtw_sta_mgt.c       |  15 +-
 drivers/staging/rtl8723bs/core/rtw_xmit.c          |  46 +--
 drivers/staging/rtl8723bs/hal/rtl8723bs_recv.c     |   6 +-
 drivers/staging/rtl8723bs/hal/rtl8723bs_xmit.c     |   2 -
 drivers/staging/rtl8723bs/os_dep/ioctl_cfg80211.c  |  24 +-
 drivers/staging/rtl8723bs/os_dep/ioctl_linux.c     |  32 +--
 drivers/staging/rtl8723bs/os_dep/os_intfs.c        |   4 +-
 drivers/staging/rtl8723bs/os_dep/osdep_service.c   |   7 -
 .../vc04_services/interface/vchiq_arm/vchiq_dev.c  |  71 +----
 drivers/staging/wlan-ng/hfa384x.h                  |   2 +-
 drivers/staging/wlan-ng/hfa384x_usb.c              |   2 +-
 drivers/staging/wlan-ng/p80211conv.c               |   2 +-
 drivers/staging/wlan-ng/p80211conv.h               |   2 +-
 drivers/staging/wlan-ng/p80211hdr.h                |   2 +-
 drivers/staging/wlan-ng/p80211ioctl.h              |   2 +-
 drivers/staging/wlan-ng/p80211mgmt.h               |   2 +-
 drivers/staging/wlan-ng/p80211msg.h                |   2 +-
 drivers/staging/wlan-ng/p80211netdev.c             |   2 +-
 drivers/staging/wlan-ng/p80211netdev.h             |   2 +-
 drivers/staging/wlan-ng/p80211req.c                |   2 +-
 drivers/staging/wlan-ng/p80211req.h                |   2 +-
 drivers/staging/wlan-ng/p80211types.h              |   2 +-
 drivers/staging/wlan-ng/p80211wep.c                |   2 +-
 drivers/staging/wlan-ng/prism2mgmt.c               |   2 +-
 drivers/staging/wlan-ng/prism2mgmt.h               |   2 +-
 drivers/staging/wlan-ng/prism2mib.c                |   2 +-
 drivers/staging/wlan-ng/prism2sta.c                |   2 +-
 112 files changed, 628 insertions(+), 3313 deletions(-)
 delete mode 100644 drivers/staging/r8188eu/include/rtw_ioctl_rtl.h
Merging iio/togreg (d484c21bacfa iio: adc: Add driver for Renesas RZ/G2L A/D converter)
$ git merge iio/togreg
Already up to date.
Merging mux/for-next (3516bd729358 Merge tag 's390-5.11-3' of git://git.kernel.org/pub/scm/linux/kernel/git/s390/linux)
$ git merge mux/for-next
Already up to date.
Merging icc/icc-next (8bf5d31c4f06 interconnect: qcom: osm-l3: Use driver-specific naming)
$ git merge icc/icc-next
Already up to date.
Merging dmaengine/next (6880fa6c5660 Linux 5.15-rc1)
$ git merge dmaengine/next
Already up to date.
Merging cgroup/for-next (c0002d11d799 cgroupv2, docs: fix misinformation in "device controller" section)
$ git merge cgroup/for-next
Merge made by the 'recursive' strategy.
 Documentation/admin-guide/cgroup-v2.rst | 28 ++++++++---------
 kernel/cgroup/cpuset.c                  | 56 +++++++++++++++++----------------
 2 files changed, 43 insertions(+), 41 deletions(-)
Merging scsi/for-next (27f681116fdf Merge branch 'misc' into for-next)
$ git merge scsi/for-next
Already up to date.
Merge made by the 'recursive' strategy.
Merging scsi-mkp/for-next (8bad75aca006 scsi: ufs: ufs-pci: Fix Intel LKF link stability)
$ git merge scsi-mkp/for-next
Auto-merging drivers/scsi/st.c
Auto-merging drivers/scsi/sd.c
Auto-merging drivers/scsi/mpt3sas/mpt3sas_base.c
Auto-merging drivers/scsi/lpfc/lpfc_init.c
Auto-merging MAINTAINERS
Merge made by the 'recursive' strategy.
 MAINTAINERS                               |  7 ---
 drivers/scsi/elx/efct/efct_lio.c          |  4 +-
 drivers/scsi/elx/libefc/efc_device.c      |  7 ++-
 drivers/scsi/elx/libefc/efc_fabric.c      |  3 +-
 drivers/scsi/lpfc/lpfc_els.c              |  8 ++--
 drivers/scsi/lpfc/lpfc_hw4.h              |  2 +-
 drivers/scsi/lpfc/lpfc_init.c             | 20 ++++----
 drivers/scsi/lpfc/lpfc_nvme.c             |  2 -
 drivers/scsi/lpfc/lpfc_scsi.c             |  9 +---
 drivers/scsi/lpfc/lpfc_sli.c              |  5 +-
 drivers/scsi/megaraid/megaraid_sas_base.c |  7 ++-
 drivers/scsi/mpt3sas/mpt3sas_base.c       |  4 +-
 drivers/scsi/mpt3sas/mpt3sas_ctl.c        |  2 +-
 drivers/scsi/mpt3sas/mpt3sas_scsih.c      |  3 +-
 drivers/scsi/ncr53c8xx.c                  | 23 ---------
 drivers/scsi/scsi_transport_iscsi.c       |  8 ++--
 drivers/scsi/sd.c                         |  9 ++--
 drivers/scsi/sd_zbc.c                     |  6 +--
 drivers/scsi/sr_ioctl.c                   |  2 +-
 drivers/scsi/ufs/ufshcd-pci.c             | 78 +++++++++++++++++++++++++++++++
 drivers/scsi/ufs/ufshcd.c                 |  3 +-
 drivers/scsi/ufs/ufshcd.h                 |  1 +
 drivers/scsi/ufs/ufshpb.c                 |  8 ++--
 drivers/target/target_core_configfs.c     | 32 ++++++++-----
 24 files changed, 151 insertions(+), 102 deletions(-)
Merging vhost/linux-next (91dd29f67ea7 vdpa: potential uninitialized return in vhost_vdpa_va_map())
$ git merge vhost/linux-next
Merge made by the 'recursive' strategy.
 drivers/vdpa/mlx5/net/mlx5_vnet.c  |  5 +++++
 drivers/vdpa/vdpa_user/vduse_dev.c | 10 +++++-----
 drivers/vhost/vdpa.c               |  2 +-
 drivers/virtio/virtio.c            |  7 ++++++-
 4 files changed, 17 insertions(+), 7 deletions(-)
Merging rpmsg/for-next (c93ca5f21d93 Merge branches 'hwspinlock-next', 'rpmsg-next' and 'rproc-next' into for-next)
$ git merge rpmsg/for-next
Already up to date.
Merge made by the 'recursive' strategy.
Merging gpio/for-next (7ac554888233 MAINTAINERS: Remove reference to non-existing file)
$ git merge gpio/for-next
Already up to date.
Merging gpio-brgl/gpio/for-next (3ea046564039 dt-bindings: gpio: add gpio-line-names to rockchip,gpio-bank.yaml)
$ git merge gpio-brgl/gpio/for-next
Merge made by the 'recursive' strategy.
 Documentation/devicetree/bindings/gpio/rockchip,gpio-bank.yaml | 2 ++
 1 file changed, 2 insertions(+)
Merging gpio-intel/for-next (6880fa6c5660 Linux 5.15-rc1)
$ git merge gpio-intel/for-next
Already up to date.
Merging pinctrl/for-next (04853352952b Merge tag 'samsung-pinctrl-5.15' of https://git.kernel.org/pub/scm/linux/kernel/git/pinctrl/samsung into devel)
$ git merge pinctrl/for-next
Already up to date.
Merging pinctrl-intel/for-next (6880fa6c5660 Linux 5.15-rc1)
$ git merge pinctrl-intel/for-next
Already up to date.
Merging pinctrl-renesas/renesas-pinctrl (c4c4637eb57f pinctrl: renesas: Add RZ/G2L pin and gpio controller driver)
$ git merge pinctrl-renesas/renesas-pinctrl
Already up to date.
Merging pinctrl-samsung/for-next (6880fa6c5660 Linux 5.15-rc1)
$ git merge pinctrl-samsung/for-next
Already up to date.
Merging pwm/for-next (3f2b16734914 pwm: mtk-disp: Implement atomic API .get_state())
$ git merge pwm/for-next
Already up to date.
Merging userns/for-next (a3be01837fc9 Merge of ucount-fixes-for-5.14, siginfo-si_trapno-for-v5.15, and exit-cleanups-for-v5.15 for testing in linux-next)
$ git merge userns/for-next
Auto-merging include/linux/sched/signal.h
CONFLICT (content): Merge conflict in include/linux/sched/signal.h
Resolved 'include/linux/sched/signal.h' using previous resolution.
Automatic merge failed; fix conflicts and then commit the result.
$ git commit --no-edit -v -a
[master fe8e241f48e5] Merge remote-tracking branch 'userns/for-next'
$ git diff -M --stat --summary HEAD^..
 include/linux/sched/signal.h | 1 +
 1 file changed, 1 insertion(+)
Merging ktest/for-next (170f4869e662 ktest.pl: Fix the logic for truncating the size of the log file for email)
$ git merge ktest/for-next
Already up to date.
Merging kselftest/next (6880fa6c5660 Linux 5.15-rc1)
$ git merge kselftest/next
Already up to date.
Merging livepatching/for-next (cd2d68f2d6b2 Merge branch 'for-5.15/cpu-hotplug' into for-next)
$ git merge livepatching/for-next
Already up to date.
Merge made by the 'recursive' strategy.
Merging coresight/next (1efbcec2ef8c coresight: cti: Reduce scope for the variable “cs_fwnode” in cti_plat_create_connection())
$ git merge coresight/next
Merge made by the 'recursive' strategy.
Merging rtc/rtc-next (6880fa6c5660 Linux 5.15-rc1)
$ git merge rtc/rtc-next
Already up to date.
Merging nvdimm/libnvdimm-for-next (bdd3c50d83bf dax: remove bdev_dax_supported)
$ git merge nvdimm/libnvdimm-for-next
Already up to date.
Merging at24/at24/for-next (762925405482 dt-bindings: at24: add ON Semi CAT24C04 and CAT24C05)
$ git merge at24/at24/for-next
Merge made by the 'recursive' strategy.
 Documentation/devicetree/bindings/eeprom/at24.yaml | 6 ++++++
 1 file changed, 6 insertions(+)
Merging ntb/ntb-next (f96cb827ce49 ntb: ntb_pingpong: remove redundant initialization of variables msg_data and spad_data)
$ git merge ntb/ntb-next
Merge made by the 'recursive' strategy.
Merging seccomp/for-next/seccomp (b4d8a58f8dcf seccomp: Fix setting loaded filter count during TSYNC)
$ git merge seccomp/for-next/seccomp
Already up to date.
Merging kspp/for-next/kspp (0c2406ffcdfe Merge branch 'for-next/overflow' into for-next/kspp)
$ git merge kspp/for-next/kspp
Auto-merging scripts/kernel-doc
Auto-merging net/xfrm/xfrm_user.c
Auto-merging net/xfrm/xfrm_policy.c
Auto-merging lib/string_helpers.c
Auto-merging lib/string.c
Auto-merging lib/Kconfig.debug
Auto-merging include/linux/string.h
Auto-merging include/linux/ieee80211.h
Auto-merging include/linux/filter.h
Auto-merging include/linux/compiler_types.h
CONFLICT (content): Merge conflict in include/linux/compiler_types.h
Auto-merging include/linux/compiler-gcc.h
CONFLICT (content): Merge conflict in include/linux/compiler-gcc.h
Auto-merging drivers/staging/rtl8723bs/include/ieee80211.h
CONFLICT (modify/delete): drivers/staging/rtl8188eu/include/ieee80211.h deleted in HEAD and modified in kspp/for-next/kspp. Version kspp/for-next/kspp of drivers/staging/rtl8188eu/include/ieee80211.h left in tree.
Auto-merging drivers/scsi/ibmvscsi/ibmvscsi.c
Auto-merging drivers/net/ethernet/broadcom/bnxt/bnxt_dcb.c
Auto-merging drivers/net/can/usb/etas_es58x/es58x_fd.h
Auto-merging drivers/net/can/flexcan.c
Auto-merging drivers/iommu/amd/init.c
Auto-merging drivers/cxl/cxl.h
Auto-merging MAINTAINERS
Resolved 'include/linux/compiler-gcc.h' using previous resolution.
Resolved 'include/linux/compiler_types.h' using previous resolution.
Automatic merge failed; fix conflicts and then commit the result.
$ git rm -f drivers/staging/rtl8188eu/include/ieee80211.h
rm 'drivers/staging/rtl8188eu/include/ieee80211.h'
$ git commit --no-edit -v -a
[master 90301888b1cf] Merge remote-tracking branch 'kspp/for-next/kspp'
$ git diff -M --stat --summary HEAD^..
 MAINTAINERS                                       |   9 +
 arch/arm/boot/compressed/string.c                 |   1 +
 arch/s390/lib/string.c                            |   3 +
 arch/x86/boot/compressed/misc.h                   |   2 +
 arch/x86/boot/compressed/pgtable_64.c             |   2 +
 arch/x86/lib/string_32.c                          |   1 +
 drivers/char/pcmcia/cm4000_cs.c                   |   9 +-
 drivers/crypto/chelsio/chcr_crypto.h              |  14 +-
 drivers/cxl/cxl.h                                 |  61 ++---
 drivers/gpu/drm/mga/mga_ioc32.c                   |  27 +-
 drivers/hid/hid-cp2112.c                          |  14 +-
 drivers/hid/hid-roccat-kone.c                     |   2 +-
 drivers/hid/hid-roccat-kone.h                     |  12 +-
 drivers/iommu/amd/init.c                          |   9 +-
 drivers/macintosh/smu.c                           |   3 +-
 drivers/net/can/flexcan.c                         |  68 ++---
 drivers/net/can/usb/etas_es58x/es581_4.h          |   2 +-
 drivers/net/can/usb/etas_es58x/es58x_fd.h         |   2 +-
 drivers/net/ethernet/broadcom/bnxt/bnxt_dcb.c     |   4 +-
 drivers/net/ethernet/broadcom/bnxt/bnxt_dcb.h     |  14 +-
 drivers/net/wireless/ath/ath10k/bmi.h             |  10 +-
 drivers/net/wireless/ath/ath10k/htt.h             |   7 +-
 drivers/net/wireless/intel/iwlegacy/commands.h    |   6 +-
 drivers/net/wireless/intel/iwlwifi/dvm/commands.h |   6 +-
 drivers/net/wireless/intel/iwlwifi/fw/api/tx.h    |  12 +-
 drivers/scsi/aic94xx/aic94xx_sds.c                |   6 +-
 drivers/scsi/ibmvscsi/ibmvscsi.c                  |   3 +-
 drivers/scsi/qla4xxx/ql4_def.h                    |   4 +-
 drivers/staging/rtl8712/ieee80211.h               |   4 +-
 drivers/staging/rtl8723bs/include/ieee80211.h     |   6 +-
 fs/btrfs/root-tree.c                              |   6 +-
 fs/hpfs/hpfs.h                                    |   8 +-
 include/linux/compiler-gcc.h                      |   2 -
 include/linux/compiler_types.h                    |   5 -
 include/linux/filter.h                            |   6 +-
 include/linux/fortify-string.h                    |  77 ++++--
 include/linux/ieee80211.h                         |  30 +--
 include/linux/stddef.h                            |  65 ++++-
 include/linux/string.h                            |  44 +++-
 include/linux/thread_info.h                       |   2 +-
 include/scsi/sas.h                                |  12 +-
 include/uapi/drm/mga_drm.h                        |  22 +-
 include/uapi/linux/dlm_device.h                   |   4 +-
 include/uapi/linux/stddef.h                       |  37 +++
 include/uapi/rdma/rdma_user_rxe.h                 |   4 +-
 include/uapi/sound/asoc.h                         |   4 +-
 lib/.gitignore                                    |   2 +
 lib/Kconfig.debug                                 |  11 +
 lib/Makefile                                      |  34 +++
 lib/memcpy_kunit.c                                | 289 ++++++++++++++++++++++
 lib/string.c                                      | 210 +---------------
 lib/string_helpers.c                              | 195 +++++++++++++++
 lib/test_fortify/read_overflow-memchr.c           |   5 +
 lib/test_fortify/read_overflow-memchr_inv.c       |   5 +
 lib/test_fortify/read_overflow-memcmp.c           |   5 +
 lib/test_fortify/read_overflow-memscan.c          |   5 +
 lib/test_fortify/read_overflow2-memcmp.c          |   5 +
 lib/test_fortify/read_overflow2-memcpy.c          |   5 +
 lib/test_fortify/read_overflow2-memmove.c         |   5 +
 lib/test_fortify/test_fortify.h                   |  35 +++
 lib/test_fortify/write_overflow-memcpy.c          |   5 +
 lib/test_fortify/write_overflow-memmove.c         |   5 +
 lib/test_fortify/write_overflow-memset.c          |   5 +
 lib/test_fortify/write_overflow-strcpy-lit.c      |   5 +
 lib/test_fortify/write_overflow-strcpy.c          |   5 +
 lib/test_fortify/write_overflow-strlcpy-src.c     |   5 +
 lib/test_fortify/write_overflow-strlcpy.c         |   5 +
 lib/test_fortify/write_overflow-strncpy-src.c     |   5 +
 lib/test_fortify/write_overflow-strncpy.c         |   5 +
 lib/test_fortify/write_overflow-strscpy.c         |   5 +
 net/xfrm/xfrm_policy.c                            |   4 +-
 net/xfrm/xfrm_user.c                              |   2 +-
 scripts/kernel-doc                                |   9 +
 scripts/test_fortify.sh                           |  62 +++++
 security/Kconfig                                  |   3 +
 75 files changed, 1149 insertions(+), 443 deletions(-)
 create mode 100644 lib/memcpy_kunit.c
 create mode 100644 lib/test_fortify/read_overflow-memchr.c
 create mode 100644 lib/test_fortify/read_overflow-memchr_inv.c
 create mode 100644 lib/test_fortify/read_overflow-memcmp.c
 create mode 100644 lib/test_fortify/read_overflow-memscan.c
 create mode 100644 lib/test_fortify/read_overflow2-memcmp.c
 create mode 100644 lib/test_fortify/read_overflow2-memcpy.c
 create mode 100644 lib/test_fortify/read_overflow2-memmove.c
 create mode 100644 lib/test_fortify/test_fortify.h
 create mode 100644 lib/test_fortify/write_overflow-memcpy.c
 create mode 100644 lib/test_fortify/write_overflow-memmove.c
 create mode 100644 lib/test_fortify/write_overflow-memset.c
 create mode 100644 lib/test_fortify/write_overflow-strcpy-lit.c
 create mode 100644 lib/test_fortify/write_overflow-strcpy.c
 create mode 100644 lib/test_fortify/write_overflow-strlcpy-src.c
 create mode 100644 lib/test_fortify/write_overflow-strlcpy.c
 create mode 100644 lib/test_fortify/write_overflow-strncpy-src.c
 create mode 100644 lib/test_fortify/write_overflow-strncpy.c
 create mode 100644 lib/test_fortify/write_overflow-strscpy.c
 create mode 100644 scripts/test_fortify.sh
Merging cisco/for-next (9e98c678c2d6 Linux 5.1-rc1)
$ git merge cisco/for-next
Already up to date.
Merging gnss/gnss-next (0f79ce970e79 gnss: drop stray semicolons)
$ git merge gnss/gnss-next
Merge made by the 'recursive' strategy.
 drivers/gnss/mtk.c    | 2 +-
 drivers/gnss/serial.c | 2 +-
 drivers/gnss/sirf.c   | 2 +-
 drivers/gnss/ubx.c    | 2 +-
 4 files changed, 4 insertions(+), 4 deletions(-)
Merging fsi/next (9ab1428dfe2c fsi/sbefifo: Fix reset timeout)
$ git merge fsi/next
Already up to date.
Merging slimbus/for-next (6880fa6c5660 Linux 5.15-rc1)
$ git merge slimbus/for-next
Already up to date.
Merging nvmem/for-next (536267aafb8a nvmem: core: Add stubs for nvmem_cell_read_variable_le_u32/64 if !CONFIG_NVMEM)
$ git merge nvmem/for-next
Merge made by the 'recursive' strategy.
 include/linux/nvmem-consumer.h | 14 ++++++++++++++
 1 file changed, 14 insertions(+)
Merging xarray/main (2c7e57a02708 idr test suite: Improve reporting from idr_find_test_1)
$ git merge xarray/main
Already up to date.
Merging hyperv/hyperv-next (9d68cd9120e4 hv_utils: Set the maximum packet size for VSS driver to the length of the receive buffer)
$ git merge hyperv/hyperv-next
Already up to date.
Merging auxdisplay/auxdisplay (24ebc044c72e auxdisplay: Replace symbolic permissions with octal permissions)
$ git merge auxdisplay/auxdisplay
Already up to date.
Merging kgdb/kgdb/for-next (f8416aa29185 kernel: debug: Convert to SPDX identifier)
$ git merge kgdb/kgdb/for-next
Already up to date.
Merging hmm/hmm (79fbd3e1241c RDMA: Use the sg_table directly and remove the opencoded version from umem)
$ git merge hmm/hmm
Already up to date.
Merging fpga/for-next (4f45f3404960 spi: spi-altera-dfl: support n5010 feature revision)
$ git merge fpga/for-next
Already up to date.
Merging kunit/test (6880fa6c5660 Linux 5.15-rc1)
$ git merge kunit/test
Already up to date.
Merging cfi/cfi/next (ff1176468d36 Linux 5.14-rc3)
$ git merge cfi/cfi/next
Already up to date.
Merging kunit-next/kunit (6880fa6c5660 Linux 5.15-rc1)
$ git merge kunit-next/kunit
Already up to date.
Merging trivial/for-next (9ff9b0d392ea Merge tag 'net-next-5.10' of git://git.kernel.org/pub/scm/linux/kernel/git/netdev/net-next)
$ git merge trivial/for-next
Already up to date.
Merging mhi/mhi-next (813272ed5238 Merge 5.14-rc5 into char-misc-next)
$ git merge mhi/mhi-next
Already up to date.
Merging memblock/for-next (e888fa7bb882 memblock: Check memory add/cap ordering)
$ git merge memblock/for-next
Already up to date.
Merging init/init-user-pointers (38b082236e77 initramfs: use vfs_utimes in do_copy)
$ git merge init/init-user-pointers
Already up to date.
Merging counters/counters (e71ba9452f0b Linux 5.11-rc2)
$ git merge counters/counters
Already up to date.
Merging rust/rust-next (5d3986cf8ed6 MAINTAINERS: Rust)
$ git merge rust/rust-next
Auto-merging scripts/Makefile.lib
Auto-merging scripts/Makefile.build
Auto-merging samples/Kconfig
Auto-merging lib/vsprintf.c
Auto-merging lib/Kconfig.debug
Auto-merging kernel/printk/printk.c
Auto-merging kernel/kallsyms.c
Auto-merging init/Kconfig
Auto-merging include/linux/spinlock.h
Auto-merging include/linux/kallsyms.h
CONFLICT (content): Merge conflict in include/linux/kallsyms.h
Auto-merging arch/riscv/Makefile
Auto-merging Makefile
CONFLICT (content): Merge conflict in Makefile
Auto-merging MAINTAINERS
Auto-merging Documentation/process/changes.rst
Recorded preimage for 'Makefile'
Resolved 'include/linux/kallsyms.h' using previous resolution.
Automatic merge failed; fix conflicts and then commit the result.
$ git commit --no-edit -v -a
Recorded resolution for 'Makefile'.
[master ce0a79c5c5b5] Merge remote-tracking branch 'rust/rust-next'
$ git diff -M --stat --summary HEAD^..
 .gitignore                                  |    5 +
 .rustfmt.toml                               |   12 +
 Documentation/doc-guide/kernel-doc.rst      |    3 +
 Documentation/index.rst                     |    1 +
 Documentation/kbuild/kbuild.rst             |    4 +
 Documentation/process/changes.rst           |   13 +
 Documentation/rust/arch-support.rst         |   35 +
 Documentation/rust/assets/favicon-16x16.png |  Bin 0 -> 798 bytes
 Documentation/rust/assets/favicon-32x32.png |  Bin 0 -> 2076 bytes
 Documentation/rust/assets/rust-logo.png     |  Bin 0 -> 53976 bytes
 Documentation/rust/coding.rst               |   92 +
 Documentation/rust/docs.rst                 |  110 +
 Documentation/rust/index.rst                |   20 +
 Documentation/rust/quick-start.rst          |  222 ++
 MAINTAINERS                                 |   14 +
 Makefile                                    |  158 +-
 arch/arm/rust/target.json                   |   28 +
 arch/arm64/rust/target.json                 |   35 +
 arch/powerpc/rust/target.json               |   30 +
 arch/riscv/Makefile                         |    1 +
 arch/riscv/rust/rv32ima.json                |   37 +
 arch/riscv/rust/rv32imac.json               |   37 +
 arch/riscv/rust/rv64ima.json                |   37 +
 arch/riscv/rust/rv64imac.json               |   37 +
 arch/x86/rust/target.json                   |   37 +
 include/linux/kallsyms.h                    |    2 +-
 include/linux/spinlock.h                    |   17 +-
 init/Kconfig                                |   28 +
 kernel/kallsyms.c                           |    7 +
 kernel/livepatch/core.c                     |    4 +-
 kernel/printk/printk.c                      |    5 +-
 lib/Kconfig.debug                           |  144 ++
 lib/vsprintf.c                              |   12 +
 rust/.gitignore                             |    6 +
 rust/Makefile                               |  316 +++
 rust/alloc/README.md                        |   32 +
 rust/alloc/alloc.rs                         |  425 ++++
 rust/alloc/borrow.rs                        |  493 ++++
 rust/alloc/boxed.rs                         | 1728 ++++++++++++++
 rust/alloc/collections/mod.rs               |  116 +
 rust/alloc/fmt.rs                           |  587 +++++
 rust/alloc/lib.rs                           |  197 ++
 rust/alloc/macros.rs                        |  128 ++
 rust/alloc/prelude/mod.rs                   |   17 +
 rust/alloc/prelude/v1.rs                    |   16 +
 rust/alloc/raw_vec.rs                       |  612 +++++
 rust/alloc/rc.rs                            | 2539 +++++++++++++++++++++
 rust/alloc/slice.rs                         | 1271 +++++++++++
 rust/alloc/str.rs                           |  614 +++++
 rust/alloc/string.rs                        | 2847 +++++++++++++++++++++++
 rust/alloc/sync.rs                          | 2631 ++++++++++++++++++++++
 rust/alloc/vec/drain.rs                     |  157 ++
 rust/alloc/vec/drain_filter.rs              |  145 ++
 rust/alloc/vec/into_iter.rs                 |  296 +++
 rust/alloc/vec/is_zero.rs                   |  106 +
 rust/alloc/vec/mod.rs                       | 3255 +++++++++++++++++++++++++++
 rust/alloc/vec/partial_eq.rs                |   49 +
 rust/alloc/vec/set_len_on_drop.rs           |   30 +
 rust/alloc/vec/spec_extend.rs               |  170 ++
 rust/bindgen_parameters                     |   13 +
 rust/build_error.rs                         |   33 +
 rust/compiler_builtins.rs                   |  146 ++
 rust/exports.c                              |   16 +
 rust/helpers.c                              |  235 ++
 rust/kernel/allocator.rs                    |   63 +
 rust/kernel/bindings.rs                     |   28 +
 rust/kernel/bindings_helper.h               |   24 +
 rust/kernel/buffer.rs                       |   39 +
 rust/kernel/build_assert.rs                 |   80 +
 rust/kernel/c_types.rs                      |  119 +
 rust/kernel/chrdev.rs                       |  212 ++
 rust/kernel/error.rs                        |  272 +++
 rust/kernel/file.rs                         |  130 ++
 rust/kernel/file_operations.rs              |  698 ++++++
 rust/kernel/io_buffer.rs                    |  153 ++
 rust/kernel/iov_iter.rs                     |   95 +
 rust/kernel/lib.rs                          |  220 ++
 rust/kernel/linked_list.rs                  |  245 ++
 rust/kernel/miscdev.rs                      |  113 +
 rust/kernel/module_param.rs                 |  497 ++++
 rust/kernel/of.rs                           |  101 +
 rust/kernel/pages.rs                        |  176 ++
 rust/kernel/platdev.rs                      |  166 ++
 rust/kernel/prelude.rs                      |   28 +
 rust/kernel/print.rs                        |  412 ++++
 rust/kernel/random.rs                       |   50 +
 rust/kernel/raw_list.rs                     |  361 +++
 rust/kernel/rbtree.rs                       |  570 +++++
 rust/kernel/security.rs                     |   79 +
 rust/kernel/static_assert.rs                |   39 +
 rust/kernel/str.rs                          |  259 +++
 rust/kernel/sync/arc.rs                     |  227 ++
 rust/kernel/sync/condvar.rs                 |  136 ++
 rust/kernel/sync/guard.rs                   |   82 +
 rust/kernel/sync/locked_by.rs               |  112 +
 rust/kernel/sync/mod.rs                     |   84 +
 rust/kernel/sync/mutex.rs                   |  101 +
 rust/kernel/sync/spinlock.rs                |  109 +
 rust/kernel/sysctl.rs                       |  198 ++
 rust/kernel/task.rs                         |  193 ++
 rust/kernel/traits.rs                       |   26 +
 rust/kernel/types.rs                        |  249 ++
 rust/kernel/user_ptr.rs                     |  191 ++
 rust/macros/lib.rs                          |  127 ++
 rust/macros/module.rs                       |  754 +++++++
 samples/Kconfig                             |    2 +
 samples/Makefile                            |    1 +
 samples/rust/Kconfig                        |  113 +
 samples/rust/Makefile                       |   12 +
 samples/rust/rust_chrdev.rs                 |   51 +
 samples/rust/rust_minimal.rs                |   38 +
 samples/rust/rust_miscdev.rs                |  150 ++
 samples/rust/rust_module_parameters.rs      |   72 +
 samples/rust/rust_print.rs                  |   57 +
 samples/rust/rust_random.rs                 |   61 +
 samples/rust/rust_semaphore.rs              |  177 ++
 samples/rust/rust_semaphore_c.c             |  212 ++
 samples/rust/rust_stack_probing.rs          |   40 +
 samples/rust/rust_sync.rs                   |   81 +
 scripts/Makefile.build                      |   22 +
 scripts/Makefile.lib                        |   12 +
 scripts/generate_rust_analyzer.py           |  143 ++
 scripts/kallsyms.c                          |   33 +-
 scripts/kconfig/confdata.c                  |   67 +-
 scripts/rust-version.sh                     |   31 +
 tools/include/linux/kallsyms.h              |    2 +-
 tools/include/linux/lockdep.h               |    2 +-
 tools/lib/perf/include/perf/event.h         |    2 +-
 tools/lib/symbol/kallsyms.h                 |    2 +-
 129 files changed, 29588 insertions(+), 26 deletions(-)
 create mode 100644 .rustfmt.toml
 create mode 100644 Documentation/rust/arch-support.rst
 create mode 100644 Documentation/rust/assets/favicon-16x16.png
 create mode 100644 Documentation/rust/assets/favicon-32x32.png
 create mode 100644 Documentation/rust/assets/rust-logo.png
 create mode 100644 Documentation/rust/coding.rst
 create mode 100644 Documentation/rust/docs.rst
 create mode 100644 Documentation/rust/index.rst
 create mode 100644 Documentation/rust/quick-start.rst
 create mode 100644 arch/arm/rust/target.json
 create mode 100644 arch/arm64/rust/target.json
 create mode 100644 arch/powerpc/rust/target.json
 create mode 100644 arch/riscv/rust/rv32ima.json
 create mode 100644 arch/riscv/rust/rv32imac.json
 create mode 100644 arch/riscv/rust/rv64ima.json
 create mode 100644 arch/riscv/rust/rv64imac.json
 create mode 100644 arch/x86/rust/target.json
 create mode 100644 rust/.gitignore
 create mode 100644 rust/Makefile
 create mode 100644 rust/alloc/README.md
 create mode 100644 rust/alloc/alloc.rs
 create mode 100644 rust/alloc/borrow.rs
 create mode 100644 rust/alloc/boxed.rs
 create mode 100644 rust/alloc/collections/mod.rs
 create mode 100644 rust/alloc/fmt.rs
 create mode 100644 rust/alloc/lib.rs
 create mode 100644 rust/alloc/macros.rs
 create mode 100644 rust/alloc/prelude/mod.rs
 create mode 100644 rust/alloc/prelude/v1.rs
 create mode 100644 rust/alloc/raw_vec.rs
 create mode 100644 rust/alloc/rc.rs
 create mode 100644 rust/alloc/slice.rs
 create mode 100644 rust/alloc/str.rs
 create mode 100644 rust/alloc/string.rs
 create mode 100644 rust/alloc/sync.rs
 create mode 100644 rust/alloc/vec/drain.rs
 create mode 100644 rust/alloc/vec/drain_filter.rs
 create mode 100644 rust/alloc/vec/into_iter.rs
 create mode 100644 rust/alloc/vec/is_zero.rs
 create mode 100644 rust/alloc/vec/mod.rs
 create mode 100644 rust/alloc/vec/partial_eq.rs
 create mode 100644 rust/alloc/vec/set_len_on_drop.rs
 create mode 100644 rust/alloc/vec/spec_extend.rs
 create mode 100644 rust/bindgen_parameters
 create mode 100644 rust/build_error.rs
 create mode 100644 rust/compiler_builtins.rs
 create mode 100644 rust/exports.c
 create mode 100644 rust/helpers.c
 create mode 100644 rust/kernel/allocator.rs
 create mode 100644 rust/kernel/bindings.rs
 create mode 100644 rust/kernel/bindings_helper.h
 create mode 100644 rust/kernel/buffer.rs
 create mode 100644 rust/kernel/build_assert.rs
 create mode 100644 rust/kernel/c_types.rs
 create mode 100644 rust/kernel/chrdev.rs
 create mode 100644 rust/kernel/error.rs
 create mode 100644 rust/kernel/file.rs
 create mode 100644 rust/kernel/file_operations.rs
 create mode 100644 rust/kernel/io_buffer.rs
 create mode 100644 rust/kernel/iov_iter.rs
 create mode 100644 rust/kernel/lib.rs
 create mode 100644 rust/kernel/linked_list.rs
 create mode 100644 rust/kernel/miscdev.rs
 create mode 100644 rust/kernel/module_param.rs
 create mode 100644 rust/kernel/of.rs
 create mode 100644 rust/kernel/pages.rs
 create mode 100644 rust/kernel/platdev.rs
 create mode 100644 rust/kernel/prelude.rs
 create mode 100644 rust/kernel/print.rs
 create mode 100644 rust/kernel/random.rs
 create mode 100644 rust/kernel/raw_list.rs
 create mode 100644 rust/kernel/rbtree.rs
 create mode 100644 rust/kernel/security.rs
 create mode 100644 rust/kernel/static_assert.rs
 create mode 100644 rust/kernel/str.rs
 create mode 100644 rust/kernel/sync/arc.rs
 create mode 100644 rust/kernel/sync/condvar.rs
 create mode 100644 rust/kernel/sync/guard.rs
 create mode 100644 rust/kernel/sync/locked_by.rs
 create mode 100644 rust/kernel/sync/mod.rs
 create mode 100644 rust/kernel/sync/mutex.rs
 create mode 100644 rust/kernel/sync/spinlock.rs
 create mode 100644 rust/kernel/sysctl.rs
 create mode 100644 rust/kernel/task.rs
 create mode 100644 rust/kernel/traits.rs
 create mode 100644 rust/kernel/types.rs
 create mode 100644 rust/kernel/user_ptr.rs
 create mode 100644 rust/macros/lib.rs
 create mode 100644 rust/macros/module.rs
 create mode 100644 samples/rust/Kconfig
 create mode 100644 samples/rust/Makefile
 create mode 100644 samples/rust/rust_chrdev.rs
 create mode 100644 samples/rust/rust_minimal.rs
 create mode 100644 samples/rust/rust_miscdev.rs
 create mode 100644 samples/rust/rust_module_parameters.rs
 create mode 100644 samples/rust/rust_print.rs
 create mode 100644 samples/rust/rust_random.rs
 create mode 100644 samples/rust/rust_semaphore.rs
 create mode 100644 samples/rust/rust_semaphore_c.c
 create mode 100644 samples/rust/rust_stack_probing.rs
 create mode 100644 samples/rust/rust_sync.rs
 create mode 100755 scripts/generate_rust_analyzer.py
 create mode 100755 scripts/rust-version.sh
$ git am -3 ../patches/0001-fixup-for-rust-integration-with-Makefile.clang-creat.patch
Applying: fixup for rust integration with Makefile.clang creation
error: sha1 information is lacking or useless (Makefile).
error: could not build fake ancestor
hint: Use 'git am --show-current-patch=diff' to see the failed patch
Patch failed at 0001 fixup for rust integration with Makefile.clang creation
When you have resolved this problem, run "git am --continue".
If you prefer to skip this patch, run "git am --skip" instead.
To restore the original branch and stop patching, run "git am --abort".
$ git reset HEAD^
Unstaged changes after reset:
M	scripts/Makefile.clang
$ git add -A .
$ git commit -v -a --amend
[master bb63247a9488] Merge remote-tracking branch 'rust/rust-next'
 Date: Tue Sep 14 14:33:33 2021 +1000
Merging cxl/next (2b922a9d064f cxl/registers: Fix Documentation warning)
$ git merge cxl/next
Already up to date.
Merging folio/for-next (1a90e9dae32c mm/writeback: Add folio_write_one)
$ git merge folio/for-next
Auto-merging mm/workingset.c
Auto-merging mm/vmscan.c
Auto-merging mm/util.c
CONFLICT (content): Merge conflict in mm/util.c
Auto-merging mm/userfaultfd.c
Auto-merging mm/swapfile.c
Auto-merging mm/swap_state.c
Auto-merging mm/swap.c
Auto-merging mm/shmem.c
Auto-merging mm/rmap.c
CONFLICT (content): Merge conflict in mm/rmap.c
Auto-merging mm/page_owner.c
Auto-merging mm/page_alloc.c
Auto-merging mm/page-writeback.c
CONFLICT (content): Merge conflict in mm/page-writeback.c
Auto-merging mm/migrate.c
Auto-merging mm/memremap.c
Auto-merging mm/mempolicy.c
Auto-merging mm/memory.c
Auto-merging mm/memory-failure.c
Auto-merging mm/memcontrol.c
CONFLICT (content): Merge conflict in mm/memcontrol.c
Auto-merging mm/ksm.c
Auto-merging mm/khugepaged.c
Auto-merging mm/internal.h
Auto-merging mm/hugetlb.c
Auto-merging mm/huge_memory.c
Auto-merging mm/filemap.c
CONFLICT (content): Merge conflict in mm/filemap.c
Auto-merging mm/compaction.c
Auto-merging mm/Makefile
Auto-merging kernel/bpf/verifier.c
Auto-merging include/linux/writeback.h
Auto-merging include/linux/swap.h
Auto-merging include/linux/pagemap.h
Auto-merging include/linux/page_idle.h
Auto-merging include/linux/page-flags.h
Auto-merging include/linux/netfs.h
Auto-merging include/linux/mm_types.h
Auto-merging include/linux/mm.h
Auto-merging include/linux/migrate.h
Auto-merging include/linux/memcontrol.h
CONFLICT (content): Merge conflict in include/linux/memcontrol.h
Auto-merging include/linux/highmem.h
Auto-merging include/linux/highmem-internal.h
Auto-merging include/linux/backing-dev.h
Auto-merging fs/io_uring.c
Auto-merging fs/afs/write.c
Auto-merging arch/sh/include/asm/cacheflush.h
Auto-merging arch/parisc/include/asm/cacheflush.h
Auto-merging arch/nds32/include/asm/cacheflush.h
Auto-merging arch/mips/include/asm/cacheflush.h
Auto-merging arch/arm/include/asm/cacheflush.h
Auto-merging Documentation/core-api/cachetlb.rst
Resolved 'include/linux/memcontrol.h' using previous resolution.
Resolved 'mm/filemap.c' using previous resolution.
Resolved 'mm/memcontrol.c' using previous resolution.
Resolved 'mm/page-writeback.c' using previous resolution.
Resolved 'mm/rmap.c' using previous resolution.
Resolved 'mm/util.c' using previous resolution.
Automatic merge failed; fix conflicts and then commit the result.
$ git commit --no-edit -v -a
[master 668466cbffeb] Merge remote-tracking branch 'folio/for-next'
$ git diff -M --stat --summary HEAD^..
 Documentation/core-api/cachetlb.rst         |   6 +
 Documentation/core-api/mm-api.rst           |   5 +
 Documentation/filesystems/netfs_library.rst |   2 +
 arch/arc/include/asm/cacheflush.h           |   1 +
 arch/arm/include/asm/cacheflush.h           |   1 +
 arch/mips/include/asm/cacheflush.h          |   2 +
 arch/nds32/include/asm/cacheflush.h         |   1 +
 arch/nios2/include/asm/cacheflush.h         |   3 +-
 arch/parisc/include/asm/cacheflush.h        |   3 +-
 arch/sh/include/asm/cacheflush.h            |   3 +-
 arch/xtensa/include/asm/cacheflush.h        |   3 +-
 fs/afs/write.c                              |   9 +-
 fs/cachefiles/rdwr.c                        |  16 +-
 fs/io_uring.c                               |   2 +-
 fs/jfs/jfs_metapage.c                       |   1 +
 include/asm-generic/cacheflush.h            |   6 +
 include/linux/backing-dev.h                 |   6 +-
 include/linux/flex_proportions.h            |   9 +-
 include/linux/gfp.h                         |  22 +-
 include/linux/highmem-internal.h            |  11 +
 include/linux/highmem.h                     |  37 ++
 include/linux/huge_mm.h                     |  15 -
 include/linux/ksm.h                         |   4 +-
 include/linux/memcontrol.h                  | 242 +++++++-----
 include/linux/migrate.h                     |   4 +
 include/linux/mm.h                          | 239 +++++++++---
 include/linux/mm_inline.h                   | 103 +++--
 include/linux/mm_types.h                    |  77 ++++
 include/linux/mmdebug.h                     |  20 +
 include/linux/netfs.h                       |  77 ++--
 include/linux/page-flags.h                  | 267 +++++++++----
 include/linux/page_idle.h                   |  99 +++--
 include/linux/page_owner.h                  |   8 +-
 include/linux/page_ref.h                    | 158 +++++++-
 include/linux/pagemap.h                     | 585 ++++++++++++++++++----------
 include/linux/rmap.h                        |  10 +-
 include/linux/swap.h                        |  17 +-
 include/linux/vmstat.h                      | 113 +++++-
 include/linux/writeback.h                   |   9 +-
 include/trace/events/pagemap.h              |  46 ++-
 include/trace/events/writeback.h            |  28 +-
 kernel/bpf/verifier.c                       |   2 +-
 kernel/events/uprobes.c                     |   3 +-
 lib/flex_proportions.c                      |  28 +-
 mm/Makefile                                 |   2 +-
 mm/compaction.c                             |   4 +-
 mm/filemap.c                                | 567 +++++++++++++--------------
 mm/folio-compat.c                           | 142 +++++++
 mm/huge_memory.c                            |   7 +-
 mm/hugetlb.c                                |   2 +-
 mm/internal.h                               |  36 +-
 mm/khugepaged.c                             |   8 +-
 mm/ksm.c                                    |  34 +-
 mm/memcontrol.c                             | 358 +++++++++--------
 mm/memory-failure.c                         |   2 +-
 mm/memory.c                                 |  20 +-
 mm/mempolicy.c                              |  10 +
 mm/memremap.c                               |   2 +-
 mm/migrate.c                                | 189 +++++----
 mm/mlock.c                                  |   3 +-
 mm/page-writeback.c                         | 476 ++++++++++++----------
 mm/page_alloc.c                             |  14 +-
 mm/page_io.c                                |   4 +-
 mm/page_owner.c                             |  10 +-
 mm/rmap.c                                   |  14 +-
 mm/shmem.c                                  |   7 +-
 mm/swap.c                                   | 197 +++++-----
 mm/swap_state.c                             |   2 +-
 mm/swapfile.c                               |   8 +-
 mm/userfaultfd.c                            |   2 +-
 mm/util.c                                   | 111 +++---
 mm/vmscan.c                                 |   8 +-
 mm/workingset.c                             |  52 +--
 73 files changed, 2900 insertions(+), 1694 deletions(-)
 create mode 100644 mm/folio-compat.c
Merging akpm-current/current (1ee31a7d5844 hfsplus: fix out-of-bounds warnings in __hfsplus_setxattr)
$ git merge --no-ff akpm-current/current
Removing tools/include/asm-generic/bitops/find.h
Auto-merging mm/workingset.c
Auto-merging mm/vmscan.c
Auto-merging mm/rmap.c
Auto-merging mm/memremap.c
Auto-merging mm/mempolicy.c
Auto-merging mm/memory.c
Auto-merging mm/filemap.c
Auto-merging lib/vsprintf.c
Auto-merging lib/string.c
Auto-merging lib/Kconfig.debug
Auto-merging kernel/time/clocksource.c
Auto-merging kernel/sched/core.c
Auto-merging kernel/fork.c
Auto-merging init/main.c
Auto-merging include/linux/rmap.h
Auto-merging include/linux/pagemap.h
Auto-merging include/linux/mm_types.h
Auto-merging include/linux/highmem.h
Auto-merging include/linux/fs.h
Auto-merging fs/internal.h
Auto-merging drivers/scsi/lpfc/lpfc_sli.c
Auto-merging drivers/mmc/host/renesas_sdhi_core.c
Auto-merging block/blk-mq.c
Auto-merging arch/x86/Kconfig
Auto-merging arch/s390/kernel/setup.c
Auto-merging arch/s390/Kconfig
Auto-merging arch/arm64/Kconfig
Auto-merging MAINTAINERS
Merge made by the 'recursive' strategy.
 MAINTAINERS                                        |   4 +-
 arch/Kconfig                                       |  28 ++
 arch/alpha/include/asm/bitops.h                    |   2 -
 arch/arc/Kconfig                                   |   1 -
 arch/arc/include/asm/bitops.h                      |   1 -
 arch/arm/include/asm/bitops.h                      |   1 -
 arch/arm/mach-rpc/ecard.c                          |   2 +-
 arch/arm64/Kconfig                                 |   1 -
 arch/arm64/include/asm/bitops.h                    |   1 -
 arch/csky/include/asm/bitops.h                     |   1 -
 arch/h8300/include/asm/bitops.h                    |   1 -
 arch/hexagon/include/asm/bitops.h                  |   1 -
 arch/ia64/include/asm/bitops.h                     |   2 -
 arch/m68k/include/asm/bitops.h                     |   2 -
 arch/mips/Kconfig                                  |   1 -
 arch/mips/include/asm/bitops.h                     |   1 -
 arch/openrisc/include/asm/bitops.h                 |   1 -
 arch/parisc/include/asm/bitops.h                   |   2 -
 arch/powerpc/Kconfig                               |   1 +
 arch/powerpc/include/asm/bitops.h                  |   2 -
 arch/powerpc/include/asm/cputhreads.h              |   2 +-
 arch/powerpc/kernel/smp.c                          |   2 +-
 arch/powerpc/mm/book3s64/radix_tlb.c               |   4 +-
 arch/powerpc/platforms/pasemi/dma_lib.c            |   4 +-
 arch/riscv/include/asm/bitops.h                    |   1 -
 arch/s390/Kconfig                                  |   1 -
 arch/s390/include/asm/bitops.h                     |   1 -
 arch/s390/kernel/setup.c                           |   1 -
 arch/s390/kvm/kvm-s390.c                           |   2 +-
 arch/sh/include/asm/bitops.h                       |   1 -
 arch/sparc/include/asm/bitops_32.h                 |   1 -
 arch/sparc/include/asm/bitops_64.h                 |   2 -
 arch/x86/Kconfig                                   |   1 -
 arch/x86/include/asm/bitops.h                      |   2 -
 arch/x86/kernel/apic/vector.c                      |   4 +-
 arch/x86/um/Kconfig                                |   1 -
 arch/xtensa/include/asm/bitops.h                   |   1 -
 block/blk-mq.c                                     |   2 +-
 drivers/block/rnbd/rnbd-clt.c                      |   2 +-
 drivers/dma/ti/edma.c                              |   2 +-
 drivers/gpu/drm/etnaviv/etnaviv_gpu.c              |   4 +-
 drivers/hwmon/ltc2992.c                            |   3 +-
 drivers/iio/adc/ad7124.c                           |   2 +-
 drivers/infiniband/hw/irdma/hw.c                   |  16 +-
 drivers/media/cec/core/cec-core.c                  |   2 +-
 drivers/media/mc/mc-devnode.c                      |   2 +-
 drivers/mmc/host/renesas_sdhi_core.c               |   2 +-
 drivers/net/virtio_net.c                           |   2 +-
 drivers/pci/controller/dwc/pci-dra7xx.c            |   2 +-
 drivers/scsi/lpfc/lpfc_sli.c                       |  10 +-
 drivers/soc/fsl/qbman/bman_portal.c                |   2 +-
 drivers/soc/fsl/qbman/qman_portal.c                |   2 +-
 drivers/soc/ti/k3-ringacc.c                        |   4 +-
 drivers/tty/n_tty.c                                |   2 +-
 drivers/virt/acrn/ioreq.c                          |   3 +-
 fs/buffer.c                                        |  56 +++-
 fs/exec.c                                          |   4 +-
 fs/f2fs/segment.c                                  |   8 +-
 fs/hfsplus/catalog.c                               |  16 +-
 fs/hfsplus/dir.c                                   |   4 +-
 fs/hfsplus/hfsplus_raw.h                           |  12 +-
 fs/hfsplus/xattr.c                                 |  18 +-
 fs/inode.c                                         |  46 +--
 fs/internal.h                                      |   1 -
 fs/ocfs2/cluster/heartbeat.c                       |   2 +-
 fs/ocfs2/dlm/dlmdomain.c                           |   4 +-
 fs/ocfs2/dlm/dlmmaster.c                           |  18 +-
 fs/ocfs2/dlm/dlmrecovery.c                         |   2 +-
 fs/ocfs2/dlm/dlmthread.c                           |   2 +-
 fs/ocfs2/namei.c                                   |  49 +--
 fs/ocfs2/namei.h                                   |   2 +
 fs/ocfs2/refcounttree.c                            |  15 +-
 fs/ocfs2/xattr.c                                   |  12 +-
 fs/ocfs2/xattr.h                                   |   1 +
 fs/proc/fd.c                                       |  23 +-
 fs/proc/kcore.c                                    |  73 ++++
 fs/proc/page.c                                     |  40 +--
 fs/ramfs/inode.c                                   |   4 +
 include/asm-generic/bitops.h                       |   1 -
 include/asm-generic/bitops/le.h                    |  64 ----
 include/linux/bitmap.h                             |  34 +-
 include/linux/bitops.h                             |  34 --
 include/linux/cpumask.h                            |  46 ++-
 include/linux/find.h                               | 372 +++++++++++++++++++++
 include/linux/fs.h                                 |   1 +
 include/linux/highmem.h                            |  28 +-
 include/linux/mempolicy.h                          |   5 +-
 include/linux/memremap.h                           |   6 +
 include/linux/mm_types.h                           |   2 +
 include/linux/mm_types_task.h                      |   5 +
 include/linux/pagemap.h                            |  50 +++
 include/linux/rmap.h                               |   8 +-
 include/linux/sched.h                              |   8 +
 include/linux/sched/mm.h                           |  21 ++
 init/main.c                                        |  25 +-
 kernel/cpu.c                                       |   2 +-
 kernel/exit.c                                      |   2 +-
 kernel/fork.c                                      |  51 +++
 kernel/hung_task.c                                 |  44 +++
 kernel/kthread.c                                   |  21 +-
 kernel/sched/core.c                                |  35 +-
 kernel/sched/sched.h                               |   4 +-
 kernel/sysctl.c                                    |   8 +-
 kernel/time/clocksource.c                          |   4 +-
 lib/Kconfig                                        |   3 -
 lib/Kconfig.debug                                  |   6 +
 lib/find_bit.c                                     |  21 ++
 lib/find_bit_benchmark.c                           |  21 ++
 lib/genalloc.c                                     |   2 +-
 lib/string.c                                       | 130 ++++++-
 lib/test_bitmap.c                                  |  37 ++
 lib/vsprintf.c                                     |  24 +-
 mm/filemap.c                                       |   9 +-
 mm/memory.c                                        |   2 +-
 mm/memory_hotplug.c                                |   6 +
 mm/mempolicy.c                                     |  12 +-
 mm/memremap.c                                      |  20 ++
 mm/mremap.c                                        |  50 ++-
 mm/oom_kill.c                                      |   7 +-
 mm/percpu.c                                        |  35 +-
 mm/rmap.c                                          |  14 +-
 mm/truncate.c                                      |  19 +-
 mm/vmscan.c                                        |   7 +
 mm/workingset.c                                    |  10 +
 mm/zsmalloc.c                                      |  10 +-
 net/ncsi/ncsi-manage.c                             |   4 +-
 tools/include/asm-generic/bitops.h                 |   1 -
 tools/include/asm-generic/bitops/find.h            | 145 --------
 tools/include/linux/bitmap.h                       |   7 +-
 .../bitops => tools/include/linux}/find.h          |  54 ++-
 tools/lib/find_bit.c                               |  20 ++
 131 files changed, 1446 insertions(+), 674 deletions(-)
 create mode 100644 include/linux/find.h
 delete mode 100644 tools/include/asm-generic/bitops/find.h
 rename {include/asm-generic/bitops => tools/include/linux}/find.h (83%)
$ git clone -s -l -n -q . ../rebase-tmp
$ cd ../rebase-tmp
$ git checkout -b akpm remotes/origin/akpm/master
Switched to a new branch 'akpm'
$ git rebase --onto master remotes/origin/akpm/master-base
Rebasing (1/11)Rebasing (2/11)Rebasing (3/11)Rebasing (4/11)Rebasing (5/11)Rebasing (6/11)Rebasing (7/11)Rebasing (8/11)Rebasing (9/11)Rebasing (10/11)Rebasing (11/11)[KSuccessfully rebased and updated refs/heads/akpm.
$ cd ../next
$ git fetch -f ../rebase-tmp akpm:akpm/master
From ../rebase-tmp
 + 9f68c499d1b8...ad8ac96dd1d6 akpm       -> akpm/master  (forced update)
$ rm -rf ../rebase-tmp
Merging akpm/master (ad8ac96dd1d6 mm/vmalloc: add __alloc_size attributes for better bounds checking)
$ git merge --no-ff akpm/master
Merge made by the 'recursive' strategy.
 Makefile                            |  15 +++++
 drivers/of/kexec.c                  |   1 +
 include/linux/compiler_attributes.h |   6 ++
 include/linux/gfp.h                 |   2 +
 include/linux/mm.h                  |  34 -----------
 include/linux/percpu.h              |   3 +
 include/linux/slab.h                | 118 ++++++++++++++++++++++++++----------
 include/linux/vmalloc.h             |  11 ++++
 mm/memcontrol.c                     |   4 --
 mm/migrate.c                        |   6 --
 scripts/checkpatch.pl               |   3 +-
 11 files changed, 125 insertions(+), 78 deletions(-)
