$ date -R
Tue, 16 Nov 2021 08:30:07 +1100
$ git checkout master
Already on 'master'
$ git reset --hard stable
HEAD is now at ce49bfc8d037 Merge tag 'xfs-5.16-merge-5' of git://git.kernel.org/pub/scm/fs/xfs/xfs-linux
Merging origin/master (8ab774587903 Merge tag 'trace-v5.16-5' of git://git.kernel.org/pub/scm/linux/kernel/git/rostedt/linux-trace)
$ git merge -m Merge branch 'master' of git://git.kernel.org/pub/scm/linux/kernel/git/torvalds/linux.git origin/master
Updating ce49bfc8d037..8ab774587903
Fast-forward (no commit created; -m option ignored)
 Makefile                         | 10 +++-------
 include/linux/trace_events.h     |  2 +-
 init/Kconfig                     |  5 +++++
 kernel/trace/trace_events_hist.c |  9 +++++++--
 4 files changed, 16 insertions(+), 10 deletions(-)
Merging fixes/fixes (3ca706c189db drm/ttm: fix type mismatch error on sparc64)
$ git merge -m Merge branch 'fixes' of git://git.kernel.org/pub/scm/linux/kernel/git/sfr/next-fixes.git fixes/fixes
Already up to date.
Merging kbuild-current/fixes (e851dfae4371 Merge tag 'kgdb-5.16-rc1' of git://git.kernel.org/pub/scm/linux/kernel/git/danielt/linux)
$ git merge -m Merge branch 'fixes' of git://git.kernel.org/pub/scm/linux/kernel/git/masahiroy/linux-kbuild.git kbuild-current/fixes
Already up to date.
Merging arc-current/for-curr (b9cac915c541 ARC: thread_info.h: correct two typos in a comment)
$ git merge -m Merge branch 'for-curr' of git://git.kernel.org/pub/scm/linux/kernel/git/vgupta/arc.git arc-current/for-curr
Merge made by the 'recursive' strategy.
 arch/arc/include/asm/thread_info.h | 4 ++--
 1 file changed, 2 insertions(+), 2 deletions(-)
Merging arm-current/fixes (418ace9992a7 ARM: 9156/1: drop cc-option fallbacks for architecture selection)
$ git merge -m Merge branch 'fixes' of git://git.armlinux.org.uk/~rmk/linux-arm.git arm-current/fixes
Already up to date.
Merging arm64-fixes/for-next/fixes (596143e3aec3 acpi/arm64: fix next_platform_timer() section mismatch error)
$ git merge -m Merge branch 'for-next/fixes' of git://git.kernel.org/pub/scm/linux/kernel/git/arm64/linux arm64-fixes/for-next/fixes
Already up to date.
Merging arm-soc-fixes/arm/fixes (76f79231666a Merge tag 'soc-fsl-fix-v5.15-2' of git://git.kernel.org/pub/scm/linux/kernel/git/leo/linux into arm/fixes)
$ git merge -m Merge branch 'arm/fixes' of git://git.kernel.org/pub/scm/linux/kernel/git/soc/soc.git arm-soc-fixes/arm/fixes
Already up to date.
Merging drivers-memory-fixes/fixes (8c5ba21c16bd memory: mtk-smi: Fix a null dereference for the ostd)
$ git merge -m Merge branch 'fixes' of https://git.kernel.org/pub/scm/linux/kernel/git/krzk/linux-mem-ctrl.git drivers-memory-fixes/fixes
Merge made by the 'recursive' strategy.
 drivers/memory/mtk-smi.c | 2 +-
 1 file changed, 1 insertion(+), 1 deletion(-)
Merging m68k-current/for-linus (8a3c0a74ae87 m68k: defconfig: Update defconfigs for v5.15-rc1)
$ git merge -m Merge branch 'for-linus' of git://git.kernel.org/pub/scm/linux/kernel/git/geert/linux-m68k.git m68k-current/for-linus
Already up to date.
Merging powerpc-fixes/fixes (8bb7eca972ad Linux 5.15)
$ git merge -m Merge branch 'fixes' of git://git.kernel.org/pub/scm/linux/kernel/git/powerpc/linux.git powerpc-fixes/fixes
Already up to date.
Merging s390-fixes/fixes (8bb7eca972ad Linux 5.15)
$ git merge -m Merge branch 'fixes' of git://git.kernel.org/pub/scm/linux/kernel/git/s390/linux.git s390-fixes/fixes
Already up to date.
Merging sparc/master (05a59d79793d Merge git://git.kernel.org:/pub/scm/linux/kernel/git/netdev/net)
$ git merge -m Merge branch 'master' of git://git.kernel.org/pub/scm/linux/kernel/git/davem/sparc.git sparc/master
Already up to date.
Merging fscrypt-current/for-stable (80f6e3080bfc fs-verity: fix signed integer overflow with i_size near S64_MAX)
$ git merge -m Merge branch 'for-stable' of git://git.kernel.org/pub/scm/fs/fscrypt/fscrypt.git fscrypt-current/for-stable
Already up to date.
Merging net/master (cf4f5530bb55 net/smc: Make sure the link_id is unique)
$ git merge -m Merge branch 'master' of git://git.kernel.org/pub/scm/linux/kernel/git/netdev/net.git net/master
Merge made by the 'recursive' strategy.
 .../aquantia/atlantic/hw_atl/hw_atl_utils.c        | 10 +++++++++
 .../net/ethernet/broadcom/bnx2x/bnx2x_init_ops.h   |  4 +++-
 drivers/net/ethernet/broadcom/bnxt/bnxt_devlink.c  |  9 ++++----
 drivers/net/ethernet/broadcom/bnxt/bnxt_tc.c       |  2 +-
 drivers/net/ethernet/lantiq_etop.c                 | 20 +++++++++++++++---
 drivers/net/ethernet/sis/sis900.c                  |  2 +-
 .../net/ethernet/stmicro/stmmac/dwmac-socfpga.c    | 24 ++++++++++++++++++++--
 drivers/net/hamradio/6pack.c                       |  1 -
 drivers/net/ipa/ipa_endpoint.c                     |  5 +++++
 drivers/net/ipa/ipa_resource.c                     |  2 +-
 drivers/net/tun.c                                  |  5 +++++
 drivers/ptp/ptp_clockmatrix.c                      |  5 +----
 include/linux/skbuff.h                             |  2 +-
 net/core/sock.c                                    |  6 +++---
 net/ipv4/devinet.c                                 |  2 +-
 net/ipv4/tcp.c                                     |  3 +++
 net/smc/af_smc.c                                   | 14 +++++++++++++
 net/smc/smc_core.c                                 |  3 ++-
 net/tipc/crypto.c                                  |  8 ++++----
 net/tipc/link.c                                    |  7 +++++--
 tools/testing/selftests/net/gre_gso.sh             | 16 ++++++++-------
 21 files changed, 113 insertions(+), 37 deletions(-)
Merging bpf/master (14554595dadd Merge branch 'Forbid bpf_ktime_get_coarse_ns and bpf_timer_* in tracing progs')
$ git merge -m Merge branch 'master' of git://git.kernel.org/pub/scm/linux/kernel/git/bpf/bpf.git bpf/master
Merge made by the 'recursive' strategy.
 include/uapi/linux/bpf.h                           |   6 +
 kernel/bpf/cgroup.c                                |   2 +
 kernel/bpf/helpers.c                               |   2 -
 kernel/bpf/verifier.c                              |  10 +-
 kernel/trace/bpf_trace.c                           |   2 -
 net/core/filter.c                                  |   6 +
 net/ipv4/bpf_tcp_ca.c                              |   2 +
 net/xdp/xsk_buff_pool.c                            |   7 +-
 samples/bpf/xdp_redirect_cpu_user.c                |   5 +-
 samples/bpf/xdp_sample_user.c                      |  28 +--
 tools/bpf/runqslower/Makefile                      |   3 +-
 tools/include/uapi/linux/bpf.h                     |   6 +
 tools/lib/bpf/bpf_gen_internal.h                   |   4 +-
 tools/lib/bpf/gen_loader.c                         |  47 +++--
 tools/lib/bpf/libbpf.c                             |   4 +-
 tools/testing/selftests/bpf/Makefile               |   2 +-
 .../selftests/bpf/prog_tests/helper_restricted.c   |  33 ++++
 .../selftests/bpf/progs/test_helper_restricted.c   | 123 +++++++++++++
 tools/testing/selftests/bpf/test_verifier.c        |  46 ++++-
 .../selftests/bpf/verifier/helper_restricted.c     | 196 +++++++++++++++++++++
 tools/testing/selftests/bpf/verifier/map_in_map.c  |  34 ++++
 21 files changed, 520 insertions(+), 48 deletions(-)
 create mode 100644 tools/testing/selftests/bpf/prog_tests/helper_restricted.c
 create mode 100644 tools/testing/selftests/bpf/progs/test_helper_restricted.c
 create mode 100644 tools/testing/selftests/bpf/verifier/helper_restricted.c
Merging ipsec/master (93ec1320b017 xfrm: fix rcu lock in xfrm_notify_userpolicy())
$ git merge -m Merge branch 'master' of git://git.kernel.org/pub/scm/linux/kernel/git/klassert/ipsec.git ipsec/master
Already up to date.
Merging netfilter/master (a2acf0c0e2da selftests: nft_nat: switch port shadow test cases to socat)
$ git merge -m Merge branch 'master' of git://git.kernel.org/pub/scm/linux/kernel/git/pablo/nf.git netfilter/master
Merge made by the 'recursive' strategy.
 Documentation/networking/ipvs-sysctl.rst           |   3 +-
 net/netfilter/ipvs/ip_vs_core.c                    |   8 +-
 net/netfilter/nf_conntrack_netlink.c               |   6 +-
 net/netfilter/nf_flow_table_offload.c              |   4 +-
 net/netfilter/nft_payload.c                        |   1 -
 net/netfilter/xt_IDLETIMER.c                       |   4 +-
 tools/testing/selftests/netfilter/Makefile         |   3 +-
 tools/testing/selftests/netfilter/conntrack_vrf.sh | 219 +++++++++++++++++++++
 tools/testing/selftests/netfilter/nft_nat.sh       |  33 +++-
 tools/testing/selftests/netfilter/nft_queue.sh     |  54 +++++
 10 files changed, 309 insertions(+), 26 deletions(-)
 create mode 100755 tools/testing/selftests/netfilter/conntrack_vrf.sh
Merging ipvs/master (c45231a7668d litex_liteeth: Fix a double free in the remove function)
$ git merge -m Merge branch 'master' of git://git.kernel.org/pub/scm/linux/kernel/git/horms/ipvs.git ipvs/master
Already up to date.
Merging wireless-drivers/master (603a1621caa0 mwifiex: avoid null-pointer-subtraction warning)
$ git merge -m Merge branch 'master' of git://git.kernel.org/pub/scm/linux/kernel/git/kvalo/wireless-drivers.git wireless-drivers/master
Already up to date.
Merging mac80211/master (30f6cf96912b mac80211: fix throughput LED trigger)
$ git merge -m Merge branch 'master' of git://git.kernel.org/pub/scm/linux/kernel/git/jberg/mac80211.git mac80211/master
Merge made by the 'recursive' strategy.
 net/mac80211/cfg.c     | 12 ++++++++----
 net/mac80211/iface.c   |  4 +++-
 net/mac80211/led.h     |  8 ++++----
 net/mac80211/rx.c      | 12 +++++++-----
 net/mac80211/tx.c      | 34 +++++++++++++++-------------------
 net/mac80211/util.c    |  7 ++++---
 net/mac80211/wme.c     |  3 +--
 net/wireless/nl80211.c | 34 +++++++++++++++++++---------------
 net/wireless/nl80211.h |  6 +-----
 net/wireless/util.c    |  1 +
 10 files changed, 63 insertions(+), 58 deletions(-)
Merging rdma-fixes/for-rc (fa55b7dcdc43 Linux 5.16-rc1)
$ git merge -m Merge branch 'for-rc' of git://git.kernel.org/pub/scm/linux/kernel/git/rdma/rdma.git rdma-fixes/for-rc
Already up to date.
Merging sound-current/for-linus (bd5e2c22a9cf ALSA: cmipci: Drop stale variable assignment)
$ git merge -m Merge branch 'for-linus' of git://git.kernel.org/pub/scm/linux/kernel/git/tiwai/sound.git sound-current/for-linus
Merge made by the 'recursive' strategy.
 sound/pci/cmipci.c            |  4 +---
 sound/pci/hda/patch_realtek.c | 27 +++++++++++++++++++++++++++
 2 files changed, 28 insertions(+), 3 deletions(-)
Merging sound-asoc-fixes/for-linus (2d2247e6d469 Merge remote-tracking branch 'asoc/for-5.15' into asoc-linus)
$ git merge -m Merge branch 'for-linus' of git://git.kernel.org/pub/scm/linux/kernel/git/broonie/sound.git sound-asoc-fixes/for-linus
Merge made by the 'recursive' strategy.
 sound/soc/codecs/cs35l41.c                        |  14 +--
 sound/soc/codecs/rt1011.c                         |  55 ++++++++++--
 sound/soc/codecs/rt1011.h                         |   7 ++
 sound/soc/codecs/rt5682-i2c.c                     |   1 +
 sound/soc/codecs/rt5682.c                         |  38 ++++++--
 sound/soc/codecs/rt5682.h                         |   1 +
 sound/soc/codecs/rt9120.c                         |  58 +++++++++---
 sound/soc/intel/boards/sof_sdw.c                  |  69 ++++++++++++++
 sound/soc/intel/common/soc-acpi-intel-adl-match.c | 105 ++++++++++++++++++++++
 sound/soc/mediatek/mt8173/mt8173-afe-pcm.c        |  51 +++++++++--
 sound/soc/mediatek/mt8173/mt8173-rt5650.c         |   8 +-
 sound/soc/sh/rcar/dma.c                           |   2 +-
 sound/soc/soc-dapm.c                              |  29 ++++--
 sound/soc/sof/Kconfig                             |   2 +-
 sound/soc/sof/control.c                           |   8 +-
 sound/soc/sof/intel/hda-bus.c                     |  17 ++++
 sound/soc/sof/intel/hda-dsp.c                     |   3 +-
 sound/soc/sof/intel/hda.c                         |  16 ++++
 18 files changed, 426 insertions(+), 58 deletions(-)
Merging regmap-fixes/for-linus (459e1cd0d5ec Merge remote-tracking branch 'regmap/for-5.15' into regmap-linus)
$ git merge -m Merge branch 'for-linus' of git://git.kernel.org/pub/scm/linux/kernel/git/broonie/regmap.git regmap-fixes/for-linus
Already up to date.
Merge made by the 'recursive' strategy.
Merging regulator-fixes/for-linus (7492b724df4d Merge series "Remove TPS80031 driver" from Dmitry Osipenko <digetx@gmail.com>:)
$ git merge -m Merge branch 'for-linus' of git://git.kernel.org/pub/scm/linux/kernel/git/broonie/regulator.git regulator-fixes/for-linus
Already up to date.
Merging spi-fixes/for-linus (44549970af0a Merge remote-tracking branch 'spi/for-5.15' into spi-linus)
$ git merge -m Merge branch 'for-linus' of git://git.kernel.org/pub/scm/linux/kernel/git/broonie/spi.git spi-fixes/for-linus
Auto-merging drivers/spi/spi.c
Merge made by the 'recursive' strategy.
 drivers/spi/spi-cadence-quadspi.c | 24 +++++++++++++++++++++---
 drivers/spi/spi-fsl-lpspi.c       |  2 +-
 drivers/spi/spi-geni-qcom.c       | 16 ++++++++++------
 drivers/spi/spi.c                 | 12 ++++++------
 4 files changed, 38 insertions(+), 16 deletions(-)
Merging pci-current/for-linus (fa55b7dcdc43 Linux 5.16-rc1)
$ git merge -m Merge branch 'for-linus' of git://git.kernel.org/pub/scm/linux/kernel/git/helgaas/pci.git pci-current/for-linus
Already up to date.
Merging driver-core.current/driver-core-linus (fa55b7dcdc43 Linux 5.16-rc1)
$ git merge -m Merge branch 'driver-core-linus' of git://git.kernel.org/pub/scm/linux/kernel/git/gregkh/driver-core.git driver-core.current/driver-core-linus
Already up to date.
Merging tty.current/tty-linus (fa55b7dcdc43 Linux 5.16-rc1)
$ git merge -m Merge branch 'tty-linus' of git://git.kernel.org/pub/scm/linux/kernel/git/gregkh/tty.git tty.current/tty-linus
Already up to date.
Merging usb.current/usb-linus (8ab774587903 Merge tag 'trace-v5.16-5' of git://git.kernel.org/pub/scm/linux/kernel/git/rostedt/linux-trace)
$ git merge -m Merge branch 'usb-linus' of git://git.kernel.org/pub/scm/linux/kernel/git/gregkh/usb.git usb.current/usb-linus
Already up to date.
Merging usb-gadget-fixes/fixes (e49d033bddf5 Linux 5.12-rc6)
$ git merge -m Merge branch 'fixes' of git://git.kernel.org/pub/scm/linux/kernel/git/balbi/usb.git usb-gadget-fixes/fixes
Already up to date.
Merging usb-serial-fixes/usb-linus (fa55b7dcdc43 Linux 5.16-rc1)
$ git merge -m Merge branch 'usb-linus' of git://git.kernel.org/pub/scm/linux/kernel/git/johan/usb-serial.git usb-serial-fixes/usb-linus
Already up to date.
Merging usb-chipidea-fixes/for-usb-fixes (f130d08a8d79 usb: chipidea: ci_hdrc_imx: Also search for 'phys' phandle)
$ git merge -m Merge branch 'for-usb-fixes' of git://git.kernel.org/pub/scm/linux/kernel/git/peter.chen/usb.git usb-chipidea-fixes/for-usb-fixes
Merge made by the 'recursive' strategy.
Merging phy/fixes (fa55b7dcdc43 Linux 5.16-rc1)
$ git merge -m Merge branch 'fixes' of git://git.kernel.org/pub/scm/linux/kernel/git/phy/linux-phy.git phy/fixes
Already up to date.
Merging staging.current/staging-linus (47ac6f567c28 staging: Remove Netlogic XLP network driver)
$ git merge -m Merge branch 'staging-linus' of git://git.kernel.org/pub/scm/linux/kernel/git/gregkh/staging.git staging.current/staging-linus
Removing drivers/staging/netlogic/xlr_net.h
Removing drivers/staging/netlogic/xlr_net.c
Removing drivers/staging/netlogic/platform_net.h
Removing drivers/staging/netlogic/platform_net.c
Removing drivers/staging/netlogic/TODO
Removing drivers/staging/netlogic/Makefile
Removing drivers/staging/netlogic/Kconfig
Merge made by the 'recursive' strategy.
 drivers/staging/Kconfig                      |    2 -
 drivers/staging/Makefile                     |    1 -
 drivers/staging/fbtft/fb_ssd1351.c           |    4 -
 drivers/staging/fbtft/fbtft-core.c           |    9 +-
 drivers/staging/netlogic/Kconfig             |    9 -
 drivers/staging/netlogic/Makefile            |    2 -
 drivers/staging/netlogic/TODO                |   11 -
 drivers/staging/netlogic/platform_net.c      |  219 ------
 drivers/staging/netlogic/platform_net.h      |   21 -
 drivers/staging/netlogic/xlr_net.c           | 1080 --------------------------
 drivers/staging/netlogic/xlr_net.h           | 1079 -------------------------
 drivers/staging/r8188eu/core/rtw_mlme_ext.c  |    6 +-
 drivers/staging/r8188eu/os_dep/ioctl_linux.c |    8 +-
 drivers/staging/r8188eu/os_dep/mlme_linux.c  |    2 +-
 14 files changed, 13 insertions(+), 2440 deletions(-)
 delete mode 100644 drivers/staging/netlogic/Kconfig
 delete mode 100644 drivers/staging/netlogic/Makefile
 delete mode 100644 drivers/staging/netlogic/TODO
 delete mode 100644 drivers/staging/netlogic/platform_net.c
 delete mode 100644 drivers/staging/netlogic/platform_net.h
 delete mode 100644 drivers/staging/netlogic/xlr_net.c
 delete mode 100644 drivers/staging/netlogic/xlr_net.h
Merging iio-fixes/fixes-togreg (8db63222155d iio: ad7768-1: Call iio_trigger_notify_done() on error)
$ git merge -m Merge branch 'fixes-togreg' of git://git.kernel.org/pub/scm/linux/kernel/git/jic23/iio.git iio-fixes/fixes-togreg
Merge made by the 'recursive' strategy.
 drivers/iio/accel/kxcjk-1013.c     |  5 ++---
 drivers/iio/accel/kxsd9.c          |  6 +++---
 drivers/iio/accel/mma8452.c        |  2 +-
 drivers/iio/adc/Kconfig            |  2 +-
 drivers/iio/adc/ad7768-1.c         |  2 +-
 drivers/iio/adc/dln2-adc.c         | 21 ++++++++++++---------
 drivers/iio/adc/stm32-adc.c        |  1 +
 drivers/iio/gyro/itg3200_buffer.c  |  2 +-
 drivers/iio/industrialio-trigger.c |  1 -
 drivers/iio/light/ltr501.c         |  2 +-
 drivers/iio/light/stk3310.c        |  6 +++---
 11 files changed, 26 insertions(+), 24 deletions(-)
Merging char-misc.current/char-misc-linus (fa55b7dcdc43 Linux 5.16-rc1)
$ git merge -m Merge branch 'char-misc-linus' of git://git.kernel.org/pub/scm/linux/kernel/git/gregkh/char-misc.git char-misc.current/char-misc-linus
Already up to date.
Merging soundwire-fixes/fixes (fa55b7dcdc43 Linux 5.16-rc1)
$ git merge -m Merge branch 'fixes' of git://git.kernel.org/pub/scm/linux/kernel/git/vkoul/soundwire.git soundwire-fixes/fixes
Already up to date.
Merging thunderbolt-fixes/fixes (fa55b7dcdc43 Linux 5.16-rc1)
$ git merge -m Merge branch 'fixes' of git://git.kernel.org/pub/scm/linux/kernel/git/westeri/thunderbolt.git thunderbolt-fixes/fixes
Already up to date.
Merging input-current/for-linus (efe6f16c6faf Merge branch 'next' into for-linus)
$ git merge -m Merge branch 'for-linus' of git://git.kernel.org/pub/scm/linux/kernel/git/dtor/input.git input-current/for-linus
Already up to date.
Merging crypto-current/master (beaaaa37c664 crypto: api - Fix boot-up crash when crypto manager is disabled)
$ git merge -m Merge branch 'master' of git://git.kernel.org/pub/scm/linux/kernel/git/herbert/crypto-2.6.git crypto-current/master
Already up to date.
Merging vfio-fixes/for-linus (42de956ca7e5 vfio/ap_ops: Add missed vfio_uninit_group_dev())
$ git merge -m Merge branch 'for-linus' of git://github.com/awilliam/linux-vfio.git vfio-fixes/for-linus
Already up to date.
Merging kselftest-fixes/fixes (fa55b7dcdc43 Linux 5.16-rc1)
$ git merge -m Merge branch 'fixes' of git://git.kernel.org/pub/scm/linux/kernel/git/shuah/linux-kselftest.git kselftest-fixes/fixes
Already up to date.
Merging modules-fixes/modules-linus (0d67e332e6df module: fix clang CFI with MODULE_UNLOAD=n)
$ git merge -m Merge branch 'modules-linus' of git://git.kernel.org/pub/scm/linux/kernel/git/jeyu/linux.git modules-fixes/modules-linus
Already up to date.
Merging dmaengine-fixes/fixes (fa55b7dcdc43 Linux 5.16-rc1)
$ git merge -m Merge branch 'fixes' of git://git.kernel.org/pub/scm/linux/kernel/git/vkoul/dmaengine.git dmaengine-fixes/fixes
Already up to date.
Merging backlight-fixes/for-backlight-fixes (a38fd8748464 Linux 5.12-rc2)
$ git merge -m Merge branch 'for-backlight-fixes' of git://git.kernel.org/pub/scm/linux/kernel/git/lee/backlight.git backlight-fixes/for-backlight-fixes
Already up to date.
Merging mtd-fixes/mtd/fixes (f60f5741002b mtd: rawnand: qcom: Update code word value for raw read)
$ git merge -m Merge branch 'mtd/fixes' of git://git.kernel.org/pub/scm/linux/kernel/git/mtd/linux.git mtd-fixes/mtd/fixes
Already up to date.
Merging mfd-fixes/for-mfd-fixes (a61f4661fba4 mfd: intel_quark_i2c_gpio: Revert "Constify static struct resources")
$ git merge -m Merge branch 'for-mfd-fixes' of git://git.kernel.org/pub/scm/linux/kernel/git/lee/mfd.git mfd-fixes/for-mfd-fixes
Already up to date.
Merging v4l-dvb-fixes/fixes (13cbaa4c2b7b media: cec: copy sequence field for the reply)
$ git merge -m Merge branch 'fixes' of git://linuxtv.org/mchehab/media-next.git v4l-dvb-fixes/fixes
Auto-merging drivers/media/common/videobuf2/videobuf2-dma-sg.c
Merge made by the 'recursive' strategy.
 drivers/media/cec/core/cec-adap.c                 |  1 +
 drivers/media/common/videobuf2/videobuf2-dma-sg.c |  2 ++
 drivers/media/v4l2-core/v4l2-compat-ioctl32.c     | 41 ++++++++++-------------
 3 files changed, 20 insertions(+), 24 deletions(-)
Merging reset-fixes/reset/fixes (3ad60b4b3570 reset: socfpga: add empty driver allowing consumers to probe)
$ git merge -m Merge branch 'reset/fixes' of https://git.pengutronix.de/git/pza/linux reset-fixes/reset/fixes
Already up to date.
Merging mips-fixes/mips-fixes (fa55b7dcdc43 Linux 5.16-rc1)
$ git merge -m Merge branch 'mips-fixes' of git://git.kernel.org/pub/scm/linux/kernel/git/mips/linux.git mips-fixes/mips-fixes
Already up to date.
Merging at91-fixes/at91-fixes (dbe68bc9e82b ARM: dts: at91: sama7g5ek: to not touch slew-rate for SDMMC pins)
$ git merge -m Merge branch 'at91-fixes' of git://git.kernel.org/pub/scm/linux/kernel/git/at91/linux.git at91-fixes/at91-fixes
Already up to date.
Merging omap-fixes/fixes (80d680fdccba ARM: dts: omap3430-sdp: Fix NAND device node)
$ git merge -m Merge branch 'fixes' of git://git.kernel.org/pub/scm/linux/kernel/git/tmlind/linux-omap.git omap-fixes/fixes
Already up to date.
Merging kvm-fixes/master (84886c262ebc Merge tag 'kvmarm-fixes-5.16-1' of git://git.kernel.org/pub/scm/linux/kernel/git/kvmarm/kvmarm into kvm-master)
$ git merge -m Merge branch 'master' of git://git.kernel.org/pub/scm/virt/kvm/kvm.git kvm-fixes/master
Already up to date.
Merging kvms390-fixes/master (0e9ff65f455d KVM: s390: preserve deliverable_mask in __airqs_kick_single_vcpu)
$ git merge -m Merge branch 'master' of git://git.kernel.org/pub/scm/linux/kernel/git/kvms390/linux.git kvms390-fixes/master
Already up to date.
Merging hwmon-fixes/hwmon (214f52525506 hwmon: (nct6775) mask out bank number in nct6775_wmi_read_value())
$ git merge -m Merge branch 'hwmon' of git://git.kernel.org/pub/scm/linux/kernel/git/groeck/linux-staging.git hwmon-fixes/hwmon
Merge made by the 'recursive' strategy.
 drivers/hwmon/corsair-psu.c    | 2 +-
 drivers/hwmon/dell-smm-hwmon.c | 7 +++----
 drivers/hwmon/nct6775.c        | 2 +-
 3 files changed, 5 insertions(+), 6 deletions(-)
Merging nvdimm-fixes/libnvdimm-fixes (3dd60fb9d95d nvdimm/pmem: stop using q_usage_count as external pgmap refcount)
$ git merge -m Merge branch 'libnvdimm-fixes' of git://git.kernel.org/pub/scm/linux/kernel/git/nvdimm/nvdimm.git nvdimm-fixes/libnvdimm-fixes
Already up to date.
Merging cxl-fixes/fixes (fae8817ae804 cxl/mem: Fix memory device capacity probing)
$ git merge -m Merge branch 'fixes' of git://git.kernel.org/pub/scm/linux/kernel/git/cxl/cxl.git cxl-fixes/fixes
Already up to date.
Merging btrfs-fixes/next-fixes (ba9bc05f3655 Merge tag 'v5.15' into next-fixes)
$ git merge -m Merge branch 'next-fixes' of git://git.kernel.org/pub/scm/linux/kernel/git/kdave/linux.git btrfs-fixes/next-fixes
Already up to date.
Merge made by the 'recursive' strategy.
Merging vfs-fixes/fixes (25f54d08f12f autofs: fix wait name hash calculation in autofs_wait())
$ git merge -m Merge branch 'fixes' of git://git.kernel.org/pub/scm/linux/kernel/git/viro/vfs.git vfs-fixes/fixes
Already up to date.
Merging dma-mapping-fixes/for-linus (18a3c5f7abfd Merge tag 'for_linus' of git://git.kernel.org/pub/scm/linux/kernel/git/mst/vhost)
$ git merge -m Merge branch 'for-linus' of git://git.infradead.org/users/hch/dma-mapping.git dma-mapping-fixes/for-linus
Already up to date.
Merging i3c-fixes/i3c/fixes (fe07bfda2fb9 Linux 5.12-rc1)
$ git merge -m Merge branch 'i3c/fixes' of git://git.kernel.org/pub/scm/linux/kernel/git/i3c/linux.git i3c-fixes/i3c/fixes
Already up to date.
Merging drivers-x86-fixes/fixes (7df227847ab5 platform/x86: int1092: Fix non sequential device mode handling)
$ git merge -m Merge branch 'fixes' of git://git.kernel.org/pub/scm/linux/kernel/git/pdx86/platform-drivers-x86.git drivers-x86-fixes/fixes
Already up to date.
Merging samsung-krzk-fixes/fixes (4f5d06d381ba arm64: dts: exynos: drop samsung,ufs-shareability-reg-offset in ExynosAutov9)
$ git merge -m Merge branch 'fixes' of git://git.kernel.org/pub/scm/linux/kernel/git/krzk/linux.git samsung-krzk-fixes/fixes
Merge made by the 'recursive' strategy.
 arch/arm64/boot/dts/exynos/exynosautov9.dtsi | 3 +--
 1 file changed, 1 insertion(+), 2 deletions(-)
Merging pinctrl-samsung-fixes/fixes (fa55b7dcdc43 Linux 5.16-rc1)
$ git merge -m Merge branch 'fixes' of git://git.kernel.org/pub/scm/linux/kernel/git/pinctrl/samsung.git pinctrl-samsung-fixes/fixes
Already up to date.
Merging devicetree-fixes/dt/linus (913d3a3f8408 dt-bindings: watchdog: sunxi: fix error in schema)
$ git merge -m Merge branch 'dt/linus' of git://git.kernel.org/pub/scm/linux/kernel/git/robh/linux.git devicetree-fixes/dt/linus
Already up to date.
Merging scsi-fixes/fixes (09d9e4d04187 scsi: ufs: ufshpb: Remove HPB2.0 flows)
$ git merge -m Merge branch 'fixes' of git://git.kernel.org/pub/scm/linux/kernel/git/mkp/scsi.git scsi-fixes/fixes
Already up to date.
Merging drm-fixes/drm-fixes (fa55b7dcdc43 Linux 5.16-rc1)
$ git merge -m Merge branch 'drm-fixes' of git://git.freedesktop.org/git/drm/drm.git drm-fixes/drm-fixes
Already up to date.
Merging amdgpu-fixes/drm-fixes (2c409ba81be2 drm/radeon: fix si_enable_smc_cac() failed issue)
$ git merge -m Merge branch 'drm-fixes' of git://people.freedesktop.org/~agd5f/linux amdgpu-fixes/drm-fixes
Already up to date.
Merging drm-intel-fixes/for-linux-next-fixes (8bb7eca972ad Linux 5.15)
$ git merge -m Merge branch 'for-linux-next-fixes' of git://anongit.freedesktop.org/drm-intel drm-intel-fixes/for-linux-next-fixes
Already up to date.
Merging mmc-fixes/fixes (adab993c2519 mmc: sdhci-esdhc-imx: disable CMDQ support)
$ git merge -m Merge branch 'fixes' of git://git.kernel.org/pub/scm/linux/kernel/git/ulfh/mmc.git mmc-fixes/fixes
Merge made by the 'recursive' strategy.
 drivers/mmc/host/sdhci-esdhc-imx.c | 2 --
 1 file changed, 2 deletions(-)
Merging rtc-fixes/rtc-fixes (bd33335aa93d rtc: cmos: Disable irq around direct invocation of cmos_interrupt())
$ git merge -m Merge branch 'rtc-fixes' of git://git.kernel.org/pub/scm/linux/kernel/git/abelloni/linux.git rtc-fixes/rtc-fixes
Auto-merging drivers/rtc/rtc-cmos.c
Merge made by the 'recursive' strategy.
Merging gnss-fixes/gnss-linus (fa55b7dcdc43 Linux 5.16-rc1)
$ git merge -m Merge branch 'gnss-linus' of git://git.kernel.org/pub/scm/linux/kernel/git/johan/gnss.git gnss-fixes/gnss-linus
Already up to date.
Merging hyperv-fixes/hyperv-fixes (f3e613e72f66 x86/hyperv: Move required MSRs check to initial platform probing)
$ git merge -m Merge branch 'hyperv-fixes' of git://git.kernel.org/pub/scm/linux/kernel/git/hyperv/linux.git hyperv-fixes/hyperv-fixes
Merge made by the 'recursive' strategy.
 arch/x86/hyperv/hv_init.c      | 12 ++++--------
 arch/x86/kernel/cpu/mshyperv.c | 20 +++++++++++++++-----
 drivers/hv/hv_balloon.c        |  2 +-
 3 files changed, 20 insertions(+), 14 deletions(-)
Merging soc-fsl-fixes/fix (7e5e744183bb soc: fsl: dpio: fix qbman alignment error in the virtualization context)
$ git merge -m Merge branch 'fix' of git://git.kernel.org/pub/scm/linux/kernel/git/leo/linux.git soc-fsl-fixes/fix
Auto-merging drivers/soc/fsl/dpio/qbman-portal.c
Merge made by the 'recursive' strategy.
 drivers/soc/fsl/dpio/qbman-portal.c | 24 ++++++++++++------------
 1 file changed, 12 insertions(+), 12 deletions(-)
Merging risc-v-fixes/fixes (54c5639d8f50 riscv: Fix asan-stack clang build)
$ git merge -m Merge branch 'fixes' of git://git.kernel.org/pub/scm/linux/kernel/git/riscv/linux.git risc-v-fixes/fixes
Already up to date.
Merging pidfd-fixes/fixes (03ba0fe4d09f file: simplify logic in __close_range())
$ git merge -m Merge branch 'fixes' of git://git.kernel.org/pub/scm/linux/kernel/git/brauner/linux.git pidfd-fixes/fixes
Already up to date.
Merging fpga-fixes/fixes (8bb7eca972ad Linux 5.15)
$ git merge -m Merge branch 'fixes' of git://git.kernel.org/pub/scm/linux/kernel/git/mdf/linux-fpga.git fpga-fixes/fixes
Already up to date.
Merging spdx/spdx-linus (fa55b7dcdc43 Linux 5.16-rc1)
$ git merge -m Merge branch 'spdx-linus' of git://git.kernel.org/pub/scm/linux/kernel/git/gregkh/spdx.git spdx/spdx-linus
Already up to date.
Merging gpio-brgl-fixes/gpio/for-current (4f4d0af7b2d9 selftests: gpio: restore CFLAGS options)
$ git merge -m Merge branch 'gpio/for-current' of git://git.kernel.org/pub/scm/linux/kernel/git/brgl/linux.git gpio-brgl-fixes/gpio/for-current
Merge made by the 'recursive' strategy.
 drivers/gpio/gpio-virtio.c                      | 2 +-
 tools/testing/selftests/gpio/Makefile           | 1 +
 tools/testing/selftests/gpio/gpio-mockup-cdev.c | 2 +-
 3 files changed, 3 insertions(+), 2 deletions(-)
Merging gpio-intel-fixes/fixes (fa55b7dcdc43 Linux 5.16-rc1)
$ git merge -m Merge branch 'fixes' of git://git.kernel.org/pub/scm/linux/kernel/git/andy/linux-gpio-intel.git gpio-intel-fixes/fixes
Already up to date.
Merging pinctrl-intel-fixes/fixes (fa55b7dcdc43 Linux 5.16-rc1)
$ git merge -m Merge branch 'fixes' of git://git.kernel.org/pub/scm/linux/kernel/git/pinctrl/intel.git pinctrl-intel-fixes/fixes
Already up to date.
Merging erofs-fixes/fixes (4c7e42552b3a erofs: remove useless cache strategy of DELAYEDALLOC)
$ git merge -m Merge branch 'fixes' of git://git.kernel.org/pub/scm/linux/kernel/git/xiang/erofs.git erofs-fixes/fixes
Already up to date.
Merging integrity-fixes/fixes (843385694721 evm: Fix a small race in init_desc())
$ git merge -m Merge branch 'fixes' of git://git.kernel.org/pub/scm/linux/kernel/git/zohar/linux-integrity integrity-fixes/fixes
Already up to date.
Merging kunit-fixes/kunit-fixes (fa55b7dcdc43 Linux 5.16-rc1)
$ git merge -m Merge branch 'kunit-fixes' of git://git.kernel.org/pub/scm/linux/kernel/git/shuah/linux-kselftest.git kunit-fixes/kunit-fixes
Already up to date.
Merging ubifs-fixes/fixes (78c7d49f55d8 ubifs: journal: Make sure to not dirty twice for auth nodes)
$ git merge -m Merge branch 'fixes' of git://git.kernel.org/pub/scm/linux/kernel/git/rw/ubifs.git ubifs-fixes/fixes
Already up to date.
Merging memblock-fixes/fixes (b5013d084e03 Merge tag '5.16-rc-part1-smb3-client-fixes' of git://git.samba.org/sfrench/cifs-2.6)
$ git merge -m Merge branch 'fixes' of git://git.kernel.org/pub/scm/linux/kernel/git/rppt/memblock.git memblock-fixes/fixes
Already up to date.
Merging cel-fixes/for-rc (8bb7eca972ad Linux 5.15)
$ git merge -m Merge branch 'for-rc' of git://git.kernel.org/pub/scm/linux/kernel/git/cel/linux cel-fixes/for-rc
Already up to date.
Merging irqchip-fixes/irq/irqchip-fixes (10a20b34d735 of/irq: Don't ignore interrupt-controller when interrupt-map failed)
$ git merge -m Merge branch 'irq/irqchip-fixes' of git://git.kernel.org/pub/scm/linux/kernel/git/maz/arm-platforms.git irqchip-fixes/irq/irqchip-fixes
Already up to date.
Merging renesas-fixes/fixes (432b52eea3dc ARM: shmobile: defconfig: Restore graphical consoles)
$ git merge -m Merge branch 'fixes' of git://git.kernel.org/pub/scm/linux/kernel/git/geert/renesas-devel.git renesas-fixes/fixes
Already up to date.
Merging perf-current/perf/urgent (8ab774587903 Merge tag 'trace-v5.16-5' of git://git.kernel.org/pub/scm/linux/kernel/git/rostedt/linux-trace)
$ git merge -m Merge branch 'perf/urgent' of git://git.kernel.org/pub/scm/linux/kernel/git/acme/linux.git perf-current/perf/urgent
Already up to date.
Merging efi-fixes/urgent (38fa3206bf44 efi: Change down_interruptible() in virt_efi_reset_system() to down_trylock())
$ git merge -m Merge branch 'urgent' of git://git.kernel.org/pub/scm/linux/kernel/git/efi/efi.git efi-fixes/urgent
Already up to date.
Merging drm-misc-fixes/for-linux-next-fixes (bb162bb2b439 drm/sun4i: fix unmet dependency on RESET_CONTROLLER for PHY_SUN6I_MIPI_DPHY)
$ git merge -m Merge branch 'for-linux-next-fixes' of git://anongit.freedesktop.org/drm/drm-misc drm-misc-fixes/for-linux-next-fixes
Merge made by the 'recursive' strategy.
 drivers/gpu/drm/drm_gem_cma_helper.c                 | 9 +++++++--
 drivers/gpu/drm/nouveau/nvkm/engine/disp/hdmigv100.c | 1 -
 drivers/gpu/drm/sun4i/Kconfig                        | 1 +
 3 files changed, 8 insertions(+), 3 deletions(-)
Merging kbuild/for-next (7528edbafeef [for -next only] kconfig: generate include/generated/rustc_cfg)
$ git merge -m Merge branch 'for-next' of git://git.kernel.org/pub/scm/linux/kernel/git/masahiroy/linux-kbuild.git kbuild/for-next
Merge made by the 'recursive' strategy.
 scripts/kconfig/confdata.c | 41 +++++++++++++++++++++++++++++++++++++++++
 1 file changed, 41 insertions(+)
Merging perf/perf/core (8ab774587903 Merge tag 'trace-v5.16-5' of git://git.kernel.org/pub/scm/linux/kernel/git/rostedt/linux-trace)
$ git merge -m Merge branch 'perf/core' of git://git.kernel.org/pub/scm/linux/kernel/git/acme/linux.git perf/perf/core
Already up to date.
Merging compiler-attributes/compiler-attributes (7c00621dcaee compiler_types: mark __compiletime_assert failure as __noreturn)
$ git merge -m Merge branch 'compiler-attributes' of https://github.com/ojeda/linux.git compiler-attributes/compiler-attributes
Already up to date.
Merging dma-mapping/for-next (9fbd8dc19aa5 dma-mapping: use 'bitmap_zalloc()' when applicable)
$ git merge -m Merge branch 'for-next' of git://git.infradead.org/users/hch/dma-mapping.git dma-mapping/for-next
Already up to date.
Merging asm-generic/master (7efbbe6e1414 qcom_scm: hide Kconfig symbol)
$ git merge -m Merge branch 'master' of git://git.kernel.org/pub/scm/linux/kernel/git/arnd/asm-generic.git asm-generic/master
Auto-merging drivers/pinctrl/qcom/Kconfig
Auto-merging drivers/mmc/host/Kconfig
Auto-merging drivers/media/platform/Kconfig
Auto-merging drivers/iommu/Kconfig
Auto-merging drivers/gpu/drm/msm/Kconfig
Auto-merging drivers/firmware/Kconfig
Auto-merging arch/x86/Kconfig
Auto-merging arch/riscv/Kconfig
CONFLICT (content): Merge conflict in arch/riscv/Kconfig
Auto-merging arch/parisc/Kconfig
Auto-merging arch/mips/Kconfig
Auto-merging arch/arm64/Kconfig
Auto-merging arch/arm/Kconfig
Resolved 'arch/riscv/Kconfig' using previous resolution.
Automatic merge failed; fix conflicts and then commit the result.
$ git commit --no-edit -v -a
[master a789b89e16d0] Merge branch 'master' of git://git.kernel.org/pub/scm/linux/kernel/git/arnd/asm-generic.git
$ git diff -M --stat --summary HEAD^..
Merging arc/for-next (6880fa6c5660 Linux 5.15-rc1)
$ git merge -m Merge branch 'for-next' of git://git.kernel.org/pub/scm/linux/kernel/git/vgupta/arc.git arc/for-next
Already up to date.
Merging arm/for-next (0ce29cae5ba4 Merge branches 'devel-stable', 'misc' and 'fixes' into for-next)
$ git merge -m Merge branch 'for-next' of git://git.armlinux.org.uk/~rmk/linux-arm.git arm/for-next
Auto-merging arch/arm/Kconfig
Merge made by the 'recursive' strategy.
Merging arm64/for-next/core (c7c386fbc202 arm64: pgtable: make __pte_to_phys/__phys_to_pte_val inline functions)
$ git merge -m Merge branch 'for-next/core' of git://git.kernel.org/pub/scm/linux/kernel/git/arm64/linux arm64/for-next/core
Already up to date.
Merging arm-perf/for-next/perf (e656972b6986 drivers/perf: Improve build test coverage)
$ git merge -m Merge branch 'for-next/perf' of git://git.kernel.org/pub/scm/linux/kernel/git/will/linux.git arm-perf/for-next/perf
Already up to date.
Merging arm-soc/for-next (76f79231666a Merge tag 'soc-fsl-fix-v5.15-2' of git://git.kernel.org/pub/scm/linux/kernel/git/leo/linux into arm/fixes)
$ git merge -m Merge branch 'for-next' of git://git.kernel.org/pub/scm/linux/kernel/git/soc/soc.git arm-soc/for-next
Already up to date.
Merging actions/for-next (444d018d8d38 ARM: dts: owl-s500-roseapplepi: Add ATC2603C PMIC)
$ git merge -m Merge branch 'for-next' of git://git.kernel.org/pub/scm/linux/kernel/git/mani/linux-actions.git actions/for-next
Auto-merging arch/arm/boot/dts/owl-s500-roseapplepi.dts
Merge made by the 'recursive' strategy.
Merging amlogic/for-next (1e9fc71213d7 arm64: dts: meson-gxbb-wetek: use updated LED bindings)
$ git merge -m Merge branch 'for-next' of git://git.kernel.org/pub/scm/linux/kernel/git/amlogic/linux.git amlogic/for-next
Merge made by the 'recursive' strategy.
 arch/arm64/boot/dts/amlogic/meson-g12-common.dtsi  | 112 ++++++++++-----------
 .../boot/dts/amlogic/meson-g12b-odroid-n2.dtsi     |   2 +-
 arch/arm64/boot/dts/amlogic/meson-gxbb-wetek.dtsi  |  10 +-
 arch/arm64/boot/dts/amlogic/meson-sm1-odroid.dtsi  |  14 +++
 4 files changed, 79 insertions(+), 59 deletions(-)
Merging aspeed/for-next (9d4a146c082c Merge branches 'dt-for-v5.16' and 'defconfig-for-v5.16' into for-next)
$ git merge -m Merge branch 'for-next' of git://git.kernel.org/pub/scm/linux/kernel/git/joel/bmc.git aspeed/for-next
Already up to date.
Merge made by the 'recursive' strategy.
Merging at91/at91-next (f3c0366411d6 ARM: dts: at91: sama7g5-ek: use blocks 0 and 1 of TCB0 as cs and ce)
$ git merge -m Merge branch 'at91-next' of git://git.kernel.org/pub/scm/linux/kernel/git/at91/linux.git at91/at91-next
Already up to date.
Merging drivers-memory/for-next (395879305333 Merge branch 'mem-ctrl-next' into for-next)
$ git merge -m Merge branch 'for-next' of https://git.kernel.org/pub/scm/linux/kernel/git/krzk/linux-mem-ctrl.git drivers-memory/for-next
Merge made by the 'recursive' strategy.
 drivers/memory/mtk-smi.c | 3 +--
 1 file changed, 1 insertion(+), 2 deletions(-)
Merging imx-mxs/for-next (8bd7cd1cc7f0 Merge branch 'imx/maintainers' into for-next)
$ git merge -m Merge branch 'for-next' of git://git.kernel.org/pub/scm/linux/kernel/git/shawnguo/linux.git imx-mxs/for-next
Already up to date.
Merge made by the 'recursive' strategy.
Merging keystone/next (cb293d3b430e Merge branch 'for_5.15/drivers-soc' into next)
$ git merge -m Merge branch 'next' of git://git.kernel.org/pub/scm/linux/kernel/git/ssantosh/linux-keystone.git keystone/next
Already up to date.
Merge made by the 'recursive' strategy.
Merging mediatek/for-next (dbb948ba8b69 Merge branch 'v5.16-next/dts64' into for-next)
$ git merge -m Merge branch 'for-next' of git://git.kernel.org/pub/scm/linux/kernel/git/matthias.bgg/linux.git mediatek/for-next
Merge made by the 'recursive' strategy.
 arch/arm/boot/dts/Makefile                     |  1 +
 arch/arm/boot/dts/mt6589-fairphone-fp1.dts     | 30 ++++++++++++++++++++++++++
 arch/arm/boot/dts/mt6589.dtsi                  |  2 +-
 arch/arm64/boot/dts/mediatek/mt8183-kukui.dtsi |  2 +-
 4 files changed, 33 insertions(+), 2 deletions(-)
 create mode 100644 arch/arm/boot/dts/mt6589-fairphone-fp1.dts
Merging mvebu/for-next (04e78a787b74 arm/arm64: dts: Enable 2.5G Ethernet port on CN9130-CRB)
$ git merge -m Merge branch 'for-next' of git://git.kernel.org/pub/scm/linux/kernel/git/gclement/mvebu.git mvebu/for-next
Merge made by the 'recursive' strategy.
 arch/arm64/boot/dts/marvell/cn9130-crb.dtsi | 4 ++--
 1 file changed, 2 insertions(+), 2 deletions(-)
Merging omap/for-next (92d190433bd8 Merge branch 'omap-for-v5.16/gpmc' into for-next)
$ git merge -m Merge branch 'for-next' of git://git.kernel.org/pub/scm/linux/kernel/git/tmlind/linux-omap.git omap/for-next
Already up to date.
Merge made by the 'recursive' strategy.
Merging qcom/for-next (bbe9515ab088 Merge branches 'arm64-defconfig-for-5.16', 'arm64-for-5.16', 'drivers-for-5.16' and 'dts-for-5.16' into for-next)
$ git merge -m Merge branch 'for-next' of git://git.kernel.org/pub/scm/linux/kernel/git/qcom/linux.git qcom/for-next
Merge made by the 'recursive' strategy.
Merging raspberrypi/for-next (a036b0a5d7d6 ARM: dts: bcm2711-rpi-4-b: Fix usb's unit address)
$ git merge -m Merge branch 'for-next' of git://git.kernel.org/pub/scm/linux/kernel/git/nsaenz/linux-rpi.git raspberrypi/for-next
Auto-merging arch/arm/boot/dts/Makefile
Merge made by the 'recursive' strategy.
Merging renesas/next (17fc0a96f4b4 Merge branches 'renesas-arm-dt-for-v5.17', 'renesas-arm-soc-for-v5.17' and 'renesas-drivers-for-v5.17' into renesas-next)
$ git merge -m Merge branch 'next' of git://git.kernel.org/pub/scm/linux/kernel/git/geert/renesas-devel.git renesas/next
Merge made by the 'recursive' strategy.
 arch/arm/boot/dts/r8a7742-iwg21d-q7-dbcm-ca.dts    |  16 ++++
 .../dts/r8a7742-iwg21d-q7-dbcm-ov5640-single.dtsi  |   3 +
 arch/arm/mach-shmobile/regulator-quirk-rcar-gen2.c |   5 +-
 arch/arm64/boot/dts/renesas/r9a07g044.dtsi         | 102 +++++++++++++++++++++
 arch/arm64/boot/dts/renesas/rzg2l-smarc.dtsi       |  28 ++++++
 drivers/soc/renesas/rcar-rst.c                     |  43 ++++++++-
 include/linux/soc/renesas/rcar-rst.h               |   2 +
 7 files changed, 195 insertions(+), 4 deletions(-)
Merging reset/reset/next (8c81620ac1ac reset: mchp: sparx5: Extend support for lan966x)
$ git merge -m Merge branch 'reset/next' of https://git.pengutronix.de/git/pza/linux reset/reset/next
Already up to date.
Merging rockchip/for-next (cc3bcb015bb1 Merge branch 'v5.16-armsoc/dts64' into for-next)
$ git merge -m Merge branch 'for-next' of git://git.kernel.org/pub/scm/linux/kernel/git/mmind/linux-rockchip.git rockchip/for-next
Already up to date.
Merge made by the 'recursive' strategy.
Merging samsung-krzk/for-next (4de0ebb10652 Merge branch 'next/drivers' into for-next)
$ git merge -m Merge branch 'for-next' of git://git.kernel.org/pub/scm/linux/kernel/git/krzk/linux.git samsung-krzk/for-next
Merge made by the 'recursive' strategy.
 Documentation/devicetree/bindings/arm/samsung/pmu.yaml | 2 ++
 arch/arm/boot/dts/exynos4210-i9100.dts                 | 7 +++++--
 arch/arm/mach-s3c/gpio-samsung.c                       | 1 +
 drivers/soc/samsung/exynos-chipid.c                    | 3 +++
 drivers/soc/samsung/exynos-pmu.c                       | 2 ++
 5 files changed, 13 insertions(+), 2 deletions(-)
Merging scmi/for-linux-next (f4382a0d4d16 Merge branch 'for-next/scmi' of git://git.kernel.org/pub/scm/linux/kernel/git/sudeep.holla/linux into for-linux-next)
$ git merge -m Merge branch 'for-linux-next' of git://git.kernel.org/pub/scm/linux/kernel/git/sudeep.holla/linux.git scmi/for-linux-next
Merge made by the 'recursive' strategy.
 .../devicetree/bindings/firmware/arm,scmi.yaml     |  65 +++
 drivers/firmware/arm_scmi/Kconfig                  |  27 +
 drivers/firmware/arm_scmi/Makefile                 |   1 +
 drivers/firmware/arm_scmi/common.h                 |   3 +
 drivers/firmware/arm_scmi/driver.c                 |   3 +
 drivers/firmware/arm_scmi/optee.c                  | 581 +++++++++++++++++++++
 drivers/firmware/arm_scmi/virtio.c                 |  30 +-
 7 files changed, 695 insertions(+), 15 deletions(-)
 create mode 100644 drivers/firmware/arm_scmi/optee.c
Merging stm32/stm32-next (d4b3aaf0f90b ARM: dts: stm32: use usbphyc ck_usbo_48m as USBH OHCI clock on stm32mp151)
$ git merge -m Merge branch 'stm32-next' of git://git.kernel.org/pub/scm/linux/kernel/git/atorgue/stm32.git stm32/stm32-next
Auto-merging arch/arm/boot/dts/stm32mp151.dtsi
Auto-merging arch/arm/boot/dts/Makefile
Auto-merging Documentation/devicetree/bindings/arm/stm32/stm32.yaml
Merge made by the 'recursive' strategy.
Merging sunxi/sunxi/for-next (3cb8cdc2a80f Merge branch 'sunxi/dt-for-5.17' into sunxi/for-next)
$ git merge -m Merge branch 'sunxi/for-next' of git://git.kernel.org/pub/scm/linux/kernel/git/sunxi/linux.git sunxi/sunxi/for-next
Merge made by the 'recursive' strategy.
 arch/arm64/boot/dts/allwinner/sun50i-a64-pinebook.dts   | 1 +
 arch/arm64/boot/dts/allwinner/sun50i-a64-pinephone.dtsi | 2 ++
 arch/arm64/boot/dts/allwinner/sun50i-a64-pinetab.dts    | 1 +
 arch/arm64/boot/dts/allwinner/sun50i-a64-teres-i.dts    | 1 +
 4 files changed, 5 insertions(+)
Merging tegra/for-next (bbd827b4de7e Merge branch for-5.16/arm64/defconfig into for-next)
$ git merge -m Merge branch 'for-next' of git://git.kernel.org/pub/scm/linux/kernel/git/tegra/linux.git tegra/for-next
Merge made by the 'recursive' strategy.
 drivers/firmware/tegra/bpmp-debugfs.c | 5 +++--
 1 file changed, 3 insertions(+), 2 deletions(-)
Merging ti-k3/ti-k3-next (1e3d655fe7b4 Merge branch 'ti-k3-config-next' into ti-k3-next)
$ git merge -m Merge branch 'ti-k3-next' of git://git.kernel.org/pub/scm/linux/kernel/git/kristo/linux.git ti-k3/ti-k3-next
Already up to date.
Merge made by the 'recursive' strategy.
Merging ti-k3-new/ti-k3-next (f46d16cf5b43 arm64: dts: ti: k3-j721e-sk: Add DDR carveout memory nodes)
$ git merge -m Merge branch 'ti-k3-next' of git://git.kernel.org/pub/scm/linux/kernel/git/nmenon/linux.git ti-k3-new/ti-k3-next
Already up to date.
Merging xilinx/for-next (326b5e9db528 Merge branch 'zynqmp/soc' into for-next)
$ git merge -m Merge branch 'for-next' of git://github.com/Xilinx/linux-xlnx.git xilinx/for-next
Auto-merging drivers/firmware/xilinx/zynqmp.c
Merge made by the 'recursive' strategy.
 drivers/firmware/xilinx/zynqmp.c       |  5 +-
 drivers/soc/xilinx/zynqmp_pm_domains.c | 91 +++++++++++++++++++---------------
 drivers/soc/xilinx/zynqmp_power.c      |  1 -
 3 files changed, 55 insertions(+), 42 deletions(-)
Merging clk/clk-next (05cf3ec00d46 clk: qcom: gcc-msm8996: Drop (again) gcc_aggre1_pnoc_ahb_clk)
$ git merge -m Merge branch 'clk-next' of git://git.kernel.org/pub/scm/linux/kernel/git/clk/linux.git clk/clk-next
Already up to date.
Merging clk-imx/for-next (e8271eff5d8c clk: imx: Make CLK_IMX8ULP select MXC_CLK)
$ git merge -m Merge branch 'for-next' of git://git.kernel.org/pub/scm/linux/kernel/git/abelvesa/linux.git clk-imx/for-next
Already up to date.
Merging clk-renesas/renesas-clk (161450134ae9 clk: renesas: r9a07g044: Add OSTM clock and reset entries)
$ git merge -m Merge branch 'renesas-clk' of git://git.kernel.org/pub/scm/linux/kernel/git/geert/renesas-drivers.git clk-renesas/renesas-clk
Merge made by the 'recursive' strategy.
 drivers/clk/renesas/r9a07g044-cpg.c | 39 +++++++++++++++++++++++++++++++------
 drivers/clk/renesas/rzg2l-cpg.c     |  1 +
 drivers/clk/renesas/rzg2l-cpg.h     |  3 +++
 3 files changed, 37 insertions(+), 6 deletions(-)
Merging clk-samsung/for-next (651521d396a8 clk: samsung: remove __clk_lookup() usage)
$ git merge -m Merge branch 'for-next' of git://git.kernel.org/pub/scm/linux/kernel/git/snawrocki/clk.git clk-samsung/for-next
Merge made by the 'recursive' strategy.
 drivers/clk/samsung/clk-exynos4.c      | 18 ++++++++++--------
 drivers/clk/samsung/clk-exynos5250.c   | 10 +++++-----
 drivers/clk/samsung/clk-exynos5420.c   |  2 +-
 drivers/clk/samsung/clk-s3c2410.c      |  6 ++++--
 drivers/clk/samsung/clk-s3c64xx.c      |  8 ++++++--
 drivers/clk/samsung/clk-s5pv210.c      |  8 ++++++--
 drivers/clk/samsung/clk.c              | 14 --------------
 drivers/clk/samsung/clk.h              |  2 --
 include/dt-bindings/clock/exynos4.h    |  4 +++-
 include/dt-bindings/clock/exynos5250.h |  4 +++-
 10 files changed, 38 insertions(+), 38 deletions(-)
Merging csky/linux-next (e21e52ad1e01 csky: Make HAVE_TCM depend on !COMPILE_TEST)
$ git merge -m Merge branch 'linux-next' of git://github.com/c-sky/csky-linux.git csky/linux-next
Already up to date.
Merging h8300/h8300-next (1ec10274d436 h8300: don't implement set_fs)
$ git merge -m Merge branch 'h8300-next' of git://git.sourceforge.jp/gitroot/uclinux-h8/linux.git h8300/h8300-next
Auto-merging drivers/tty/serial/sh-sci.c
Auto-merging drivers/net/ethernet/smsc/smc91x.c
Auto-merging drivers/net/ethernet/smsc/Kconfig
Removing arch/h8300/mm/memory.c
Auto-merging arch/h8300/mm/init.c
Auto-merging arch/h8300/kernel/setup.c
Removing arch/h8300/include/asm/segment.h
Auto-merging arch/h8300/include/asm/processor.h
Auto-merging arch/h8300/Kconfig.cpu
Merge made by the 'recursive' strategy.
 arch/h8300/Kconfig                      |  1 -
 arch/h8300/Kconfig.cpu                  |  4 ++
 arch/h8300/boot/dts/edosk2674.dts       | 10 ++++-
 arch/h8300/boot/dts/h8300h_sim.dts      |  2 +-
 arch/h8300/boot/dts/h8s_sim.dts         |  2 +-
 arch/h8300/configs/edosk2674_defconfig  | 10 ++---
 arch/h8300/configs/h8300h-sim_defconfig |  8 +---
 arch/h8300/configs/h8s-sim_defconfig    |  8 +---
 arch/h8300/include/asm/processor.h      |  1 -
 arch/h8300/include/asm/segment.h        | 40 --------------------
 arch/h8300/include/asm/thread_info.h    |  3 --
 arch/h8300/kernel/entry.S               |  1 -
 arch/h8300/kernel/head_ram.S            |  1 -
 arch/h8300/kernel/setup.c               |  2 +-
 arch/h8300/lib/memset.S                 | 17 +++++----
 arch/h8300/mm/Makefile                  |  2 +-
 arch/h8300/mm/init.c                    |  6 ---
 arch/h8300/mm/memory.c                  | 53 --------------------------
 drivers/clocksource/h8300_timer8.c      | 20 +++++-----
 drivers/irqchip/irq-renesas-h8300h.c    | 19 +++++++++-
 drivers/irqchip/irq-renesas-h8s.c       | 67 +++++++++++++++++++++++++--------
 drivers/net/ethernet/smsc/Kconfig       |  1 -
 drivers/net/ethernet/smsc/smc91x.c      | 10 +++++
 drivers/tty/serial/sh-sci.c             |  5 +--
 24 files changed, 124 insertions(+), 169 deletions(-)
 delete mode 100644 arch/h8300/include/asm/segment.h
 delete mode 100644 arch/h8300/mm/memory.c
Merging m68k/for-next (8a3c0a74ae87 m68k: defconfig: Update defconfigs for v5.15-rc1)
$ git merge -m Merge branch 'for-next' of git://git.kernel.org/pub/scm/linux/kernel/git/geert/linux-m68k.git m68k/for-next
Already up to date.
Merging m68knommu/for-next (fa55b7dcdc43 Linux 5.16-rc1)
$ git merge -m Merge branch 'for-next' of git://git.kernel.org/pub/scm/linux/kernel/git/gerg/m68knommu.git m68knommu/for-next
Already up to date.
Merging microblaze/next (43bdcbd50043 microblaze: timer: Remove unused properties)
$ git merge -m Merge branch 'next' of git://git.monstr.eu/linux-2.6-microblaze.git microblaze/next
Already up to date.
Merging mips/mips-next (fa55b7dcdc43 Linux 5.16-rc1)
$ git merge -m Merge branch 'mips-next' of git://git.kernel.org/pub/scm/linux/kernel/git/mips/linux.git mips/mips-next
Already up to date.
Merging nds32/next (07cd7745c6f2 nds32/setup: remove unused memblock_region variable in setup_memory())
$ git merge -m Merge branch 'next' of git://git.kernel.org/pub/scm/linux/kernel/git/greentime/linux.git nds32/next
Auto-merging arch/nds32/Makefile
Auto-merging arch/nds32/Kconfig
CONFLICT (content): Merge conflict in arch/nds32/Kconfig
Auto-merging arch/nds32/Kbuild
CONFLICT (content): Merge conflict in arch/nds32/Kbuild
Resolved 'arch/nds32/Kbuild' using previous resolution.
Resolved 'arch/nds32/Kconfig' using previous resolution.
Automatic merge failed; fix conflicts and then commit the result.
$ git commit --no-edit -v -a
[master f41d4b9c1280] Merge branch 'next' of git://git.kernel.org/pub/scm/linux/kernel/git/greentime/linux.git
$ git diff -M --stat --summary HEAD^..
 arch/nds32/Kbuild   | 3 +++
 arch/nds32/Kconfig  | 4 +++-
 arch/nds32/Makefile | 3 ---
 3 files changed, 6 insertions(+), 4 deletions(-)
Merging nios2/for-next (7f7bc20bc41a nios2: Don't use _end for calculating min_low_pfn)
$ git merge -m Merge branch 'for-next' of git://git.kernel.org/pub/scm/linux/kernel/git/lftan/nios2.git nios2/for-next
Already up to date.
Merging openrisc/for-next (27dff9a9c247 openrisc: fix SMP tlb flush NULL pointer dereference)
$ git merge -m Merge branch 'for-next' of git://github.com/openrisc/linux.git openrisc/for-next
Already up to date.
Merging parisc-hd/for-next (4b8e4debe20a parisc: Increase FRAME_WARN to 4096 on parisc)
$ git merge -m Merge branch 'for-next' of git://git.kernel.org/pub/scm/linux/kernel/git/deller/parisc-linux.git parisc-hd/for-next
Merge made by the 'recursive' strategy.
 arch/parisc/include/asm/jump_label.h |  1 +
 drivers/video/console/sticon.c       | 12 ++++++------
 lib/Kconfig.debug                    |  5 +++--
 3 files changed, 10 insertions(+), 8 deletions(-)
Merging powerpc/next (c12ab8dbc492 powerpc/8xx: Fix Oops with STRICT_KERNEL_RWX without DEBUG_RODATA_TEST)
$ git merge -m Merge branch 'next' of git://git.kernel.org/pub/scm/linux/kernel/git/powerpc/linux.git powerpc/next
Already up to date.
Merging soc-fsl/next (54c8b5b6f8a8 soc: fsl: dpio: rename the enqueue descriptor variable)
$ git merge -m Merge branch 'next' of git://git.kernel.org/pub/scm/linux/kernel/git/leo/linux.git soc-fsl/next
Already up to date.
Merging risc-v/for-next (ffa7a9141bb7 riscv: defconfig: enable DRM_NOUVEAU)
$ git merge -m Merge branch 'for-next' of git://git.kernel.org/pub/scm/linux/kernel/git/riscv/linux.git risc-v/for-next
Already up to date.
Merging s390/for-next (a4751f157c19 s390/cio: check the subchannel validity for dev_busid)
$ git merge -m Merge branch 'for-next' of git://git.kernel.org/pub/scm/linux/kernel/git/s390/linux.git s390/for-next
Already up to date.
Merging sh/for-next (8518e694203d sh: pgtable-3level: Fix cast to pointer from integer of different size)
$ git merge -m Merge branch 'for-next' of git://git.libc.org/linux-sh sh/for-next
Already up to date.
Merging sparc-next/master (dd0d718152e4 Merge tag 'spi-fix-v5.8-rc2' of git://git.kernel.org/pub/scm/linux/kernel/git/broonie/spi)
$ git merge -m Merge branch 'master' of git://git.kernel.org/pub/scm/linux/kernel/git/davem/sparc-next.git sparc-next/master
Already up to date.
Merging uml/linux-next (ab6ff1fda1e8 uml: x86: add FORCE to user_constants.h)
$ git merge -m Merge branch 'linux-next' of git://git.kernel.org/pub/scm/linux/kernel/git/rw/uml.git uml/linux-next
Merge made by the 'recursive' strategy.
 arch/um/include/asm/delay.h      | 4 ++--
 arch/um/include/asm/irqflags.h   | 4 ++--
 arch/um/include/shared/longjmp.h | 2 +-
 arch/um/include/shared/os.h      | 4 ++--
 arch/um/kernel/ksyms.c           | 2 +-
 arch/um/os-Linux/sigio.c         | 6 +++---
 arch/um/os-Linux/signal.c        | 8 ++++----
 arch/x86/um/Makefile             | 2 +-
 8 files changed, 16 insertions(+), 16 deletions(-)
Merging xtensa/xtensa-for-next (bd47cdb78997 xtensa: move section symbols to asm/sections.h)
$ git merge -m Merge branch 'xtensa-for-next' of git://github.com/jcmvbkbc/linux-xtensa.git xtensa/xtensa-for-next
Already up to date.
Merging pidfd/for-next (51c4420fd68b fs: handle circular mappings correctly)
$ git merge -m Merge branch 'for-next' of git://git.kernel.org/pub/scm/linux/kernel/git/brauner/linux.git pidfd/for-next
Merge made by the 'recursive' strategy.
 fs/attr.c | 4 ++--
 1 file changed, 2 insertions(+), 2 deletions(-)
Merging fscrypt/master (b7e072f9b77f fscrypt: improve a few comments)
$ git merge -m Merge branch 'master' of git://git.kernel.org/pub/scm/fs/fscrypt/fscrypt.git fscrypt/master
Already up to date.
Merging fscache/fscache-next (8bb7eca972ad Linux 5.15)
$ git merge -m Merge branch 'fscache-next' of git://git.kernel.org/pub/scm/linux/kernel/git/dhowells/linux-fs.git fscache/fscache-next
Already up to date.
Merging afs/afs-next (52af7105eceb afs: Set mtime from the client for yfs create operations)
$ git merge -m Merge branch 'afs-next' of git://git.kernel.org/pub/scm/linux/kernel/git/dhowells/linux-fs.git afs/afs-next
Already up to date.
Merging btrfs/for-next (ec522ac87632 Merge branch 'for-next-resolved' into for-next-20211102)
$ git merge -m Merge branch 'for-next' of git://git.kernel.org/pub/scm/linux/kernel/git/kdave/linux.git btrfs/for-next
Already up to date.
Merge made by the 'recursive' strategy.
Merging ceph/master (c02cb7bdc450 ceph: add a new metric to keep track of remote object copies)
$ git merge -m Merge branch 'master' of git://github.com/ceph/ceph-client.git ceph/master
Already up to date.
Merging cifs/for-next (ef242296e441 fs:cifs: convert from atomic_t to refcount_t on tlink->tl_count)
$ git merge -m Merge branch 'for-next' of git://git.samba.org/sfrench/cifs-2.6.git cifs/for-next
Merge made by the 'recursive' strategy.
 fs/cifs/cifsglob.h | 4 ++--
 fs/cifs/connect.c  | 2 +-
 2 files changed, 3 insertions(+), 3 deletions(-)
$ git reset --hard HEAD^
HEAD is now at 4570920bdfca Merge branch 'for-next' of git://git.kernel.org/pub/scm/linux/kernel/git/kdave/linux.git
Merging next-20211115 version of cifs
$ git merge -m next-20211115/cifs c8103c2718eb99aab954187ca5be14f3d994c9be
Already up to date.
Merging configfs/for-next (c42dd069be8d configfs: fix a race in configfs_lookup())
$ git merge -m Merge branch 'for-next' of git://git.infradead.org/users/hch/configfs.git configfs/for-next
Already up to date.
Merging ecryptfs/next (682a8e2b41ef Merge tag 'ecryptfs-5.13-rc1-updates' of git://git.kernel.org/pub/scm/linux/kernel/git/tyhicks/ecryptfs)
$ git merge -m Merge branch 'next' of git://git.kernel.org/pub/scm/linux/kernel/git/tyhicks/ecryptfs.git ecryptfs/next
Already up to date.
Merging erofs/dev (a0961f351d82 erofs: don't trigger WARN() when decompression fails)
$ git merge -m Merge branch 'dev' of git://git.kernel.org/pub/scm/linux/kernel/git/xiang/erofs.git erofs/dev
Already up to date.
Merging exfat/dev (0df2d764b979 exfat: reuse exfat_inode_info variable instead of calling EXFAT_I())
$ git merge -m Merge branch 'dev' of git://git.kernel.org/pub/scm/linux/kernel/git/linkinjeon/exfat.git exfat/dev
Merge made by the 'recursive' strategy.
 fs/exfat/dir.c      |  6 +++---
 fs/exfat/exfat_fs.h |  2 --
 fs/exfat/fatent.c   |  4 +---
 fs/exfat/file.c     | 14 +++++++-------
 fs/exfat/inode.c    | 11 +++++------
 fs/exfat/namei.c    |  6 +++---
 fs/exfat/super.c    |  6 +++---
 7 files changed, 22 insertions(+), 27 deletions(-)
Merging ext3/for_next (a48fc69fe658 udf: Fix crash after seekdir)
$ git merge -m Merge branch 'for_next' of git://git.kernel.org/pub/scm/linux/kernel/git/jack/linux-fs.git ext3/for_next
Merge made by the 'recursive' strategy.
 fs/udf/dir.c   | 32 ++++++++++++++++++++++++++++++--
 fs/udf/namei.c |  3 +++
 fs/udf/super.c |  2 ++
 3 files changed, 35 insertions(+), 2 deletions(-)
Merging ext4/dev (124e7c61deb2 ext4: fix error code saved on super block during file system abort)
$ git merge -m Merge branch 'dev' of git://git.kernel.org/pub/scm/linux/kernel/git/tytso/ext4.git ext4/dev
Already up to date.
Merging f2fs/dev (8ab774587903 Merge tag 'trace-v5.16-5' of git://git.kernel.org/pub/scm/linux/kernel/git/rostedt/linux-trace)
$ git merge -m Merge branch 'dev' of git://git.kernel.org/pub/scm/linux/kernel/git/jaegeuk/f2fs.git f2fs/dev
Already up to date.
Merging fsverity/fsverity (07c99001312c fs-verity: support reading signature with ioctl)
$ git merge -m Merge branch 'fsverity' of git://git.kernel.org/pub/scm/fs/fscrypt/fscrypt.git fsverity/fsverity
Already up to date.
Merging fuse/for-next (712a951025c0 fuse: fix page stealing)
$ git merge -m Merge branch 'for-next' of git://git.kernel.org/pub/scm/linux/kernel/git/mszeredi/fuse.git fuse/for-next
Already up to date.
Merging gfs2/for-next (ef9e7727d062 iomap: Fix inline extent handling in iomap_readpage)
$ git merge -m Merge branch 'for-next' of git://git.kernel.org/pub/scm/linux/kernel/git/gfs2/linux-gfs2.git gfs2/for-next
Merge made by the 'recursive' strategy.
 fs/gfs2/bmap.c         |  2 +-
 fs/gfs2/file.c         |  9 ++++++---
 fs/gfs2/glock.c        | 12 ++++--------
 fs/gfs2/super.c        | 14 +++++++-------
 fs/iomap/buffered-io.c | 11 +++++++++--
 5 files changed, 27 insertions(+), 21 deletions(-)
Merging jfs/jfs-next (c48a14dca2cb JFS: fix memleak in jfs_mount)
$ git merge -m Merge branch 'jfs-next' of git://github.com/kleikamp/linux-shaggy.git jfs/jfs-next
Already up to date.
Merging ksmbd/ksmbd-for-next (8ab774587903 Merge tag 'trace-v5.16-5' of git://git.kernel.org/pub/scm/linux/kernel/git/rostedt/linux-trace)
$ git merge -m Merge branch 'ksmbd-for-next' of https://github.com/smfrench/smb3-kernel.git ksmbd/ksmbd-for-next
Already up to date.
Merging nfs/linux-next (f96f8cc4a63d NFSv4: Sanity check the parameters in nfs41_update_target_slotid())
$ git merge -m Merge branch 'linux-next' of git://git.linux-nfs.org/projects/trondmy/nfs-2.6.git nfs/linux-next
Already up to date.
Merging nfs-anna/linux-next (8cfb9015280d NFS: Always provide aligned buffers to the RPC read layers)
$ git merge -m Merge branch 'linux-next' of git://git.linux-nfs.org/projects/anna/linux-nfs.git nfs-anna/linux-next
Already up to date.
Merging nfsd/nfsd-next (fa55b7dcdc43 Linux 5.16-rc1)
$ git merge -m Merge branch 'nfsd-next' of git://git.linux-nfs.org/~bfields/linux.git nfsd/nfsd-next
Already up to date.
Merging cel/for-next (c20106944eb6 NFSD: Keep existing listeners on portlist error)
$ git merge -m Merge branch 'for-next' of git://git.kernel.org/pub/scm/linux/kernel/git/cel/linux cel/for-next
Already up to date.
Merging ntfs3/master (8bb7eca972ad Linux 5.15)
$ git merge -m Merge branch 'master' of https://github.com/Paragon-Software-Group/linux-ntfs3.git ntfs3/master
Already up to date.
Merging orangefs/for-next (ac2c63757f4f orangefs: Fix sb refcount leak when allocate sb info failed.)
$ git merge -m Merge branch 'for-next' of git://git.kernel.org/pub/scm/linux/kernel/git/hubcap/linux orangefs/for-next
Already up to date.
Merging overlayfs/overlayfs-next (5b0a414d06c3 ovl: fix filattr copy-up failure)
$ git merge -m Merge branch 'overlayfs-next' of git://git.kernel.org/pub/scm/linux/kernel/git/mszeredi/vfs.git overlayfs/overlayfs-next
Already up to date.
Merging ubifs/next (9aaa6cc099f6 ubifs: Document sysfs nodes)
$ git merge -m Merge branch 'next' of git://git.kernel.org/pub/scm/linux/kernel/git/rw/ubifs.git ubifs/next
Auto-merging MAINTAINERS
Merge made by the 'recursive' strategy.
 Documentation/ABI/testing/sysfs-fs-ubifs |  35 +++++++
 MAINTAINERS                              |   1 +
 drivers/mtd/ubi/debug.c                  |   2 +-
 fs/ubifs/Makefile                        |   2 +-
 fs/ubifs/dir.c                           |   4 +-
 fs/ubifs/io.c                            |  21 +++++
 fs/ubifs/replay.c                        |   2 +-
 fs/ubifs/super.c                         |  23 +++--
 fs/ubifs/sysfs.c                         | 153 +++++++++++++++++++++++++++++++
 fs/ubifs/ubifs.h                         |  35 +++++++
 10 files changed, 267 insertions(+), 11 deletions(-)
 create mode 100644 Documentation/ABI/testing/sysfs-fs-ubifs
 create mode 100644 fs/ubifs/sysfs.c
Merging v9fs/9p-next (6e195b0f7c8e 9p: fix a bunch of checkpatch warnings)
$ git merge -m Merge branch '9p-next' of git://github.com/martinetd/linux v9fs/9p-next
Already up to date.
Merging xfs/for-next (4a6b35b3b3f2 xfs: sync xfs_btree_split macros with userspace libxfs)
$ git merge -m Merge branch 'for-next' of git://git.kernel.org/pub/scm/fs/xfs/xfs-linux.git xfs/for-next
Already up to date.
Merging zonefs/for-next (95b115332a83 zonefs: remove redundant null bio check)
$ git merge -m Merge branch 'for-next' of git://git.kernel.org/pub/scm/linux/kernel/git/dlemoal/zonefs.git zonefs/for-next
Auto-merging fs/zonefs/super.c
Merge made by the 'recursive' strategy.
Merging iomap/iomap-for-next (03b8df8d43ec iomap: standardize tracepoint formatting and storage)
$ git merge -m Merge branch 'iomap-for-next' of git://git.kernel.org/pub/scm/fs/xfs/xfs-linux.git iomap/iomap-for-next
Already up to date.
Merging djw-vfs/vfs-for-next (d03ef4daf33a fs: forbid invalid project ID)
$ git merge -m Merge branch 'vfs-for-next' of git://git.kernel.org/pub/scm/fs/xfs/xfs-linux.git djw-vfs/vfs-for-next
Already up to date.
Merging file-locks/locks-next (482e00075d66 fs: remove leftover comments from mandatory locking removal)
$ git merge -m Merge branch 'locks-next' of git://git.kernel.org/pub/scm/linux/kernel/git/jlayton/linux.git file-locks/locks-next
Already up to date.
Merging vfs/for-next (8f40da9494cf Merge branch 'misc.namei' into for-next)
$ git merge -m Merge branch 'for-next' of git://git.kernel.org/pub/scm/linux/kernel/git/viro/vfs.git vfs/for-next
Already up to date.
Merge made by the 'recursive' strategy.
Merging printk/for-next (06cf63cb69be Merge branch 'for-5.16-fixup' into for-next)
$ git merge -m Merge branch 'for-next' of git://git.kernel.org/pub/scm/linux/kernel/git/printk/linux.git printk/for-next
Auto-merging kernel/printk/printk.c
Auto-merging include/linux/percpu.h
Merge made by the 'recursive' strategy.
 arch/powerpc/kernel/watchdog.c | 6 ++++++
 include/linux/percpu.h         | 1 -
 include/linux/printk.h         | 4 ++++
 kernel/printk/printk.c         | 5 +++++
 lib/nmi_backtrace.c            | 6 ++++++
 5 files changed, 21 insertions(+), 1 deletion(-)
Merging pci/next (fa55b7dcdc43 Linux 5.16-rc1)
$ git merge -m Merge branch 'next' of git://git.kernel.org/pub/scm/linux/kernel/git/helgaas/pci.git pci/next
Already up to date.
Merging pstore/for-next/pstore (c5d4fb2539ca pstore/blk: Use "%lu" to format unsigned long)
$ git merge -m Merge branch 'for-next/pstore' of git://git.kernel.org/pub/scm/linux/kernel/git/kees/linux.git pstore/for-next/pstore
Auto-merging fs/pstore/blk.c
Merge made by the 'recursive' strategy.
 fs/pstore/blk.c | 2 +-
 1 file changed, 1 insertion(+), 1 deletion(-)
Merging hid/for-next (5554d0b808c2 Merge branch 'for-5.16/upstream-fixes' into for-next)
$ git merge -m Merge branch 'for-next' of git://git.kernel.org/pub/scm/linux/kernel/git/hid/hid.git hid/for-next
Merge made by the 'recursive' strategy.
 drivers/hid/hid-asus.c                       |  2 +-
 drivers/hid/hid-nintendo.c                   |  5 ++++-
 drivers/hid/intel-ish-hid/ishtp-fw-loader.c  | 14 ++++++++------
 drivers/hid/intel-ish-hid/ishtp-hid-client.c | 14 ++++++++------
 drivers/hid/intel-ish-hid/ishtp/bus.c        |  6 +++---
 drivers/hid/wacom_wac.c                      |  8 +++++++-
 drivers/hid/wacom_wac.h                      |  1 +
 drivers/platform/chrome/cros_ec_ishtp.c      | 14 ++++++++------
 drivers/platform/x86/intel/ishtp_eclite.c    | 14 ++++++++------
 include/linux/intel-ish-client-if.h          |  4 ++--
 include/linux/mod_devicetable.h              | 14 ++++++++++++++
 scripts/mod/devicetable-offsets.c            |  3 +++
 scripts/mod/file2alias.c                     | 24 ++++++++++++++++++++++++
 13 files changed, 91 insertions(+), 32 deletions(-)
Merging i2c/i2c/for-next (26950bc4bad3 Merge branch 'i2c/for-mergewindow' into i2c/for-next)
$ git merge -m Merge branch 'i2c/for-next' of git://git.kernel.org/pub/scm/linux/kernel/git/wsa/linux.git i2c/i2c/for-next
Already up to date.
Merge made by the 'recursive' strategy.
Merging i3c/i3c/next (a3587e2c0578 i3c: fix incorrect address slot lookup on 64-bit)
$ git merge -m Merge branch 'i3c/next' of git://git.kernel.org/pub/scm/linux/kernel/git/i3c/linux.git i3c/i3c/next
Merge made by the 'recursive' strategy.
 drivers/i3c/master.c                  | 3 ++-
 drivers/i3c/master/mipi-i3c-hci/dma.c | 2 +-
 drivers/i3c/master/mipi-i3c-hci/hci.h | 2 +-
 3 files changed, 4 insertions(+), 3 deletions(-)
Merging dmi/dmi-for-next (f97a2103f1a7 firmware: dmi: Move product_sku info to the end of the modalias)
$ git merge -m Merge branch 'dmi-for-next' of git://git.kernel.org/pub/scm/linux/kernel/git/jdelvare/staging.git dmi/dmi-for-next
Already up to date.
Merging hwmon-staging/hwmon-next (879af177e721 hwmon: (tmp401) Hide register write address differences in regmap code)
$ git merge -m Merge branch 'hwmon-next' of git://git.kernel.org/pub/scm/linux/kernel/git/groeck/linux-staging.git hwmon-staging/hwmon-next
Merge made by the 'recursive' strategy.
 .../devicetree/bindings/hwmon/ti,ina2xx.yaml       |  22 +
 Documentation/hwmon/ina238.rst                     |  56 ++
 Documentation/hwmon/index.rst                      |   1 +
 arch/x86/kernel/amd_nb.c                           |   5 +
 drivers/hwmon/Kconfig                              |  13 +
 drivers/hwmon/Makefile                             |   1 +
 drivers/hwmon/ina238.c                             | 644 +++++++++++++++
 drivers/hwmon/k10temp.c                            |  23 +-
 drivers/hwmon/tmp401.c                             | 862 ++++++++++-----------
 include/linux/pci_ids.h                            |   1 +
 10 files changed, 1176 insertions(+), 452 deletions(-)
 create mode 100644 Documentation/hwmon/ina238.rst
 create mode 100644 drivers/hwmon/ina238.c
Merging jc_docs/docs-next (53b606fa29e3 docs: filesystems: Fix grammatical error "with" to "which")
$ git merge -m Merge branch 'docs-next' of git://git.lwn.net/linux.git jc_docs/docs-next
Merge made by the 'recursive' strategy.
 Documentation/arm/marvell.rst                      | 48 +++++++++++-----------
 Documentation/doc-guide/sphinx.rst                 | 22 ++++------
 Documentation/filesystems/autofs.rst               |  2 +-
 Documentation/process/changes.rst                  |  2 +-
 Documentation/trace/ftrace.rst                     |  9 ++--
 .../translations/it_IT/doc-guide/sphinx.rst        | 23 ++++-------
 .../translations/it_IT/process/changes.rst         |  2 +-
 .../translations/zh_CN/doc-guide/sphinx.rst        | 21 ++++------
 .../zh_CN/process/management-style.rst             |  4 +-
 9 files changed, 60 insertions(+), 73 deletions(-)
Merging v4l-dvb/master (fa55b7dcdc43 Linux 5.16-rc1)
$ git merge -m Merge branch 'master' of git://linuxtv.org/media_tree.git v4l-dvb/master
Already up to date.
Merging v4l-dvb-next/master (5efe5721c18c media: rc: ir-hix5hd2: Add the dependency on HAS_IOMEM)
$ git merge -m Merge branch 'master' of git://linuxtv.org/mchehab/media-next.git v4l-dvb-next/master
Removing drivers/staging/media/atomisp/pci/css_2401_system/hive/ia_css_isp_states.c
Removing drivers/staging/media/atomisp/pci/css_2401_system/hive/ia_css_isp_configs.c
Removing drivers/staging/media/atomisp/pci/css_2400_system/hive/ia_css_isp_params.c
Removing drivers/staging/media/atomisp/pci/css_2400_system/hive/ia_css_isp_configs.c
Auto-merging MAINTAINERS
Removing Documentation/devicetree/bindings/media/i2c/adv748x.txt
Merge made by the 'recursive' strategy.
 .../admin-guide/media/platform-cardlist.rst        |    1 +
 .../devicetree/bindings/media/i2c/adv748x.txt      |  116 -
 .../devicetree/bindings/media/i2c/adv748x.yaml     |  212 ++
 .../devicetree/bindings/media/st,stm32-dma2d.yaml  |   71 +
 Documentation/driver-api/media/drivers/index.rst   |    1 +
 .../userspace-api/media/cec/cec-ioc-receive.rst    |   49 +-
 .../userspace-api/media/v4l/capture.c.rst          |   52 +-
 Documentation/userspace-api/media/v4l/control.rst  |    9 +
 .../userspace-api/media/v4l/v4l2grab.c.rst         |    8 +-
 MAINTAINERS                                        |    7 +
 drivers/media/Kconfig                              |    8 +-
 .../media/common/videobuf2/videobuf2-dma-contig.c  |    8 +-
 drivers/media/i2c/ccs/ccs-core.c                   |   12 +-
 drivers/media/i2c/dw9768.c                         |    6 +
 drivers/media/pci/intel/ipu3/cio2-bridge.c         |    4 +-
 drivers/media/pci/tw5864/tw5864-core.c             |    5 +-
 drivers/media/platform/Kconfig                     |   12 +
 drivers/media/platform/Makefile                    |    1 +
 drivers/media/platform/aspeed-video.c              |   14 +-
 drivers/media/platform/mtk-vcodec/mtk_vcodec_dec.h |    1 +
 .../media/platform/mtk-vcodec/mtk_vcodec_dec_drv.c |    1 -
 .../platform/mtk-vcodec/mtk_vcodec_dec_stateless.c |    1 -
 .../media/platform/mtk-vcodec/mtk_vcodec_enc_drv.c |    1 -
 .../platform/mtk-vcodec/vdec/vdec_h264_req_if.c    |    4 +-
 drivers/media/platform/mtk-vpu/mtk_vpu.c           |    4 +-
 drivers/media/platform/s5p-mfc/s5p_mfc.c           |    9 +-
 drivers/media/platform/stm32/Makefile              |    2 +
 drivers/media/platform/stm32/dma2d/dma2d-hw.c      |  133 +
 drivers/media/platform/stm32/dma2d/dma2d-regs.h    |  113 +
 drivers/media/platform/stm32/dma2d/dma2d.c         |  739 +++++
 drivers/media/platform/stm32/dma2d/dma2d.h         |  135 +
 drivers/media/rc/Kconfig                           |    2 +-
 drivers/media/rc/ir-rx51.c                         |   16 +-
 drivers/media/rc/ir-spi.c                          |    6 -
 drivers/media/rc/pwm-ir-tx.c                       |   18 +-
 drivers/media/usb/em28xx/em28xx-cards.c            |   18 +-
 drivers/media/usb/gspca/m5602/m5602_s5k83a.c       |    5 +-
 drivers/media/v4l2-core/v4l2-ctrls-defs.c          |   12 +-
 drivers/media/v4l2-core/v4l2-ioctl.c               |    4 +-
 drivers/media/v4l2-core/v4l2-mem2mem.c             |   21 +
 drivers/staging/media/Kconfig                      |    2 +
 drivers/staging/media/Makefile                     |    1 +
 drivers/staging/media/atomisp/Makefile             |   20 +-
 drivers/staging/media/atomisp/TODO                 |  191 +-
 drivers/staging/media/atomisp/i2c/atomisp-gc0310.c |  119 +-
 drivers/staging/media/atomisp/i2c/atomisp-gc2235.c |  113 +-
 .../staging/media/atomisp/i2c/atomisp-mt9m114.c    |  130 +-
 drivers/staging/media/atomisp/i2c/atomisp-ov2680.c |  292 +-
 drivers/staging/media/atomisp/i2c/atomisp-ov2722.c |  118 +-
 drivers/staging/media/atomisp/i2c/gc0310.h         |    3 +-
 drivers/staging/media/atomisp/i2c/gc2235.h         |    3 +-
 drivers/staging/media/atomisp/i2c/ov2680.h         |   62 +-
 drivers/staging/media/atomisp/i2c/ov2722.h         |    3 +-
 drivers/staging/media/atomisp/pci/atomisp_cmd.c    |  195 +-
 drivers/staging/media/atomisp/pci/atomisp_cmd.h    |    6 +-
 .../media/atomisp/pci/atomisp_compat_css20.c       |   73 +-
 drivers/staging/media/atomisp/pci/atomisp_fops.c   |   43 +-
 .../media/atomisp/pci/atomisp_gmin_platform.c      |   21 +-
 .../staging/media/atomisp/pci/atomisp_internal.h   |    7 +
 drivers/staging/media/atomisp/pci/atomisp_ioctl.c  |  237 +-
 drivers/staging/media/atomisp/pci/atomisp_subdev.c |   31 +-
 drivers/staging/media/atomisp/pci/atomisp_subdev.h |    3 +
 drivers/staging/media/atomisp/pci/atomisp_v4l2.c   |   33 +-
 drivers/staging/media/atomisp/pci/atomisp_v4l2.h   |    3 +-
 .../atomisp/pci/camera/pipe/src/pipe_binarydesc.c  |    5 -
 .../pci/css_2400_system/hive/ia_css_isp_configs.c  |  386 ---
 .../pci/css_2400_system/hive/ia_css_isp_params.c   | 3420 --------------------
 .../pci/css_2401_system/hive/ia_css_isp_configs.c  |  386 ---
 .../pci/css_2401_system/hive/ia_css_isp_states.c   |  224 --
 .../atomisp/pci/hive_isp_css_common/host/gdc.c     |   11 -
 .../staging/media/atomisp/pci/ia_css_acc_types.h   |    5 -
 .../staging/media/atomisp/pci/ia_css_isp_configs.c |  321 ++
 .../staging/media/atomisp/pci/ia_css_isp_configs.h |  119 +-
 .../{css_2401_system/hive => }/ia_css_isp_params.c |   23 -
 .../staging/media/atomisp/pci/ia_css_isp_params.h  |    3 -
 .../{css_2400_system/hive => }/ia_css_isp_states.c |    0
 .../staging/media/atomisp/pci/ia_css_pipe_public.h |    3 -
 .../copy_output_1.0/ia_css_copy_output.host.c      |    8 +-
 .../copy_output_1.0/ia_css_copy_output.host.h      |    6 +-
 .../isp/kernels/crop/crop_1.0/ia_css_crop.host.c   |   28 +-
 .../isp/kernels/crop/crop_1.0/ia_css_crop.host.h   |   14 +-
 .../pci/isp/kernels/dvs/dvs_1.0/ia_css_dvs.host.c  |    8 +-
 .../pci/isp/kernels/dvs/dvs_1.0/ia_css_dvs.host.h  |    6 +-
 .../pci/isp/kernels/fpn/fpn_1.0/ia_css_fpn.host.c  |   28 +-
 .../pci/isp/kernels/fpn/fpn_1.0/ia_css_fpn.host.h  |   14 +-
 .../atomisp/pci/isp/kernels/hdr/ia_css_hdr.host.c  |    1 -
 .../atomisp/pci/isp/kernels/hdr/ia_css_hdr.host.h  |    1 -
 .../atomisp/pci/isp/kernels/hdr/ia_css_hdr_param.h |    1 -
 .../atomisp/pci/isp/kernels/hdr/ia_css_hdr_types.h |    1 -
 .../ipu2_io_ls/bayer_io_ls/ia_css_bayer_io.host.c  |   16 +-
 .../ipu2_io_ls/bayer_io_ls/ia_css_bayer_io.host.h  |    6 +-
 .../yuv444_io_ls/ia_css_yuv444_io.host.c           |   18 +-
 .../yuv444_io_ls/ia_css_yuv444_io.host.h           |    6 +-
 .../iterator/iterator_1.0/ia_css_iterator.host.c   |   11 +-
 .../kernels/output/output_1.0/ia_css_output.host.c |   69 +-
 .../kernels/output/output_1.0/ia_css_output.host.h |   42 +-
 .../kernels/qplane/qplane_2/ia_css_qplane.host.c   |   30 +-
 .../kernels/qplane/qplane_2/ia_css_qplane.host.h   |   16 +-
 .../pci/isp/kernels/raw/raw_1.0/ia_css_raw.host.c  |   38 +-
 .../pci/isp/kernels/raw/raw_1.0/ia_css_raw.host.h  |   22 +-
 .../pci/isp/kernels/ref/ref_1.0/ia_css_ref.host.c  |   30 +-
 .../pci/isp/kernels/ref/ref_1.0/ia_css_ref.host.h  |   16 +-
 .../pci/isp/kernels/sc/sc_1.0/ia_css_sc.host.c     |   68 -
 .../pci/isp/kernels/sc/sc_1.0/ia_css_sc.host.h     |   33 -
 .../pci/isp/kernels/sc/sc_1.0/ia_css_sc_types.h    |   14 -
 .../pci/isp/kernels/tnr/tnr_1.0/ia_css_tnr.host.c  |   27 +-
 .../pci/isp/kernels/tnr/tnr_1.0/ia_css_tnr.host.h  |   14 +-
 .../pci/isp/kernels/vf/vf_1.0/ia_css_vf.host.c     |   32 +-
 .../pci/isp/kernels/vf/vf_1.0/ia_css_vf.host.h     |    8 +-
 .../atomisp/pci/isp2401_input_system_global.h      |   12 -
 .../pci/runtime/binary/interface/ia_css_binary.h   |    1 -
 .../media/atomisp/pci/runtime/binary/src/binary.c  |   14 -
 .../pci/runtime/frame/interface/ia_css_frame.h     |    5 +-
 .../media/atomisp/pci/runtime/frame/src/frame.c    |   46 +-
 .../atomisp/pci/runtime/isys/src/virtual_isys.c    |   11 -
 drivers/staging/media/atomisp/pci/sh_css.c         |   31 +-
 .../staging/media/atomisp/pci/sh_css_firmware.c    |   16 +-
 .../staging/media/atomisp/pci/sh_css_internal.h    |    8 -
 drivers/staging/media/atomisp/pci/sh_css_mipi.c    |   73 +-
 drivers/staging/media/atomisp/pci/sh_css_sp.c      |   91 +-
 .../staging/media/ipu3/include/uapi/intel-ipu3.h   |   10 +-
 drivers/staging/media/max96712/Kconfig             |   13 +
 drivers/staging/media/max96712/Makefile            |    2 +
 drivers/staging/media/max96712/max96712.c          |  440 +++
 include/media/v4l2-mem2mem.h                       |    5 +
 include/uapi/linux/v4l2-controls.h                 |    4 +-
 126 files changed, 3586 insertions(+), 6284 deletions(-)
 delete mode 100644 Documentation/devicetree/bindings/media/i2c/adv748x.txt
 create mode 100644 Documentation/devicetree/bindings/media/i2c/adv748x.yaml
 create mode 100644 Documentation/devicetree/bindings/media/st,stm32-dma2d.yaml
 create mode 100644 drivers/media/platform/stm32/dma2d/dma2d-hw.c
 create mode 100644 drivers/media/platform/stm32/dma2d/dma2d-regs.h
 create mode 100644 drivers/media/platform/stm32/dma2d/dma2d.c
 create mode 100644 drivers/media/platform/stm32/dma2d/dma2d.h
 delete mode 100644 drivers/staging/media/atomisp/pci/css_2400_system/hive/ia_css_isp_configs.c
 delete mode 100644 drivers/staging/media/atomisp/pci/css_2400_system/hive/ia_css_isp_params.c
 delete mode 100644 drivers/staging/media/atomisp/pci/css_2401_system/hive/ia_css_isp_configs.c
 delete mode 100644 drivers/staging/media/atomisp/pci/css_2401_system/hive/ia_css_isp_states.c
 create mode 100644 drivers/staging/media/atomisp/pci/ia_css_isp_configs.c
 rename drivers/staging/media/atomisp/pci/{css_2401_system/hive => }/ia_css_isp_params.c (99%)
 rename drivers/staging/media/atomisp/pci/{css_2400_system/hive => }/ia_css_isp_states.c (100%)
 create mode 100644 drivers/staging/media/max96712/Kconfig
 create mode 100644 drivers/staging/media/max96712/Makefile
 create mode 100644 drivers/staging/media/max96712/max96712.c
Merging pm/linux-next (881007522c8f Merge tag 'thermal-5.16-rc1-2' of git://git.kernel.org/pub/scm/linux/kernel/git/rafael/linux-pm)
$ git merge -m Merge branch 'linux-next' of git://git.kernel.org/pub/scm/linux/kernel/git/rafael/linux-pm.git pm/linux-next
Already up to date.
Merging cpufreq-arm/cpufreq/arm/linux-next (4a08e3271c55 cpufreq: Fix parameter in parse_perf_domain())
$ git merge -m Merge branch 'cpufreq/arm/linux-next' of git://git.kernel.org/pub/scm/linux/kernel/git/vireshk/pm.git cpufreq-arm/cpufreq/arm/linux-next
Already up to date.
Merging cpupower/cpupower (79a0dc5530a9 tools: cpupower: fix typo in cpupower-idle-set(1) manpage)
$ git merge -m Merge branch 'cpupower' of git://git.kernel.org/pub/scm/linux/kernel/git/shuah/linux.git cpupower/cpupower
Merge made by the 'recursive' strategy.
 tools/power/cpupower/man/cpupower-idle-set.1 | 2 +-
 1 file changed, 1 insertion(+), 1 deletion(-)
Merging devfreq/devfreq-next (5cf79c293821 PM / devfreq: Strengthen check for freq_table)
$ git merge -m Merge branch 'devfreq-next' of git://git.kernel.org/pub/scm/linux/kernel/git/chanwoo/linux.git devfreq/devfreq-next
Already up to date.
Merging opp/opp/linux-next (7ca81b690e59 dt-bindings: opp: Allow multi-worded OPP entry name)
$ git merge -m Merge branch 'opp/linux-next' of git://git.kernel.org/pub/scm/linux/kernel/git/vireshk/pm.git opp/opp/linux-next
Already up to date.
Merging thermal/thermal/linux-next (a67a46af4ad6 thermal/core: Deprecate changing cooling device state from userspace)
$ git merge -m Merge branch 'thermal/linux-next' of git://git.kernel.org/pub/scm/linux/kernel/git/thermal/linux.git thermal/thermal/linux-next
Already up to date.
Merging ieee1394/for-next (54b3bd99f094 firewire: nosy: switch from 'pci_' to 'dma_' API)
$ git merge -m Merge branch 'for-next' of git://git.kernel.org/pub/scm/linux/kernel/git/ieee1394/linux1394.git ieee1394/for-next
Already up to date.
Merging dlm/next (92c446053814 fs: dlm: replace use of socket sk_callback_lock with sock_lock)
$ git merge -m Merge branch 'next' of git://git.kernel.org/pub/scm/linux/kernel/git/teigland/linux-dlm.git dlm/next
Merge made by the 'recursive' strategy.
 fs/dlm/ast.c               |  12 ++-
 fs/dlm/debug_fs.c          |  96 ++++++++++++++++-
 fs/dlm/dir.c               |   3 +-
 fs/dlm/dlm_internal.h      |  11 +-
 fs/dlm/lock.c              |  90 +++++++++++++++-
 fs/dlm/lock.h              |   4 +
 fs/dlm/lockspace.c         |  37 ++++---
 fs/dlm/lowcomms.c          |  95 ++++++++---------
 fs/dlm/lowcomms.h          |   4 +-
 fs/dlm/main.c              |   3 +
 fs/dlm/member.c            |   3 +-
 fs/dlm/midcomms.c          |  64 +++++++++--
 fs/dlm/midcomms.h          |   2 +
 fs/dlm/rcom.c              |   2 +-
 fs/dlm/recoverd.c          |   3 +-
 fs/dlm/requestqueue.c      |  17 ++-
 include/trace/events/dlm.h | 260 +++++++++++++++++++++++++++++++++++++++++++++
 17 files changed, 599 insertions(+), 107 deletions(-)
 create mode 100644 include/trace/events/dlm.h
Merging rdma/for-next (fa55b7dcdc43 Linux 5.16-rc1)
$ git merge -m Merge branch 'for-next' of git://git.kernel.org/pub/scm/linux/kernel/git/rdma/rdma.git rdma/for-next
Already up to date.
Merging net-next/master (a5bdc36354cb Merge https://git.kernel.org/pub/scm/linux/kernel/git/bpf/bpf-next)
$ git merge -m Merge branch 'master' of git://git.kernel.org/pub/scm/linux/kernel/git/netdev/net-next.git net-next/master
Auto-merging tools/testing/selftests/bpf/test_verifier.c
Removing tools/testing/selftests/bpf/test_stub.c
Auto-merging tools/testing/selftests/bpf/Makefile
Auto-merging tools/lib/bpf/libbpf.c
Auto-merging tools/lib/bpf/gen_loader.c
Auto-merging tools/lib/bpf/bpf_gen_internal.h
Auto-merging tools/include/uapi/linux/bpf.h
Auto-merging net/core/filter.c
Auto-merging kernel/trace/bpf_trace.c
Auto-merging kernel/bpf/verifier.c
Auto-merging include/uapi/linux/bpf.h
Merge made by the 'recursive' strategy.
 Documentation/bpf/btf.rst                          |  13 +-
 arch/arm64/include/asm/extable.h                   |   9 -
 arch/arm64/include/asm/memory.h                    |   5 +-
 arch/arm64/kernel/traps.c                          |   2 +-
 arch/arm64/mm/ptdump.c                             |   2 -
 arch/arm64/net/bpf_jit_comp.c                      |   7 +-
 drivers/net/dsa/vitesse-vsc73xx-core.c             |   4 +-
 drivers/net/dsa/vitesse-vsc73xx.h                  |   2 +-
 drivers/net/ethernet/huawei/hinic/hinic_ethtool.c  |  32 +-
 drivers/net/ethernet/marvell/mvneta.c              |  34 +-
 drivers/net/ethernet/marvell/mvpp2/mvpp2_main.c    |  58 +---
 drivers/net/ethernet/stmicro/stmmac/stmmac.h       |   4 +-
 drivers/net/ethernet/stmicro/stmmac/stmmac_main.c  | 137 +++++++-
 drivers/net/ethernet/stmicro/stmmac/stmmac_xdp.c   |   4 +-
 drivers/net/fddi/skfp/smt.c                        |  14 +-
 drivers/net/phy/phylink.c                          | 252 ++++++++++++++
 drivers/net/usb/ax88179_178a.c                     |  17 +-
 drivers/net/wan/fsl_ucc_hdlc.c                     |  62 ++--
 include/linux/bpf.h                                |   1 +
 include/linux/btf_ids.h                            |  20 +-
 include/linux/filter.h                             |   7 +-
 include/linux/phylink.h                            |  31 ++
 include/uapi/linux/bpf.h                           |  21 ++
 include/uapi/linux/btf.h                           |   3 +-
 kernel/bpf/bpf_task_storage.c                      |   4 +-
 kernel/bpf/btf.c                                   |  19 +-
 kernel/bpf/mmap_unlock_work.h                      |  65 ++++
 kernel/bpf/stackmap.c                              |  82 +----
 kernel/bpf/task_iter.c                             |  82 ++++-
 kernel/bpf/verifier.c                              |  34 ++
 kernel/trace/bpf_trace.c                           |   6 +-
 net/bridge/br_if.c                                 |   8 +-
 net/core/filter.c                                  |  13 +-
 net/ipv4/igmp.c                                    |   1 -
 net/ipv4/inet_hashtables.c                         |   8 +-
 net/ipv4/ip_output.c                               |   1 -
 net/ipv4/udp.c                                     |   8 +-
 net/ipv6/exthdrs.c                                 |   1 -
 net/ipv6/inet6_hashtables.c                        |   8 +-
 net/ipv6/udp.c                                     |   8 +-
 net/sched/sch_netem.c                              |  18 +-
 tools/bpf/bpftool/.gitignore                       |   2 +-
 tools/bpf/bpftool/Documentation/Makefile           |   3 +-
 tools/bpf/bpftool/Documentation/bpftool-btf.rst    |   2 +-
 tools/bpf/bpftool/Documentation/bpftool-cgroup.rst |  12 +-
 tools/bpf/bpftool/Documentation/bpftool-gen.rst    |   2 +-
 tools/bpf/bpftool/Documentation/bpftool-link.rst   |   2 +-
 tools/bpf/bpftool/Documentation/bpftool-map.rst    |   8 +-
 tools/bpf/bpftool/Documentation/bpftool-net.rst    |  66 ++--
 tools/bpf/bpftool/Documentation/bpftool-prog.rst   |   8 +-
 tools/bpf/bpftool/Documentation/bpftool.rst        |   6 +-
 tools/bpf/bpftool/Documentation/common_options.rst |   9 +
 tools/bpf/bpftool/Makefile                         |  19 +-
 tools/bpf/bpftool/bash-completion/bpftool          |   5 +-
 tools/bpf/bpftool/btf.c                            |  13 +-
 tools/bpf/bpftool/btf_dumper.c                     |  42 ++-
 tools/bpf/bpftool/common.c                         |   1 +
 tools/bpf/bpftool/feature.c                        |   2 +-
 tools/bpf/bpftool/gen.c                            |  12 +-
 tools/bpf/bpftool/iter.c                           |   7 +-
 tools/bpf/bpftool/main.c                           |  13 +-
 tools/bpf/bpftool/main.h                           |   3 +-
 tools/bpf/bpftool/map.c                            |  13 +-
 tools/bpf/bpftool/map_perf_ring.c                  |   9 +-
 tools/bpf/bpftool/prog.c                           | 214 +++++++++---
 tools/bpf/bpftool/struct_ops.c                     |  16 +-
 tools/bpf/runqslower/runqslower.c                  |   6 +-
 tools/include/uapi/linux/bpf.h                     |  21 ++
 tools/include/uapi/linux/btf.h                     |   3 +-
 tools/lib/bpf/Makefile                             |   1 +
 tools/lib/bpf/bpf.c                                | 166 +++++----
 tools/lib/bpf/bpf.h                                |  74 +++-
 tools/lib/bpf/bpf_gen_internal.h                   |   8 +-
 tools/lib/bpf/btf.c                                |  69 ++--
 tools/lib/bpf/btf.h                                |  80 ++++-
 tools/lib/bpf/btf_dump.c                           |  40 ++-
 tools/lib/bpf/gen_loader.c                         |  33 +-
 tools/lib/bpf/libbpf.c                             | 376 ++++++++++++---------
 tools/lib/bpf/libbpf.h                             | 102 +++++-
 tools/lib/bpf/libbpf.map                           |  13 +
 tools/lib/bpf/libbpf_common.h                      |  14 +-
 tools/lib/bpf/libbpf_internal.h                    |  33 +-
 tools/lib/bpf/libbpf_legacy.h                      |   1 +
 tools/lib/bpf/libbpf_probes.c                      |  20 +-
 tools/lib/bpf/linker.c                             |   4 +-
 tools/lib/bpf/xsk.c                                |  34 +-
 tools/testing/selftests/bpf/Makefile               |  71 ++--
 tools/testing/selftests/bpf/README.rst             |   9 +-
 .../selftests/bpf/benchs/bench_bloom_filter_map.c  |  17 +-
 .../testing/selftests/bpf/benchs/bench_ringbufs.c  |   8 +-
 tools/testing/selftests/bpf/btf_helpers.c          |  17 +-
 tools/testing/selftests/bpf/flow_dissector_load.h  |   3 +-
 tools/testing/selftests/bpf/get_cgroup_id_user.c   |   5 +-
 tools/testing/selftests/bpf/prog_tests/align.c     |  11 +-
 tools/testing/selftests/bpf/prog_tests/bpf_iter.c  |   8 +-
 .../testing/selftests/bpf/prog_tests/bpf_obj_id.c  |   2 +-
 tools/testing/selftests/bpf/prog_tests/btf.c       | 207 +++++++++---
 .../selftests/bpf/prog_tests/btf_dedup_split.c     |   6 +-
 tools/testing/selftests/bpf/prog_tests/btf_dump.c  |  41 ++-
 tools/testing/selftests/bpf/prog_tests/btf_split.c |   4 +-
 tools/testing/selftests/bpf/prog_tests/btf_tag.c   |  44 ++-
 tools/testing/selftests/bpf/prog_tests/btf_write.c |  67 ++--
 .../bpf/prog_tests/cgroup_attach_autodetach.c      |   2 +-
 .../selftests/bpf/prog_tests/cgroup_attach_multi.c |   2 +-
 .../bpf/prog_tests/cgroup_attach_override.c        |   2 +-
 .../testing/selftests/bpf/prog_tests/core_reloc.c  |   2 +-
 tools/testing/selftests/bpf/prog_tests/exhandler.c |  43 +++
 .../selftests/bpf/prog_tests/fexit_bpf2bpf.c       |   8 +-
 .../selftests/bpf/prog_tests/fexit_stress.c        |  33 +-
 tools/testing/selftests/bpf/prog_tests/find_vma.c  | 117 +++++++
 .../bpf/prog_tests/flow_dissector_load_bytes.c     |   2 +-
 .../bpf/prog_tests/flow_dissector_reattach.c       |   4 +-
 .../selftests/bpf/prog_tests/get_stack_raw_tp.c    |   9 +-
 .../testing/selftests/bpf/prog_tests/global_data.c |   2 +-
 .../selftests/bpf/prog_tests/global_func_args.c    |   2 +-
 tools/testing/selftests/bpf/prog_tests/kfree_skb.c |   8 +-
 tools/testing/selftests/bpf/prog_tests/l4lb_all.c  |   2 +-
 .../selftests/bpf/prog_tests/load_bytes_relative.c |   2 +-
 tools/testing/selftests/bpf/prog_tests/map_lock.c  |   4 +-
 .../selftests/bpf/prog_tests/migrate_reuseport.c   |   4 +-
 .../testing/selftests/bpf/prog_tests/perf_buffer.c |   6 +-
 .../testing/selftests/bpf/prog_tests/pkt_access.c  |   2 +-
 .../selftests/bpf/prog_tests/pkt_md_access.c       |   2 +-
 .../selftests/bpf/prog_tests/queue_stack_map.c     |   2 +-
 .../raw_tp_writable_reject_nbd_invalid.c           |  14 +-
 .../bpf/prog_tests/raw_tp_writable_test_run.c      |  29 +-
 .../selftests/bpf/prog_tests/signal_pending.c      |   2 +-
 tools/testing/selftests/bpf/prog_tests/sk_lookup.c |  31 ++
 tools/testing/selftests/bpf/prog_tests/skb_ctx.c   |   4 +-
 .../testing/selftests/bpf/prog_tests/skb_helpers.c |   2 +-
 tools/testing/selftests/bpf/prog_tests/sockopt.c   |  19 +-
 tools/testing/selftests/bpf/prog_tests/spinlock.c  |   4 +-
 .../selftests/bpf/prog_tests/stacktrace_map.c      |   2 +-
 .../bpf/prog_tests/stacktrace_map_raw_tp.c         |   2 +-
 tools/testing/selftests/bpf/prog_tests/tailcalls.c |  18 +-
 .../selftests/bpf/prog_tests/task_fd_query_rawtp.c |   2 +-
 .../selftests/bpf/prog_tests/task_fd_query_tp.c    |   4 +-
 .../testing/selftests/bpf/prog_tests/tcp_estats.c  |   2 +-
 .../selftests/bpf/prog_tests/tp_attach_query.c     |   2 +-
 tools/testing/selftests/bpf/prog_tests/xdp.c       |   2 +-
 .../selftests/bpf/prog_tests/xdp_adjust_tail.c     |   6 +-
 .../testing/selftests/bpf/prog_tests/xdp_attach.c  |   6 +-
 .../testing/selftests/bpf/prog_tests/xdp_bpf2bpf.c |   7 +-
 tools/testing/selftests/bpf/prog_tests/xdp_info.c  |   2 +-
 tools/testing/selftests/bpf/prog_tests/xdp_perf.c  |   2 +-
 .../selftests/bpf/progs/{tag.c => btf_decl_tag.c}  |   4 -
 tools/testing/selftests/bpf/progs/btf_type_tag.c   |  25 ++
 tools/testing/selftests/bpf/progs/exhandler_kern.c |  43 +++
 tools/testing/selftests/bpf/progs/fexit_bpf2bpf.c  |   2 +-
 tools/testing/selftests/bpf/progs/find_vma.c       |  69 ++++
 tools/testing/selftests/bpf/progs/find_vma_fail1.c |  29 ++
 tools/testing/selftests/bpf/progs/find_vma_fail2.c |  29 ++
 tools/testing/selftests/bpf/progs/test_l4lb.c      |   2 +-
 .../selftests/bpf/progs/test_l4lb_noinline.c       |   2 +-
 tools/testing/selftests/bpf/progs/test_map_lock.c  |   2 +-
 .../selftests/bpf/progs/test_queue_stack_map.h     |   2 +-
 tools/testing/selftests/bpf/progs/test_sk_lookup.c |   8 +
 tools/testing/selftests/bpf/progs/test_skb_ctx.c   |   2 +-
 tools/testing/selftests/bpf/progs/test_spin_lock.c |   2 +-
 .../testing/selftests/bpf/progs/test_tcp_estats.c  |   2 +-
 tools/testing/selftests/bpf/test_btf.h             |   3 +
 tools/testing/selftests/bpf/test_cgroup_storage.c  |   3 +-
 tools/testing/selftests/bpf/test_dev_cgroup.c      |   3 +-
 tools/testing/selftests/bpf/test_lirc_mode2_user.c |   6 +-
 tools/testing/selftests/bpf/test_lru_map.c         |   9 +-
 tools/testing/selftests/bpf/test_maps.c            |   7 +-
 tools/testing/selftests/bpf/test_sock.c            |  23 +-
 tools/testing/selftests/bpf/test_sock_addr.c       |  13 +-
 tools/testing/selftests/bpf/test_stub.c            |  44 ---
 tools/testing/selftests/bpf/test_sysctl.c          |  23 +-
 tools/testing/selftests/bpf/test_tag.c             |   3 +-
 tools/testing/selftests/bpf/test_tcpnotify_user.c  |   7 +-
 tools/testing/selftests/bpf/test_verifier.c        |  38 +--
 tools/testing/selftests/bpf/testing_helpers.c      |  60 ++++
 tools/testing/selftests/bpf/testing_helpers.h      |   6 +
 .../testing/selftests/bpf/verifier/ctx_sk_lookup.c |  32 ++
 tools/testing/selftests/bpf/xdping.c               |   3 +-
 tools/testing/selftests/bpf/xdpxceiver.c           |   2 -
 178 files changed, 2866 insertions(+), 1278 deletions(-)
 create mode 100644 kernel/bpf/mmap_unlock_work.h
 create mode 100644 tools/testing/selftests/bpf/prog_tests/exhandler.c
 create mode 100644 tools/testing/selftests/bpf/prog_tests/find_vma.c
 rename tools/testing/selftests/bpf/progs/{tag.c => btf_decl_tag.c} (94%)
 create mode 100644 tools/testing/selftests/bpf/progs/btf_type_tag.c
 create mode 100644 tools/testing/selftests/bpf/progs/exhandler_kern.c
 create mode 100644 tools/testing/selftests/bpf/progs/find_vma.c
 create mode 100644 tools/testing/selftests/bpf/progs/find_vma_fail1.c
 create mode 100644 tools/testing/selftests/bpf/progs/find_vma_fail2.c
 delete mode 100644 tools/testing/selftests/bpf/test_stub.c
Merging bpf-next/for-next (a5bdc36354cb Merge https://git.kernel.org/pub/scm/linux/kernel/git/bpf/bpf-next)
$ git merge -m Merge branch 'for-next' of git://git.kernel.org/pub/scm/linux/kernel/git/bpf/bpf-next.git bpf-next/for-next
Already up to date.
Merging ipsec-next/master (ad57dae8a64d xfrm: Remove redundant fields and related parentheses)
$ git merge -m Merge branch 'master' of git://git.kernel.org/pub/scm/linux/kernel/git/klassert/ipsec-next.git ipsec-next/master
Already up to date.
Merging mlx5-next/mlx5-next (60dd57c74794 Merge brank 'mlx5_mkey' into rdma.git for-next)
$ git merge -m Merge branch 'mlx5-next' of git://git.kernel.org/pub/scm/linux/kernel/git/mellanox/linux.git mlx5-next/mlx5-next
Already up to date.
Merging netfilter-next/master (1274a4eb318d ipv6: Remove duplicate statements)
$ git merge -m Merge branch 'master' of git://git.kernel.org/pub/scm/linux/kernel/git/pablo/nf-next.git netfilter-next/master
Already up to date.
Merging ipvs-next/master (cc0356d6a02e Merge tag 'x86_core_for_v5.16_rc1' of git://git.kernel.org/pub/scm/linux/kernel/git/tip/tip)
$ git merge -m Merge branch 'master' of git://git.kernel.org/pub/scm/linux/kernel/git/horms/ipvs-next.git ipvs-next/master
Already up to date.
Merging wireless-drivers-next/master (2619f904b25c Merge tag 'iwlwifi-next-for-kalle-2021-10-28' of git://git.kernel.org/pub/scm/linux/kernel/git/iwlwifi/iwlwifi-next)
$ git merge -m Merge branch 'master' of git://git.kernel.org/pub/scm/linux/kernel/git/kvalo/wireless-drivers-next.git wireless-drivers-next/master
Already up to date.
Merging bluetooth/master (258f56d11bbb Bluetooth: aosp: Support AOSP Bluetooth Quality Report)
$ git merge -m Merge branch 'master' of git://git.kernel.org/pub/scm/linux/kernel/git/bluetooth/bluetooth-next.git bluetooth/master
Merge made by the 'recursive' strategy.
 drivers/bluetooth/Kconfig         |    6 +
 drivers/bluetooth/Makefile        |    1 +
 drivers/bluetooth/bfusb.c         |    3 +
 drivers/bluetooth/btintel.c       |   22 +-
 drivers/bluetooth/btmtk.c         |  289 +++
 drivers/bluetooth/btmtk.h         |  111 +
 drivers/bluetooth/btmtksdio.c     |  496 ++--
 drivers/bluetooth/btsdio.c        |    2 +
 drivers/bluetooth/btusb.c         |  389 +--
 drivers/bluetooth/hci_bcm.c       |    1 -
 drivers/bluetooth/hci_vhci.c      |  120 +-
 drivers/bluetooth/virtio_bt.c     |    3 +
 include/linux/mmc/sdio_ids.h      |    1 +
 include/net/bluetooth/bluetooth.h |    2 +
 include/net/bluetooth/hci_core.h  |   22 +-
 include/net/bluetooth/hci_sync.h  |   97 +
 net/bluetooth/Makefile            |    2 +-
 net/bluetooth/aosp.c              |  168 +-
 net/bluetooth/aosp.h              |   13 +
 net/bluetooth/cmtp/core.c         |    4 +-
 net/bluetooth/hci_codec.c         |   18 +-
 net/bluetooth/hci_conn.c          |   20 +-
 net/bluetooth/hci_core.c          | 1334 +----------
 net/bluetooth/hci_event.c         |  159 +-
 net/bluetooth/hci_request.c       |  338 +--
 net/bluetooth/hci_request.h       |   10 +
 net/bluetooth/hci_sock.c          |   11 +-
 net/bluetooth/hci_sync.c          | 4799 +++++++++++++++++++++++++++++++++++++
 net/bluetooth/hci_sysfs.c         |    2 +
 net/bluetooth/l2cap_sock.c        |   19 +
 net/bluetooth/mgmt.c              | 2086 ++++++++--------
 net/bluetooth/mgmt_util.c         |   15 +-
 net/bluetooth/mgmt_util.h         |    4 +
 net/bluetooth/msft.c              |  511 ++--
 net/bluetooth/msft.h              |   15 +-
 35 files changed, 7472 insertions(+), 3621 deletions(-)
 create mode 100644 drivers/bluetooth/btmtk.c
 create mode 100644 drivers/bluetooth/btmtk.h
 create mode 100644 include/net/bluetooth/hci_sync.h
 create mode 100644 net/bluetooth/hci_sync.c
Merging mac80211-next/master (5833291ab6de Merge tag 'pci-v5.16-fixes-1' of git://git.kernel.org/pub/scm/linux/kernel/git/helgaas/pci)
$ git merge -m Merge branch 'master' of git://git.kernel.org/pub/scm/linux/kernel/git/jberg/mac80211-next.git mac80211-next/master
Already up to date.
Merging mtd/mtd/next (e269d7caf9e0 Merge tag 'spi-nor/for-5.16' into mtd/next)
$ git merge -m Merge branch 'mtd/next' of git://git.kernel.org/pub/scm/linux/kernel/git/mtd/linux.git mtd/mtd/next
Already up to date.
Merging nand/nand/next (fc9e18f9e987 mtd: rawnand: arasan: Prevent an unsupported configuration)
$ git merge -m Merge branch 'nand/next' of git://git.kernel.org/pub/scm/linux/kernel/git/mtd/linux.git nand/nand/next
Already up to date.
Merging spi-nor/spi-nor/next (df872ab1ffe4 mtd: spi-nor: nxp-spifi: Make use of the helper function devm_platform_ioremap_resource_byname())
$ git merge -m Merge branch 'spi-nor/next' of git://git.kernel.org/pub/scm/linux/kernel/git/mtd/linux.git spi-nor/spi-nor/next
Already up to date.
Merging crypto/master (beaaaa37c664 crypto: api - Fix boot-up crash when crypto manager is disabled)
$ git merge -m Merge branch 'master' of git://git.kernel.org/pub/scm/linux/kernel/git/herbert/cryptodev-2.6.git crypto/master
Already up to date.
Merging drm/drm-next (fa55b7dcdc43 Linux 5.16-rc1)
$ git merge -m Merge branch 'drm-next' of git://git.freedesktop.org/git/drm/drm.git drm/drm-next
Already up to date.
Merging drm-misc/for-linux-next (bcae3af286f4 drm/locking: fix __stack_depot_* name conflict)
$ git merge -m Merge branch 'for-linux-next' of git://anongit.freedesktop.org/drm/drm-misc drm-misc/for-linux-next
Already up to date.
Merging amdgpu/drm-next (5c7bcf498a6a drm/amdgpu/display: set vblank_disable_immediate for DC)
$ git merge -m Merge branch 'drm-next' of https://gitlab.freedesktop.org/agd5f/linux amdgpu/drm-next
Auto-merging drivers/gpu/drm/ttm/ttm_bo.c
Auto-merging drivers/gpu/drm/amd/amdgpu/amdgpu_ttm.c
Auto-merging drivers/gpu/drm/amd/amdgpu/amdgpu_gem.c
Removing drivers/gpu/drm/amd/amdgpu/amdgpu_fb.c
Auto-merging drivers/gpu/drm/amd/amdgpu/amdgpu_drv.c
Auto-merging drivers/gpu/drm/Kconfig
Auto-merging MAINTAINERS
Merge made by the 'recursive' strategy.
 MAINTAINERS                                        |   1 +
 drivers/gpu/drm/Kconfig                            |   1 +
 drivers/gpu/drm/amd/amdgpu/Makefile                |   2 +-
 drivers/gpu/drm/amd/amdgpu/amdgpu_amdkfd.c         | 134 ++-----
 drivers/gpu/drm/amd/amdgpu/amdgpu_amdkfd.h         |  90 ++---
 .../gpu/drm/amd/amdgpu/amdgpu_amdkfd_arcturus.c    |  18 +-
 .../gpu/drm/amd/amdgpu/amdgpu_amdkfd_arcturus.h    |   9 +-
 drivers/gpu/drm/amd/amdgpu/amdgpu_amdkfd_gfx_v10.c | 126 +++----
 .../gpu/drm/amd/amdgpu/amdgpu_amdkfd_gfx_v10_3.c   | 143 +++-----
 drivers/gpu/drm/amd/amdgpu/amdgpu_amdkfd_gfx_v7.c  | 128 +++----
 drivers/gpu/drm/amd/amdgpu/amdgpu_amdkfd_gfx_v8.c  | 124 +++----
 drivers/gpu/drm/amd/amdgpu/amdgpu_amdkfd_gfx_v9.c  | 128 +++----
 drivers/gpu/drm/amd/amdgpu/amdgpu_amdkfd_gfx_v9.h  |  35 +-
 drivers/gpu/drm/amd/amdgpu/amdgpu_amdkfd_gpuvm.c   |  46 +--
 drivers/gpu/drm/amd/amdgpu/amdgpu_device.c         |  12 +-
 drivers/gpu/drm/amd/amdgpu/amdgpu_display.c        |  11 +-
 drivers/gpu/drm/amd/amdgpu/amdgpu_drv.c            |  16 +-
 drivers/gpu/drm/amd/amdgpu/amdgpu_fb.c             | 388 ---------------------
 drivers/gpu/drm/amd/amdgpu/amdgpu_gem.c            |  30 +-
 drivers/gpu/drm/amd/amdgpu/amdgpu_irq.c            |   1 -
 drivers/gpu/drm/amd/amdgpu/amdgpu_kms.c            |  22 +-
 drivers/gpu/drm/amd/amdgpu/amdgpu_mode.h           |  20 --
 drivers/gpu/drm/amd/amdgpu/amdgpu_object.c         |   7 +-
 drivers/gpu/drm/amd/amdgpu/amdgpu_ttm.c            |   5 -
 drivers/gpu/drm/amd/amdgpu/gfx_v9_0.c              |   2 +
 drivers/gpu/drm/amd/amdgpu/soc15.c                 |   3 +-
 drivers/gpu/drm/amd/amdkfd/cik_event_interrupt.c   |   6 +-
 drivers/gpu/drm/amd/amdkfd/kfd_chardev.c           |  42 +--
 drivers/gpu/drm/amd/amdkfd/kfd_crat.c              |  22 +-
 drivers/gpu/drm/amd/amdkfd/kfd_dbgdev.c            |  18 +-
 drivers/gpu/drm/amd/amdkfd/kfd_device.c            |  39 +--
 .../gpu/drm/amd/amdkfd/kfd_device_queue_manager.c  |  30 +-
 drivers/gpu/drm/amd/amdkfd/kfd_int_process_v9.c    |   4 +-
 drivers/gpu/drm/amd/amdkfd/kfd_mqd_manager.c       |   2 +-
 drivers/gpu/drm/amd/amdkfd/kfd_mqd_manager_cik.c   |  12 +-
 drivers/gpu/drm/amd/amdkfd/kfd_mqd_manager_v10.c   |  14 +-
 drivers/gpu/drm/amd/amdkfd/kfd_mqd_manager_v9.c    |  18 +-
 drivers/gpu/drm/amd/amdkfd/kfd_mqd_manager_vi.c    |  12 +-
 drivers/gpu/drm/amd/amdkfd/kfd_priv.h              |   6 +-
 drivers/gpu/drm/amd/amdkfd/kfd_process.c           |  39 +--
 .../gpu/drm/amd/amdkfd/kfd_process_queue_manager.c |   2 +-
 drivers/gpu/drm/amd/amdkfd/kfd_smi_events.c        |   6 +-
 drivers/gpu/drm/amd/amdkfd/kfd_svm.c               |  53 ++-
 drivers/gpu/drm/amd/amdkfd/kfd_topology.c          |  35 +-
 drivers/gpu/drm/amd/amdkfd/kfd_topology.h          |  46 +--
 drivers/gpu/drm/amd/display/amdgpu_dm/amdgpu_dm.c  |  75 ++--
 .../amd/display/dc/clk_mgr/dcn31/dcn31_clk_mgr.c   |   8 +-
 .../amd/display/dc/clk_mgr/dcn31/dcn31_clk_mgr.h   |   7 +
 drivers/gpu/drm/amd/display/dc/core/dc.c           |  11 +-
 drivers/gpu/drm/amd/display/dc/core/dc_link.c      |  76 +++-
 drivers/gpu/drm/amd/display/dc/core/dc_link_ddc.c  |   2 +-
 drivers/gpu/drm/amd/display/dc/core/dc_link_dp.c   |  10 +-
 drivers/gpu/drm/amd/display/dc/core/dc_link_dpia.c |  20 +-
 .../gpu/drm/amd/display/dc/core/dc_link_enc_cfg.c  |  51 +--
 drivers/gpu/drm/amd/display/dc/core/dc_resource.c  |   3 +
 drivers/gpu/drm/amd/display/dc/dc.h                |   2 +-
 drivers/gpu/drm/amd/display/dc/dc_dmub_srv.c       |  37 +-
 drivers/gpu/drm/amd/display/dc/dc_dmub_srv.h       |   2 +
 drivers/gpu/drm/amd/display/dc/dc_link.h           |   7 +-
 drivers/gpu/drm/amd/display/dc/dce/dce_audio.c     |   6 -
 drivers/gpu/drm/amd/display/dc/dce/dce_audio.h     |   2 +
 .../gpu/drm/amd/display/dc/dce/dmub_hw_lock_mgr.c  |   3 +
 drivers/gpu/drm/amd/display/dc/dce/dmub_psr.c      |  13 +-
 drivers/gpu/drm/amd/display/dc/dce/dmub_psr.h      |   2 +-
 .../amd/display/dc/dce110/dce110_hw_sequencer.c    |  22 +-
 .../drm/amd/display/dc/dcn10/dcn10_hw_sequencer.c  |  41 +--
 .../gpu/drm/amd/display/dc/dcn20/dcn20_resource.c  |   2 +-
 drivers/gpu/drm/amd/display/dc/dcn30/dcn30_hwseq.c |  39 +--
 .../gpu/drm/amd/display/dc/dcn30/dcn30_resource.c  |   2 +-
 .../drm/amd/display/dc/dcn301/dcn301_resource.c    |   2 -
 .../drm/amd/display/dc/dcn302/dcn302_resource.c    |   2 +-
 .../drm/amd/display/dc/dcn303/dcn303_resource.c    |   2 +-
 drivers/gpu/drm/amd/display/dc/dcn31/dcn31_hwseq.c |  38 +-
 drivers/gpu/drm/amd/display/dc/dsc/dc_dsc.c        |   6 +-
 drivers/gpu/drm/amd/display/dc/inc/link_enc_cfg.h  |   2 +-
 drivers/gpu/drm/amd/display/dmub/dmub_srv.h        |  41 +++
 drivers/gpu/drm/amd/display/dmub/inc/dmub_cmd.h    |   5 +-
 drivers/gpu/drm/amd/display/dmub/src/dmub_srv.c    |  78 ++++-
 .../drm/amd/display/include/ddc_service_types.h    |   3 +
 drivers/gpu/drm/amd/include/kgd_kfd_interface.h    |  57 ++-
 drivers/gpu/drm/amd/pm/inc/smu_types.h             |   2 +-
 drivers/gpu/drm/amd/pm/inc/smu_v11_5_ppsmc.h       |   2 +-
 .../drm/amd/pm/swsmu/smu11/sienna_cichlid_ppt.c    |   4 +-
 drivers/gpu/drm/amd/pm/swsmu/smu11/vangogh_ppt.c   |   4 +-
 drivers/gpu/drm/amd/pm/swsmu/smu11/vangogh_ppt.h   |   1 -
 drivers/gpu/drm/radeon/radeon.h                    |   3 +
 drivers/gpu/drm/radeon/radeon_audio.c              |  95 +++++
 drivers/gpu/drm/radeon/radeon_kms.c                |   2 +-
 drivers/gpu/drm/ttm/ttm_bo.c                       |   2 +
 include/uapi/drm/amdgpu_drm.h                      |   2 +
 include/uapi/linux/kfd_sysfs.h                     | 108 ++++++
 91 files changed, 1241 insertions(+), 1571 deletions(-)
 delete mode 100644 drivers/gpu/drm/amd/amdgpu/amdgpu_fb.c
 create mode 100644 include/uapi/linux/kfd_sysfs.h
Merging drm-intel/for-linux-next (ade4a1fc5741 drm/i915/adlp/fb: Prevent the mapping of redundant trailing padding NULL pages)
$ git merge -m Merge branch 'for-linux-next' of git://anongit.freedesktop.org/drm-intel drm-intel/for-linux-next
Already up to date.
Merging drm-intel-gt/for-linux-next-gt (ade4a1fc5741 drm/i915/adlp/fb: Prevent the mapping of redundant trailing padding NULL pages)
$ git merge -m Merge branch 'for-linux-next-gt' of git://anongit.freedesktop.org/drm-intel drm-intel-gt/for-linux-next-gt
Already up to date.
Merging drm-tegra/drm/tegra/for-next (cef3fb370da3 drm/tegra: Mark nvdec PM functions as __maybe_unused)
$ git merge -m Merge branch 'drm/tegra/for-next' of git://anongit.freedesktop.org/tegra/linux.git drm-tegra/drm/tegra/for-next
Auto-merging drivers/gpu/drm/tegra/plane.c
Auto-merging drivers/gpu/drm/tegra/gem.c
CONFLICT (content): Merge conflict in drivers/gpu/drm/tegra/gem.c
Resolved 'drivers/gpu/drm/tegra/gem.c' using previous resolution.
Automatic merge failed; fix conflicts and then commit the result.
$ git commit --no-edit -v -a
[master 72c171fc831b] Merge branch 'drm/tegra/for-next' of git://anongit.freedesktop.org/tegra/linux.git
$ git diff -M --stat --summary HEAD^..
 drivers/gpu/drm/tegra/Makefile |   3 +-
 drivers/gpu/drm/tegra/dc.c     | 117 ++++++++--
 drivers/gpu/drm/tegra/dc.h     |   1 +
 drivers/gpu/drm/tegra/drm.c    |   4 +
 drivers/gpu/drm/tegra/drm.h    |   1 +
 drivers/gpu/drm/tegra/gem.c    | 171 +++++++++------
 drivers/gpu/drm/tegra/gr2d.c   |  33 ++-
 drivers/gpu/drm/tegra/hub.h    |   1 -
 drivers/gpu/drm/tegra/nvdec.c  | 471 +++++++++++++++++++++++++++++++++++++++++
 drivers/gpu/drm/tegra/plane.c  |  65 ++----
 drivers/gpu/drm/tegra/plane.h  |   2 +-
 drivers/gpu/drm/tegra/rgb.c    |  53 ++++-
 drivers/gpu/drm/tegra/submit.c |  63 ++++--
 drivers/gpu/drm/tegra/uapi.c   |  68 +++---
 drivers/gpu/drm/tegra/uapi.h   |   5 +-
 drivers/gpu/drm/tegra/vic.c    |   8 +
 drivers/gpu/host1x/Kconfig     |   1 +
 drivers/gpu/host1x/bus.c       |  79 ++++++-
 drivers/gpu/host1x/dev.c       |  20 ++
 drivers/gpu/host1x/dev.h       |   2 +
 drivers/gpu/host1x/job.c       | 160 +++++---------
 drivers/gpu/host1x/job.h       |   6 +-
 include/linux/host1x.h         |  75 +++++--
 23 files changed, 1088 insertions(+), 321 deletions(-)
 create mode 100644 drivers/gpu/drm/tegra/nvdec.c
Merging drm-msm/msm-next (02d44fde976a drm/msm/dp: fix missing #include)
$ git merge -m Merge branch 'msm-next' of https://gitlab.freedesktop.org/drm/msm.git drm-msm/msm-next
Already up to date.
Merging imx-drm/imx-drm/next (20fbfc81e390 drm/imx: imx-tve: Make use of the helper function devm_platform_ioremap_resource())
$ git merge -m Merge branch 'imx-drm/next' of https://git.pengutronix.de/git/pza/linux imx-drm/imx-drm/next
Merge made by the 'recursive' strategy.
 drivers/gpu/drm/imx/imx-tve.c          | 4 +---
 drivers/gpu/ipu-v3/ipu-image-convert.c | 9 +++------
 2 files changed, 4 insertions(+), 9 deletions(-)
Merging etnaviv/etnaviv/next (81fd23e2b3cc drm/etnaviv: Implement mmap as GEM object function)
$ git merge -m Merge branch 'etnaviv/next' of https://git.pengutronix.de/git/lst/linux etnaviv/etnaviv/next
Already up to date.
Merging regmap/for-next (02d6fdecb9c3 regmap: allow to define reg_update_bits for no bus configuration)
$ git merge -m Merge branch 'for-next' of git://git.kernel.org/pub/scm/linux/kernel/git/broonie/regmap.git regmap/for-next
Merge made by the 'recursive' strategy.
 drivers/base/regmap/regmap.c | 1 +
 include/linux/regmap.h       | 7 +++++++
 2 files changed, 8 insertions(+)
Merging sound/for-next (4f66a9ef37d3 ALSA: hda: intel: More comprehensive PM runtime setup for controller driver)
$ git merge -m Merge branch 'for-next' of git://git.kernel.org/pub/scm/linux/kernel/git/tiwai/sound.git sound/for-next
Merge made by the 'recursive' strategy.
 sound/pci/hda/hda_intel.c | 10 +++++++++-
 1 file changed, 9 insertions(+), 1 deletion(-)
Merging sound-asoc/for-next (0c61ac2786ff Merge series "ASoC: Intel: sof_sdw: Use fixed DAI link id" from Bard Liao <yung-chuan.liao@linux.intel.com>:)
$ git merge -m Merge branch 'for-next' of git://git.kernel.org/pub/scm/linux/kernel/git/broonie/sound.git sound-asoc/for-next
Merge made by the 'recursive' strategy.
 .../devicetree/bindings/sound/nxp,tfa989x.yaml     |  41 ++++++
 include/sound/sof/header.h                         |   1 +
 sound/soc/codecs/tfa989x.c                         |  20 ++-
 sound/soc/intel/boards/sof_sdw.c                   | 152 +++++++++++----------
 sound/soc/intel/boards/sof_sdw_common.h            |   7 +-
 sound/soc/intel/boards/sof_sdw_rt715.c             |   7 -
 sound/soc/intel/boards/sof_sdw_rt715_sdca.c        |   7 -
 sound/soc/sof/core.c                               |   2 +-
 sound/soc/sof/ipc.c                                |  17 ++-
 sound/soc/sof/trace.c                              |  18 +++
 10 files changed, 181 insertions(+), 91 deletions(-)
Merging modules/modules-next (ced75a2f5da7 MAINTAINERS: Add Luis Chamberlain as modules maintainer)
$ git merge -m Merge branch 'modules-next' of git://git.kernel.org/pub/scm/linux/kernel/git/jeyu/linux.git modules/modules-next
Already up to date.
Merging input/next (744d0090a5f6 Input: iforce - fix control-message timeout)
$ git merge -m Merge branch 'next' of git://git.kernel.org/pub/scm/linux/kernel/git/dtor/input.git input/next
Already up to date.
Merging block/for-next (cb690f5238d7 Merge tag 'for-5.16/drivers-2021-11-09' of git://git.kernel.dk/linux-block)
$ git merge -m Merge branch 'for-next' of git://git.kernel.dk/linux-block.git block/for-next
Already up to date.
Merging device-mapper/for-next (7552750d0494 dm table: log table creation error code)
$ git merge -m Merge branch 'for-next' of git://git.kernel.org/pub/scm/linux/kernel/git/device-mapper/linux-dm.git device-mapper/for-next
Already up to date.
Merging libata/for-next (8e973315564f libata: libahci: declare ahci_shost_attr_group as static)
$ git merge -m Merge branch 'for-next' of git://git.kernel.org/pub/scm/linux/kernel/git/dlemoal/libata.git libata/for-next
Merge made by the 'recursive' strategy.
Merging pcmcia/pcmcia-next (e39cdacf2f66 pcmcia: i82092: fix a null pointer dereference bug)
$ git merge -m Merge branch 'pcmcia-next' of git://git.kernel.org/pub/scm/linux/kernel/git/brodo/linux.git pcmcia/pcmcia-next
Already up to date.
Merging mmc/next (9ce0f0ff7439 Merge branch 'fixes' into next)
$ git merge -m Merge branch 'next' of git://git.kernel.org/pub/scm/linux/kernel/git/ulfh/mmc.git mmc/next
Merge made by the 'recursive' strategy.
 .../devicetree/bindings/mmc/fsl-imx-esdhc.yaml     |  4 +
 drivers/mmc/core/block.c                           |  4 +-
 drivers/mmc/core/card.h                            | 36 +++++++++
 drivers/mmc/core/mmc.c                             |  2 +-
 drivers/mmc/core/mmc_ops.c                         | 89 ++++++++++++++--------
 drivers/mmc/core/mmc_ops.h                         |  2 +-
 drivers/mmc/core/quirks.h                          | 64 +++++++++++-----
 drivers/mmc/core/sd.c                              |  2 +-
 drivers/mmc/core/sdio.c                            |  5 +-
 drivers/mmc/host/dw_mmc.c                          | 31 +++++++-
 drivers/mmc/host/omap_hsmmc.c                      | 36 ---------
 drivers/mmc/host/sdhci.c                           | 21 ++++-
 drivers/mmc/host/sdhci.h                           |  4 +-
 drivers/mmc/host/tmio_mmc_core.c                   | 15 +---
 14 files changed, 206 insertions(+), 109 deletions(-)
Merging mfd/for-mfd-next (5dc6dafe6209 mfd: simple-mfd-i2c: Select MFD_CORE to fix build error)
$ git merge -m Merge branch 'for-mfd-next' of git://git.kernel.org/pub/scm/linux/kernel/git/lee/mfd.git mfd/for-mfd-next
Already up to date.
Merging backlight/for-backlight-next (3976e974df1f video: backlight: ili9320: Make ili9320_remove() return void)
$ git merge -m Merge branch 'for-backlight-next' of git://git.kernel.org/pub/scm/linux/kernel/git/lee/backlight.git backlight/for-backlight-next
Already up to date.
Merging battery/for-next (fa55b7dcdc43 Linux 5.16-rc1)
$ git merge -m Merge branch 'for-next' of git://git.kernel.org/pub/scm/linux/kernel/git/sre/linux-power-supply.git battery/for-next
Already up to date.
Merging regulator/for-next (fa55b7dcdc43 Linux 5.16-rc1)
$ git merge -m Merge branch 'for-next' of git://git.kernel.org/pub/scm/linux/kernel/git/broonie/regulator.git regulator/for-next
Already up to date.
Merging security/next-testing (047843bdb316 Merge branch 'landlock_lsm_v34' into next-testing)
$ git merge -m Merge branch 'next-testing' of git://git.kernel.org/pub/scm/linux/kernel/git/jmorris/linux-security.git security/next-testing
Already up to date.
Merge made by the 'recursive' strategy.
Merging apparmor/apparmor-next (582122f1d73a apparmor: remove duplicated 'Returns:' comments)
$ git merge -m Merge branch 'apparmor-next' of git://git.kernel.org/pub/scm/linux/kernel/git/jj/linux-apparmor apparmor/apparmor-next
Already up to date.
Merging integrity/next-integrity (32ba540f3c2a evm: mark evm_fixmode as __ro_after_init)
$ git merge -m Merge branch 'next-integrity' of git://git.kernel.org/pub/scm/linux/kernel/git/zohar/linux-integrity integrity/next-integrity
Already up to date.
Merging keys/keys-next (e377c31f788f integrity: Load mokx variables into the blacklist keyring)
$ git merge -m Merge branch 'keys-next' of git://git.kernel.org/pub/scm/linux/kernel/git/dhowells/linux-fs.git keys/keys-next
Auto-merging scripts/Makefile
Auto-merging include/keys/system_keyring.h
Auto-merging certs/system_keyring.c
CONFLICT (content): Merge conflict in certs/system_keyring.c
Auto-merging certs/Makefile
Auto-merging certs/Kconfig
Resolved 'certs/system_keyring.c' using previous resolution.
Automatic merge failed; fix conflicts and then commit the result.
$ git commit --no-edit -v -a
[master 4453eb25a0c3] Merge branch 'keys-next' of git://git.kernel.org/pub/scm/linux/kernel/git/dhowells/linux-fs.git
$ git diff -M --stat --summary HEAD^..
Merging safesetid/safesetid-next (1b8b71922919 LSM: SafeSetID: Mark safesetid_initialized as __initdata)
$ git merge -m Merge branch 'safesetid-next' of https://github.com/micah-morton/linux.git safesetid/safesetid-next
Already up to date.
Merging selinux/next (15bf32398ad4 security: Return xattr name from security_dentry_init_security())
$ git merge -m Merge branch 'next' of git://git.kernel.org/pub/scm/linux/kernel/git/pcmoore/selinux.git selinux/next
Already up to date.
Merging smack/next (0934ad42bb2c smackfs: use netlbl_cfg_cipsov4_del() for deleting cipso_v4_doi)
$ git merge -m Merge branch 'next' of git://github.com/cschaufler/smack-next smack/next
Already up to date.
Merging tomoyo/master (7d2a07b76933 Linux 5.14)
$ git merge -m Merge branch 'master' of https://scm.osdn.net/gitroot/tomoyo/tomoyo-test1.git tomoyo/master
Already up to date.
Merging tpmdd/next (7eba41fe8c7b tpm_tis_spi: Add missing SPI ID)
$ git merge -m Merge branch 'next' of git://git.kernel.org/pub/scm/linux/kernel/git/jarkko/linux-tpmdd.git tpmdd/next
Already up to date.
Merging watchdog/master (c738888032ff watchdog: db8500_wdt: Rename symbols)
$ git merge -m Merge branch 'master' of git://www.linux-watchdog.org/linux-watchdog-next.git watchdog/master
Already up to date.
Merging iommu/next (52d96919d6a8 Merge branches 'apple/dart', 'arm/mediatek', 'arm/renesas', 'arm/smmu', 'arm/tegra', 'iommu/fixes', 'x86/amd', 'x86/vt-d' and 'core' into next)
$ git merge -m Merge branch 'next' of git://git.kernel.org/pub/scm/linux/kernel/git/joro/iommu.git iommu/next
Already up to date.
Merging audit/next (d9516f346e8b audit: return early if the filter rule has a lower priority)
$ git merge -m Merge branch 'next' of git://git.kernel.org/pub/scm/linux/kernel/git/pcmoore/audit.git audit/next
Already up to date.
Merging devicetree/for-next (5ebea8244afb dt-bindings: vendor-prefixes: add T-Head Semiconductor)
$ git merge -m Merge branch 'for-next' of git://git.kernel.org/pub/scm/linux/kernel/git/robh/linux.git devicetree/for-next
Merge made by the 'recursive' strategy.
 Documentation/devicetree/bindings/vendor-prefixes.yaml | 2 ++
 1 file changed, 2 insertions(+)
Merging mailbox/mailbox-for-next (97961f78e8bc mailbox: imx: support i.MX8ULP S4 MU)
$ git merge -m Merge branch 'mailbox-for-next' of git://git.linaro.org/landing-teams/working/fujitsu/integration.git mailbox/mailbox-for-next
Already up to date.
Merging spi/for-next (f7d344f2188c spi: xlp: Remove Netlogic XLP variants)
$ git merge -m Merge branch 'for-next' of git://git.kernel.org/pub/scm/linux/kernel/git/broonie/spi.git spi/for-next
Removing include/linux/platform_data/spi-clps711x.h
Merge made by the 'recursive' strategy.
 drivers/spi/Kconfig                        | 11 +++++------
 drivers/spi/spi-fsl-lpspi.c                |  6 +++++-
 drivers/spi/spi-xlp.c                      |  8 --------
 include/linux/platform_data/spi-clps711x.h | 17 -----------------
 4 files changed, 10 insertions(+), 32 deletions(-)
 delete mode 100644 include/linux/platform_data/spi-clps711x.h
Merging tip/auto-latest (8ab774587903 Merge tag 'trace-v5.16-5' of git://git.kernel.org/pub/scm/linux/kernel/git/rostedt/linux-trace)
$ git merge -m Merge branch 'auto-latest' of git://git.kernel.org/pub/scm/linux/kernel/git/tip/tip.git tip/auto-latest
Already up to date.
Merging clockevents/timers/drivers/next (eda9a4f7af6e clocksource/drivers/timer-ti-dm: Select TIMER_OF)
$ git merge -m Merge branch 'timers/drivers/next' of git://git.linaro.org/people/daniel.lezcano/linux.git clockevents/timers/drivers/next
Already up to date.
Merging edac/edac-for-next (f889e52436d6 Merge branch 'edac-urgent' into edac-for-next)
$ git merge -m Merge branch 'edac-for-next' of git://git.kernel.org/pub/scm/linux/kernel/git/ras/ras.git edac/edac-for-next
Already up to date.
Merge made by the 'recursive' strategy.
Merging irqchip/irq/irqchip-next (11e45471abea Merge branch irq/misc-5.16 into irq/irqchip-next)
$ git merge -m Merge branch 'irq/irqchip-next' of git://git.kernel.org/pub/scm/linux/kernel/git/maz/arm-platforms.git irqchip/irq/irqchip-next
Already up to date.
Merging ftrace/for-next (938aa33f1465 tracing: Add length protection to histogram string copies)
$ git merge -m Merge branch 'for-next' of git://git.kernel.org/pub/scm/linux/kernel/git/rostedt/linux-trace.git ftrace/for-next
Already up to date.
Merging rcu/rcu/next (587a7d1703f3 Merge branch 'kcsan.2021.09.13b' into HEAD)
$ git merge -m Merge branch 'rcu/next' of git://git.kernel.org/pub/scm/linux/kernel/git/paulmck/linux-rcu.git rcu/rcu/next
Already up to date.
Merge made by the 'recursive' strategy.
Merging kvm/next (9c6eb531e760 Merge tag 'kvm-s390-next-5.16-1' of git://git.kernel.org/pub/scm/linux/kernel/git/kvms390/linux into HEAD)
$ git merge -m Merge branch 'next' of git://git.kernel.org/pub/scm/virt/kvm/kvm.git kvm/next
Already up to date.
Merging kvm-arm/next (5a2acbbb0179 Merge branch kvm/selftests/memslot into kvmarm-master/next)
$ git merge -m Merge branch 'next' of git://git.kernel.org/pub/scm/linux/kernel/git/kvmarm/kvmarm.git kvm-arm/next
Already up to date.
Merging kvms390/next (3fd8417f2c72 KVM: s390: add debug statement for diag 318 CPNC data)
$ git merge -m Merge branch 'next' of git://git.kernel.org/pub/scm/linux/kernel/git/kvms390/linux.git kvms390/next
Already up to date.
Merging xen-tip/linux-next (501586ea5974 xen/balloon: fix unused-variable warning)
$ git merge -m Merge branch 'linux-next' of git://git.kernel.org/pub/scm/linux/kernel/git/xen/tip.git xen-tip/linux-next
Already up to date.
Merging percpu/for-next (a81a52b325ec Merge branch 'for-5.14-fixes' into for-next)
$ git merge -m Merge branch 'for-next' of git://git.kernel.org/pub/scm/linux/kernel/git/dennis/percpu.git percpu/for-next
Already up to date.
Merge made by the 'recursive' strategy.
Merging workqueues/for-next (f9eaaa82b474 workqueue: doc: Call out the non-reentrance conditions)
$ git merge -m Merge branch 'for-next' of git://git.kernel.org/pub/scm/linux/kernel/git/tj/wq.git workqueues/for-next
Already up to date.
Merging drivers-x86/for-next (97ae45953ea9 platform/x86: system76_acpi: Fix input device error handling)
$ git merge -m Merge branch 'for-next' of git://git.kernel.org/pub/scm/linux/kernel/git/pdx86/platform-drivers-x86.git drivers-x86/for-next
Already up to date.
Merging chrome-platform/for-next (297d34e73d49 platform/chrome: cros_ec_proto: Use ec_command for check_features)
$ git merge -m Merge branch 'for-next' of git://git.kernel.org/pub/scm/linux/kernel/git/chrome-platform/linux.git chrome-platform/for-next
Already up to date.
Merging hsi/for-next (4ef69e17eb56 HSI: cmt_speech: unmark comments as kernel-doc)
$ git merge -m Merge branch 'for-next' of git://git.kernel.org/pub/scm/linux/kernel/git/sre/linux-hsi.git hsi/for-next
Already up to date.
Merging leds/for-next (2f61f240215d leds: led-core: Update fwnode with device_set_node)
$ git merge -m Merge branch 'for-next' of git://git.kernel.org/pub/scm/linux/kernel/git/pavel/linux-leds.git leds/for-next
Merge made by the 'recursive' strategy.
 .../devicetree/bindings/leds/leds-mt6360.yaml      | 159 ++++
 drivers/leds/flash/Kconfig                         |  13 +
 drivers/leds/flash/Makefile                        |   1 +
 drivers/leds/flash/leds-mt6360.c                   | 910 +++++++++++++++++++++
 drivers/leds/led-class.c                           |   6 +-
 drivers/leds/leds-tca6507.c                        |   4 +-
 6 files changed, 1086 insertions(+), 7 deletions(-)
 create mode 100644 Documentation/devicetree/bindings/leds/leds-mt6360.yaml
 create mode 100644 drivers/leds/flash/leds-mt6360.c
Merging ipmi/for-next (1d49eb91e86e ipmi: Move remove_work to dedicated workqueue)
$ git merge -m Merge branch 'for-next' of git://github.com/cminyard/linux-ipmi.git ipmi/for-next
Merge made by the 'recursive' strategy.
 drivers/char/ipmi/ipmi_msghandler.c | 13 ++++++++++++-
 1 file changed, 12 insertions(+), 1 deletion(-)
Merging driver-core/driver-core-next (fa55b7dcdc43 Linux 5.16-rc1)
$ git merge -m Merge branch 'driver-core-next' of git://git.kernel.org/pub/scm/linux/kernel/git/gregkh/driver-core.git driver-core/driver-core-next
Already up to date.
Merging usb/usb-next (8ab774587903 Merge tag 'trace-v5.16-5' of git://git.kernel.org/pub/scm/linux/kernel/git/rostedt/linux-trace)
$ git merge -m Merge branch 'usb-next' of git://git.kernel.org/pub/scm/linux/kernel/git/gregkh/usb.git usb/usb-next
Already up to date.
Merging usb-gadget/next (e49d033bddf5 Linux 5.12-rc6)
$ git merge -m Merge branch 'next' of git://git.kernel.org/pub/scm/linux/kernel/git/balbi/usb.git usb-gadget/next
Already up to date.
Merging usb-serial/usb-next (fa55b7dcdc43 Linux 5.16-rc1)
$ git merge -m Merge branch 'usb-next' of git://git.kernel.org/pub/scm/linux/kernel/git/johan/usb-serial.git usb-serial/usb-next
Already up to date.
Merging usb-chipidea-next/for-usb-next (78665f57c3fa usb: chipidea: udc: make controller hardware endpoint primed)
$ git merge -m Merge branch 'for-usb-next' of git://git.kernel.org/pub/scm/linux/kernel/git/peter.chen/usb.git usb-chipidea-next/for-usb-next
Merge made by the 'recursive' strategy.
Merging tty/tty-next (fa55b7dcdc43 Linux 5.16-rc1)
$ git merge -m Merge branch 'tty-next' of git://git.kernel.org/pub/scm/linux/kernel/git/gregkh/tty.git tty/tty-next
Already up to date.
Merging char-misc/char-misc-next (fa55b7dcdc43 Linux 5.16-rc1)
$ git merge -m Merge branch 'char-misc-next' of git://git.kernel.org/pub/scm/linux/kernel/git/gregkh/char-misc.git char-misc/char-misc-next
Already up to date.
Merging extcon/extcon-next (9e6ef3a25e5e dt-bindings: extcon: usbc-tusb320: Add TUSB320L compatible string)
$ git merge -m Merge branch 'extcon-next' of git://git.kernel.org/pub/scm/linux/kernel/git/chanwoo/extcon.git extcon/extcon-next
Already up to date.
Merging phy-next/next (fa55b7dcdc43 Linux 5.16-rc1)
$ git merge -m Merge branch 'next' of git://git.kernel.org/pub/scm/linux/kernel/git/phy/linux-phy.git phy-next/next
Already up to date.
Merging soundwire/next (fa55b7dcdc43 Linux 5.16-rc1)
$ git merge -m Merge branch 'next' of git://git.kernel.org/pub/scm/linux/kernel/git/vkoul/soundwire.git soundwire/next
Already up to date.
Merging thunderbolt/next (fa55b7dcdc43 Linux 5.16-rc1)
$ git merge -m Merge branch 'next' of git://git.kernel.org/pub/scm/linux/kernel/git/westeri/thunderbolt.git thunderbolt/next
Already up to date.
Merging vfio/next (3bf1311f351e vfio/ccw: Convert to use vfio_register_emulated_iommu_dev())
$ git merge -m Merge branch 'next' of git://github.com/awilliam/linux-vfio.git vfio/next
Already up to date.
Merging staging/staging-next (ac0c9be91ae8 staging: wlan-ng: Removed unused comments)
$ git merge -m Merge branch 'staging-next' of git://git.kernel.org/pub/scm/linux/kernel/git/gregkh/staging.git staging/staging-next
Removing drivers/staging/fbtft/fb_watterott.c
Merge made by the 'recursive' strategy.
 drivers/staging/fbtft/Kconfig                      |   6 -
 drivers/staging/fbtft/Makefile                     |   1 -
 drivers/staging/fbtft/fb_watterott.c               | 302 ------------
 drivers/staging/pi433/rf69.c                       |  38 +-
 drivers/staging/r8188eu/core/rtw_br_ext.c          |  11 +-
 drivers/staging/r8188eu/core/rtw_cmd.c             |   4 +-
 drivers/staging/r8188eu/core/rtw_efuse.c           |  11 +-
 drivers/staging/r8188eu/hal/Hal8188ERateAdaptive.c |  10 +-
 drivers/staging/r8188eu/hal/HalPhyRf_8188e.c       | 155 ++-----
 drivers/staging/r8188eu/hal/odm.c                  |   4 +-
 drivers/staging/r8188eu/hal/odm_RegConfig8188E.c   |   2 +-
 drivers/staging/r8188eu/hal/odm_interface.c        |  30 --
 drivers/staging/r8188eu/hal/rtl8188e_hal_init.c    | 512 +--------------------
 drivers/staging/r8188eu/hal/rtl8188e_phycfg.c      |  26 +-
 drivers/staging/r8188eu/hal/usb_halinit.c          |  61 +--
 drivers/staging/r8188eu/include/Hal8188EPhyCfg.h   |  10 -
 drivers/staging/r8188eu/include/HalPhyRf_8188e.h   |   5 -
 drivers/staging/r8188eu/include/hal_intf.h         |   3 +-
 drivers/staging/r8188eu/include/odm_interface.h    |  10 -
 drivers/staging/r8188eu/include/rtl8188e_hal.h     |   7 -
 drivers/staging/r8188eu/include/rtl8188e_spec.h    |   5 -
 drivers/staging/r8188eu/include/rtw_debug.h        |   6 -
 drivers/staging/r8188eu/os_dep/os_intfs.c          |  43 +-
 drivers/staging/rtl8192u/r8192U_core.c             |   9 +-
 drivers/staging/rtl8723bs/core/rtw_cmd.c           |   3 +-
 drivers/staging/rtl8723bs/core/rtw_efuse.c         |  14 +-
 drivers/staging/vt6655/card.c                      |  36 +-
 drivers/staging/vt6655/device.h                    |   2 +-
 drivers/staging/vt6655/device_main.c               |   2 +-
 drivers/staging/wlan-ng/prism2mib.c                |   8 -
 30 files changed, 117 insertions(+), 1219 deletions(-)
 delete mode 100644 drivers/staging/fbtft/fb_watterott.c
Merging iio/togreg (12b6d77431f5 iio: adc: ina2xx: Avoid double reference counting from get_task_struct/put_task_struct())
$ git merge -m Merge branch 'togreg' of git://git.kernel.org/pub/scm/linux/kernel/git/jic23/iio.git iio/togreg
Auto-merging drivers/iio/adc/stm32-adc.c
Merge made by the 'recursive' strategy.
 drivers/iio/accel/mma7660.c                     |  8 +++-
 drivers/iio/adc/imx7d_adc.c                     |  5 +-
 drivers/iio/adc/ina2xx-adc.c                    | 11 ++---
 drivers/iio/adc/lpc18xx_adc.c                   |  6 +--
 drivers/iio/adc/stm32-adc.c                     |  3 +-
 drivers/iio/adc/xilinx-xadc-core.c              | 62 ++++++++++++++++---------
 drivers/iio/common/st_sensors/st_sensors_core.c |  4 +-
 drivers/iio/pressure/ms5611.h                   |  6 +--
 drivers/iio/pressure/ms5611_core.c              |  7 ++-
 drivers/iio/pressure/ms5611_i2c.c               | 11 ++---
 drivers/iio/pressure/ms5611_spi.c               | 17 +++----
 11 files changed, 77 insertions(+), 63 deletions(-)
Merging mux/for-next (3516bd729358 Merge tag 's390-5.11-3' of git://git.kernel.org/pub/scm/linux/kernel/git/s390/linux)
$ git merge -m Merge branch 'for-next' of https://gitlab.com/peda-linux/mux.git mux/for-next
Already up to date.
Merging icc/icc-next (dfe14674bf7b Merge branch 'icc-rpm' into icc-next)
$ git merge -m Merge branch 'icc-next' of git://git.kernel.org/pub/scm/linux/kernel/git/djakov/icc.git icc/icc-next
Already up to date.
Merging dmaengine/next (fa55b7dcdc43 Linux 5.16-rc1)
$ git merge -m Merge branch 'next' of git://git.kernel.org/pub/scm/linux/kernel/git/vkoul/dmaengine.git dmaengine/next
Already up to date.
Merging cgroup/for-next (588e5d876648 cgroup: bpf: Move wrapper for __cgroup_bpf_*() to kernel/bpf/cgroup.c)
$ git merge -m Merge branch 'for-next' of git://git.kernel.org/pub/scm/linux/kernel/git/tj/cgroup.git cgroup/for-next
Already up to date.
Merging scsi/for-next (588702bfaf15 Merge branch 'misc' into for-next)
$ git merge -m Merge branch 'for-next' of git://git.kernel.org/pub/scm/linux/kernel/git/jejb/scsi.git scsi/for-next
Auto-merging drivers/scsi/ufs/ufshcd.c
Merge made by the 'recursive' strategy.
 drivers/scsi/ufs/ufshcd.c | 2 +-
 1 file changed, 1 insertion(+), 1 deletion(-)
Merging scsi-mkp/for-next (375622ecf36e scsi: qla2xxx: Fix mailbox direction flags in qla2xxx_get_adapter_id())
$ git merge -m Merge branch 'for-next' of git://git.kernel.org/pub/scm/linux/kernel/git/mkp/scsi.git scsi-mkp/for-next
Auto-merging drivers/scsi/ufs/ufshcd.c
Merge made by the 'recursive' strategy.
 drivers/scsi/qla2xxx/qla_mbx.c      |  6 ++----
 drivers/scsi/scsi_sysfs.c           | 30 +++++++++++++++++++-----------
 drivers/scsi/scsi_transport_iscsi.c |  6 +++---
 drivers/scsi/ufs/ufshcd.c           |  9 ++-------
 4 files changed, 26 insertions(+), 25 deletions(-)
Merging vhost/linux-next (47ed04961471 virtio_gpio: drop packed attribute)
$ git merge -m Merge branch 'linux-next' of git://git.kernel.org/pub/scm/linux/kernel/git/mst/vhost.git vhost/linux-next
Auto-merging include/uapi/linux/virtio_gpio.h
Merge made by the 'recursive' strategy.
 drivers/iommu/virtio-iommu.c      | 113 +++++++++++++++++++++++++++++++-------
 include/uapi/linux/virtio_iommu.h |   8 ++-
 2 files changed, 101 insertions(+), 20 deletions(-)
Merging rpmsg/for-next (6ee5808de074 Merge branches 'rpmsg-next' and 'rproc-next' into for-next)
$ git merge -m Merge branch 'for-next' of git://git.kernel.org/pub/scm/linux/kernel/git/remoteproc/linux.git rpmsg/for-next
Already up to date.
Merge made by the 'recursive' strategy.
Merging gpio/for-next (7ac554888233 MAINTAINERS: Remove reference to non-existing file)
$ git merge -m Merge branch 'for-next' of git://git.kernel.org/pub/scm/linux/kernel/git/linusw/linux-gpio.git gpio/for-next
Already up to date.
Merging gpio-brgl/gpio/for-next (ea708ac5bf41 gpio: xlp: Remove Netlogic XLP variants)
$ git merge -m Merge branch 'gpio/for-next' of git://git.kernel.org/pub/scm/linux/kernel/git/brgl/linux.git gpio-brgl/gpio/for-next
Merge made by the 'recursive' strategy.
 .../devicetree/bindings/gpio/gpio-vf610.yaml       |   3 +
 drivers/gpio/Kconfig                               |  10 +-
 drivers/gpio/gpio-xlp.c                            | 142 ++-------------------
 3 files changed, 16 insertions(+), 139 deletions(-)
$ git reset --hard HEAD^
HEAD is now at 3f441b70a4b6 Merge branch 'for-next' of git://git.kernel.org/pub/scm/linux/kernel/git/remoteproc/linux.git
Merging next-20211115 version of gpio-brgl
$ git merge -m next-20211115/gpio-brgl 7d0003da6297eb128f3490e396e6fc6df71557cd
Already up to date.
Merging gpio-intel/for-next (2ff64a84bbb3 gpiolib: acpi: shrink devm_acpi_dev_add_driver_gpios())
$ git merge -m Merge branch 'for-next' of git://git.kernel.org/pub/scm/linux/kernel/git/andy/linux-gpio-intel.git gpio-intel/for-next
Merge made by the 'recursive' strategy.
 drivers/gpio/gpiolib-acpi.c   | 26 +++++++-------------------
 include/linux/gpio/consumer.h |  2 --
 2 files changed, 7 insertions(+), 21 deletions(-)
Merging gpio-sim/gpio/gpio-sim (5065e08e4ef3 gpio: sim: fix missing unlock on error in gpio_sim_config_commit_item())
$ git merge -m Merge branch 'gpio/gpio-sim' of git://git.kernel.org/pub/scm/linux/kernel/git/brgl/linux.git gpio-sim/gpio/gpio-sim
Auto-merging tools/testing/selftests/gpio/Makefile
CONFLICT (content): Merge conflict in tools/testing/selftests/gpio/Makefile
Auto-merging drivers/gpio/Makefile
Auto-merging drivers/gpio/Kconfig
Resolved 'tools/testing/selftests/gpio/Makefile' using previous resolution.
Automatic merge failed; fix conflicts and then commit the result.
$ git commit --no-edit -v -a
[master caddf022fb86] Merge branch 'gpio/gpio-sim' of git://git.kernel.org/pub/scm/linux/kernel/git/brgl/linux.git
$ git diff -M --stat --summary HEAD^..
 Documentation/admin-guide/gpio/gpio-sim.rst   |  72 +++
 Documentation/filesystems/configfs.rst        |   6 +-
 drivers/gpio/Kconfig                          |   8 +
 drivers/gpio/Makefile                         |   1 +
 drivers/gpio/gpio-sim.c                       | 884 ++++++++++++++++++++++++++
 fs/configfs/configfs_internal.h               |  22 +-
 fs/configfs/dir.c                             | 276 +++++++-
 include/linux/configfs.h                      |   3 +-
 samples/configfs/configfs_sample.c            | 153 +++++
 tools/testing/selftests/gpio/.gitignore       |   2 +
 tools/testing/selftests/gpio/Makefile         |   4 +-
 tools/testing/selftests/gpio/config           |   1 +
 tools/testing/selftests/gpio/gpio-chip-info.c |  57 ++
 tools/testing/selftests/gpio/gpio-line-name.c |  55 ++
 tools/testing/selftests/gpio/gpio-sim.sh      | 229 +++++++
 15 files changed, 1750 insertions(+), 23 deletions(-)
 create mode 100644 Documentation/admin-guide/gpio/gpio-sim.rst
 create mode 100644 drivers/gpio/gpio-sim.c
 create mode 100644 tools/testing/selftests/gpio/gpio-chip-info.c
 create mode 100644 tools/testing/selftests/gpio/gpio-line-name.c
 create mode 100755 tools/testing/selftests/gpio/gpio-sim.sh
Merging pinctrl/for-next (a0f160ffcb83 pinctrl: add pinctrl/GPIO driver for Apple SoCs)
$ git merge -m Merge branch 'for-next' of git://git.kernel.org/pub/scm/linux/kernel/git/linusw/linux-pinctrl.git pinctrl/for-next
Already up to date.
Merging pinctrl-intel/for-next (fa55b7dcdc43 Linux 5.16-rc1)
$ git merge -m Merge branch 'for-next' of git://git.kernel.org/pub/scm/linux/kernel/git/pinctrl/intel.git pinctrl-intel/for-next
Already up to date.
Merging pinctrl-renesas/renesas-pinctrl (adb613f84a9e pinctrl: renesas: rzg2l: Add support to get/set drive-strength and output-impedance-ohms)
$ git merge -m Merge branch 'renesas-pinctrl' of git://git.kernel.org/pub/scm/linux/kernel/git/geert/renesas-drivers.git pinctrl-renesas/renesas-pinctrl
Merge made by the 'recursive' strategy.
 .../devicetree/bindings/pinctrl/pincfg-node.yaml   |   3 +
 .../bindings/pinctrl/renesas,rzg2l-pinctrl.yaml    |   2 +
 drivers/pinctrl/pinconf-generic.c                  |   2 +
 drivers/pinctrl/renesas/pinctrl-rza1.c             |   6 +-
 drivers/pinctrl/renesas/pinctrl-rzg2l.c            | 310 ++++++++++++++-------
 include/linux/pinctrl/pinconf-generic.h            |   3 +
 6 files changed, 223 insertions(+), 103 deletions(-)
Merging pinctrl-samsung/for-next (fa55b7dcdc43 Linux 5.16-rc1)
$ git merge -m Merge branch 'for-next' of git://git.kernel.org/pub/scm/linux/kernel/git/pinctrl/samsung.git pinctrl-samsung/for-next
Already up to date.
Merging pwm/for-next (e9d866d5a629 pwm: vt8500: Rename pwm_busy_wait() to make it obviously driver-specific)
$ git merge -m Merge branch 'for-next' of git://git.kernel.org/pub/scm/linux/kernel/git/thierry.reding/linux-pwm.git pwm/for-next
Already up to date.
Merging userns/for-next (716040e0ae01 Merge of per_signal_struct_coredumps-for-v5.16, ucount-fixes-for-v5.16, and exit-cleanups-for-v5.16 for testing in linux-next)
$ git merge -m Merge branch 'for-next' of git://git.kernel.org/pub/scm/linux/kernel/git/ebiederm/user-namespace.git userns/for-next
Already up to date.
Merge made by the 'recursive' strategy.
Merging ktest/for-next (170f4869e662 ktest.pl: Fix the logic for truncating the size of the log file for email)
$ git merge -m Merge branch 'for-next' of git://git.kernel.org/pub/scm/linux/kernel/git/rostedt/linux-ktest.git ktest/for-next
Already up to date.
Merging kselftest/next (fa55b7dcdc43 Linux 5.16-rc1)
$ git merge -m Merge branch 'next' of git://git.kernel.org/pub/scm/linux/kernel/git/shuah/linux-kselftest.git kselftest/next
Already up to date.
Merging livepatching/for-next (cd2d68f2d6b2 Merge branch 'for-5.15/cpu-hotplug' into for-next)
$ git merge -m Merge branch 'for-next' of git://git.kernel.org/pub/scm/linux/kernel/git/livepatching/livepatching livepatching/for-next
Already up to date.
Merge made by the 'recursive' strategy.
Merging coresight/next (20b02fe36530 arm64: cpufeature: Export this_cpu_has_cap helper)
$ git merge -m Merge branch 'next' of git://git.kernel.org/pub/scm/linux/kernel/git/coresight/linux.git coresight/next
Already up to date.
Merging rtc/rtc-next (fa55b7dcdc43 Linux 5.16-rc1)
$ git merge -m Merge branch 'rtc-next' of git://git.kernel.org/pub/scm/linux/kernel/git/abelloni/linux.git rtc/rtc-next
Already up to date.
Merging nvdimm/libnvdimm-for-next (e765f13ed126 nvdimm/pmem: move dax_attribute_group from dax to pmem)
$ git merge -m Merge branch 'libnvdimm-for-next' of git://git.kernel.org/pub/scm/linux/kernel/git/nvdimm/nvdimm.git nvdimm/libnvdimm-for-next
Already up to date.
Merging at24/at24/for-next (fa55b7dcdc43 Linux 5.16-rc1)
$ git merge -m Merge branch 'at24/for-next' of git://git.kernel.org/pub/scm/linux/kernel/git/brgl/linux.git at24/at24/for-next
Already up to date.
Merging ntb/ntb-next (f96cb827ce49 ntb: ntb_pingpong: remove redundant initialization of variables msg_data and spad_data)
$ git merge -m Merge branch 'ntb-next' of https://github.com/jonmason/ntb.git ntb/ntb-next
Merge made by the 'recursive' strategy.
Merging seccomp/for-next/seccomp (1e6d69c7b9cd selftests/seccomp: Report event mismatches more clearly)
$ git merge -m Merge branch 'for-next/seccomp' of git://git.kernel.org/pub/scm/linux/kernel/git/kees/linux.git seccomp/for-next/seccomp
Auto-merging tools/testing/selftests/seccomp/seccomp_bpf.c
Merge made by the 'recursive' strategy.
 tools/testing/selftests/seccomp/seccomp_bpf.c | 56 ++++++++++++++++++++++++---
 1 file changed, 50 insertions(+), 6 deletions(-)
Merging kspp/for-next/kspp (879f756fa9bf Merge branches 'for-next/hardening', 'for-next/overflow' and 'for-next/thread_info/cpu' into for-next/kspp)
$ git merge -m Merge branch 'for-next/kspp' of git://git.kernel.org/pub/scm/linux/kernel/git/kees/linux.git kspp/for-next/kspp
Already up to date.
Merge made by the 'recursive' strategy.
Merging kspp-gustavo/for-next/kspp (fa55b7dcdc43 Linux 5.16-rc1)
$ git merge -m Merge branch 'for-next/kspp' of git://git.kernel.org/pub/scm/linux/kernel/git/gustavoars/linux.git kspp-gustavo/for-next/kspp
Already up to date.
Merging cisco/for-next (9e98c678c2d6 Linux 5.1-rc1)
$ git merge -m Merge branch 'for-next' of https://github.com/daniel-walker/cisco-linux.git cisco/for-next
Already up to date.
Merging gnss/gnss-next (b15c90153fd9 gnss: drop stray semicolons)
$ git merge -m Merge branch 'gnss-next' of git://git.kernel.org/pub/scm/linux/kernel/git/johan/gnss.git gnss/gnss-next
Merge made by the 'recursive' strategy.
 drivers/gnss/mtk.c    | 2 +-
 drivers/gnss/serial.c | 2 +-
 drivers/gnss/sirf.c   | 2 +-
 drivers/gnss/ubx.c    | 2 +-
 4 files changed, 4 insertions(+), 4 deletions(-)
Merging fsi/next (7cc2f34e1f4d fsi: sbefifo: Use interruptible mutex locking)
$ git merge -m Merge branch 'next' of git://git.kernel.org/pub/scm/linux/kernel/git/joel/fsi.git fsi/next
Already up to date.
Merging slimbus/for-next (6880fa6c5660 Linux 5.15-rc1)
$ git merge -m Merge branch 'for-next' of git://git.kernel.org/pub/scm/linux/kernel/git/srini/slimbus.git slimbus/for-next
Already up to date.
Merging nvmem/for-next (413333fd6a88 nvmem: imx-ocotp: add support for post processing)
$ git merge -m Merge branch 'for-next' of git://git.kernel.org/pub/scm/linux/kernel/git/srini/nvmem.git nvmem/for-next
Merge made by the 'recursive' strategy.
Merging xarray/main (2c7e57a02708 idr test suite: Improve reporting from idr_find_test_1)
$ git merge -m Merge branch 'main' of git://git.infradead.org/users/willy/xarray.git xarray/main
Already up to date.
Merging hyperv/hyperv-next (285f68afa8b2 x86/hyperv: Protect set_hv_tscchange_cb() against getting preempted)
$ git merge -m Merge branch 'hyperv-next' of git://git.kernel.org/pub/scm/linux/kernel/git/hyperv/linux.git hyperv/hyperv-next
Already up to date.
Merging auxdisplay/auxdisplay (97fbb29fc1eb MAINTAINERS: Add DT Bindings for Auxiliary Display Drivers)
$ git merge -m Merge branch 'auxdisplay' of https://github.com/ojeda/linux.git auxdisplay/auxdisplay
Already up to date.
Merging kgdb/kgdb/for-next (b77dbc86d604 kdb: Adopt scheduler's task classification)
$ git merge -m Merge branch 'kgdb/for-next' of git://git.kernel.org/pub/scm/linux/kernel/git/danielt/linux.git kgdb/kgdb/for-next
Already up to date.
Merging hmm/hmm (6880fa6c5660 Linux 5.15-rc1)
$ git merge -m Merge branch 'hmm' of git://git.kernel.org/pub/scm/linux/kernel/git/rdma/rdma.git hmm/hmm
Already up to date.
Merging fpga/for-next (8bb7eca972ad Linux 5.15)
$ git merge -m Merge branch 'for-next' of git://git.kernel.org/pub/scm/linux/kernel/git/mdf/linux-fpga.git fpga/for-next
Already up to date.
Merging kunit/test (fa55b7dcdc43 Linux 5.16-rc1)
$ git merge -m Merge branch 'test' of git://git.kernel.org/pub/scm/linux/kernel/git/shuah/linux-kselftest.git kunit/test
Already up to date.
Merging cfi/cfi/next (fa55b7dcdc43 Linux 5.16-rc1)
$ git merge -m Merge branch 'cfi/next' of git://git.kernel.org/pub/scm/linux/kernel/git/mtd/linux.git cfi/cfi/next
Already up to date.
Merging kunit-next/kunit (fa55b7dcdc43 Linux 5.16-rc1)
$ git merge -m Merge branch 'kunit' of git://git.kernel.org/pub/scm/linux/kernel/git/shuah/linux-kselftest.git kunit-next/kunit
Already up to date.
Merging trivial/for-next (9ff9b0d392ea Merge tag 'net-next-5.10' of git://git.kernel.org/pub/scm/linux/kernel/git/netdev/net-next)
$ git merge -m Merge branch 'for-next' of git://git.kernel.org/pub/scm/linux/kernel/git/jikos/trivial.git trivial/for-next
Already up to date.
Merging mhi/mhi-next (8c61951b372d Merge tag 'soundwire-5.15-rc1' of git://git.kernel.org/pub/scm/linux/kernel/git/vkoul/soundwire into char-misc-next)
$ git merge -m Merge branch 'mhi-next' of git://git.kernel.org/pub/scm/linux/kernel/git/mani/mhi.git mhi/mhi-next
Already up to date.
Merging memblock/for-next (e888fa7bb882 memblock: Check memory add/cap ordering)
$ git merge -m Merge branch 'for-next' of git://git.kernel.org/pub/scm/linux/kernel/git/rppt/memblock.git memblock/for-next
Already up to date.
Merging init/init-user-pointers (38b082236e77 initramfs: use vfs_utimes in do_copy)
$ git merge -m Merge branch 'init-user-pointers' of git://git.infradead.org/users/hch/misc.git init/init-user-pointers
Already up to date.
Merging counters/counters (e71ba9452f0b Linux 5.11-rc2)
$ git merge -m Merge branch 'counters' of git://git.kernel.org/pub/scm/linux/kernel/git/shuah/linux.git counters/counters
Already up to date.
Merging rust/rust-next (988f45dfe7ea MAINTAINERS: Rust)
$ git merge -m Merge branch 'rust-next' of https://github.com/Rust-for-Linux/linux.git rust/rust-next
Auto-merging tools/lib/perf/include/perf/event.h
Auto-merging scripts/kconfig/confdata.c
CONFLICT (content): Merge conflict in scripts/kconfig/confdata.c
Auto-merging scripts/Makefile.modfinal
CONFLICT (content): Merge conflict in scripts/Makefile.modfinal
Auto-merging scripts/Makefile.lib
Auto-merging scripts/Makefile.build
Auto-merging samples/Makefile
Auto-merging samples/Kconfig
Auto-merging lib/vsprintf.c
Auto-merging lib/Kconfig.debug
Auto-merging kernel/printk/printk.c
Auto-merging kernel/kallsyms.c
Auto-merging init/Kconfig
Auto-merging include/linux/spinlock.h
Auto-merging include/linux/kallsyms.h
Auto-merging arch/riscv/Makefile
Auto-merging Makefile
CONFLICT (content): Merge conflict in Makefile
Auto-merging MAINTAINERS
Auto-merging Documentation/process/changes.rst
Resolved 'Makefile' using previous resolution.
Resolved 'scripts/Makefile.modfinal' using previous resolution.
Resolved 'scripts/kconfig/confdata.c' using previous resolution.
Automatic merge failed; fix conflicts and then commit the result.
$ git commit --no-edit -v -a
[master bb139ded202f] Merge branch 'rust-next' of https://github.com/Rust-for-Linux/linux.git
$ git diff -M --stat --summary HEAD^..
 .gitignore                                  |    5 +
 .rustfmt.toml                               |   12 +
 Documentation/doc-guide/kernel-doc.rst      |    3 +
 Documentation/index.rst                     |    1 +
 Documentation/kbuild/kbuild.rst             |    4 +
 Documentation/process/changes.rst           |   13 +
 Documentation/rust/arch-support.rst         |   35 +
 Documentation/rust/assets/favicon-16x16.png |  Bin 0 -> 798 bytes
 Documentation/rust/assets/favicon-32x32.png |  Bin 0 -> 2076 bytes
 Documentation/rust/assets/rust-logo.png     |  Bin 0 -> 53976 bytes
 Documentation/rust/coding.rst               |   92 +
 Documentation/rust/docs.rst                 |  110 +
 Documentation/rust/index.rst                |   20 +
 Documentation/rust/quick-start.rst          |  218 ++
 MAINTAINERS                                 |   14 +
 Makefile                                    |  153 +-
 arch/arm/rust/target.json                   |   27 +
 arch/arm64/rust/target.json                 |   34 +
 arch/powerpc/rust/target.json               |   29 +
 arch/riscv/Makefile                         |    1 +
 arch/riscv/rust/rv32ima.json                |   36 +
 arch/riscv/rust/rv32imac.json               |   36 +
 arch/riscv/rust/rv64ima.json                |   36 +
 arch/riscv/rust/rv64imac.json               |   36 +
 arch/x86/rust/target.json                   |   36 +
 include/linux/kallsyms.h                    |    2 +-
 include/linux/spinlock.h                    |   17 +-
 init/Kconfig                                |   31 +-
 kernel/kallsyms.c                           |   10 +-
 kernel/livepatch/core.c                     |    4 +-
 kernel/printk/printk.c                      |    5 +-
 lib/Kconfig.debug                           |  144 ++
 lib/vsprintf.c                              |   12 +
 rust/.gitignore                             |    7 +
 rust/Makefile                               |  355 +++
 rust/alloc/README.md                        |   32 +
 rust/alloc/alloc.rs                         |  425 ++++
 rust/alloc/borrow.rs                        |  494 ++++
 rust/alloc/boxed.rs                         | 1789 +++++++++++++++
 rust/alloc/collections/mod.rs               |  155 ++
 rust/alloc/fmt.rs                           |  587 +++++
 rust/alloc/lib.rs                           |  202 ++
 rust/alloc/macros.rs                        |  126 +
 rust/alloc/prelude/mod.rs                   |   17 +
 rust/alloc/prelude/v1.rs                    |   16 +
 rust/alloc/raw_vec.rs                       |  609 +++++
 rust/alloc/slice.rs                         | 1271 +++++++++++
 rust/alloc/str.rs                           |  614 +++++
 rust/alloc/string.rs                        | 2845 +++++++++++++++++++++++
 rust/alloc/vec/drain.rs                     |  157 ++
 rust/alloc/vec/drain_filter.rs              |  145 ++
 rust/alloc/vec/into_iter.rs                 |  303 +++
 rust/alloc/vec/is_zero.rs                   |  106 +
 rust/alloc/vec/mod.rs                       | 3295 +++++++++++++++++++++++++++
 rust/alloc/vec/partial_eq.rs                |   49 +
 rust/alloc/vec/set_len_on_drop.rs           |   30 +
 rust/alloc/vec/spec_extend.rs               |  172 ++
 rust/bindgen_parameters                     |   13 +
 rust/build_error.rs                         |   33 +
 rust/compiler_builtins.rs                   |   57 +
 rust/exports.c                              |   16 +
 rust/helpers.c                              |  301 +++
 rust/kernel/allocator.rs                    |   63 +
 rust/kernel/bindings.rs                     |   46 +
 rust/kernel/bindings_helper.h               |   25 +
 rust/kernel/buffer.rs                       |   39 +
 rust/kernel/build_assert.rs                 |   80 +
 rust/kernel/c_types.rs                      |  119 +
 rust/kernel/chrdev.rs                       |  212 ++
 rust/kernel/error.rs                        |  523 +++++
 rust/kernel/file.rs                         |  131 ++
 rust/kernel/file_operations.rs              |  715 ++++++
 rust/kernel/io_buffer.rs                    |  153 ++
 rust/kernel/io_mem.rs                       |  207 ++
 rust/kernel/iov_iter.rs                     |   81 +
 rust/kernel/lib.rs                          |  250 ++
 rust/kernel/linked_list.rs                  |  247 ++
 rust/kernel/miscdev.rs                      |  111 +
 rust/kernel/module_param.rs                 |  497 ++++
 rust/kernel/of.rs                           |  101 +
 rust/kernel/pages.rs                        |  162 ++
 rust/kernel/platdev.rs                      |  153 ++
 rust/kernel/power.rs                        |  118 +
 rust/kernel/prelude.rs                      |   26 +
 rust/kernel/print.rs                        |  441 ++++
 rust/kernel/random.rs                       |   50 +
 rust/kernel/raw_list.rs                     |  361 +++
 rust/kernel/rbtree.rs                       |  562 +++++
 rust/kernel/security.rs                     |   56 +
 rust/kernel/static_assert.rs                |   39 +
 rust/kernel/std_vendor.rs                   |  150 ++
 rust/kernel/str.rs                          |  253 ++
 rust/kernel/sync/arc.rs                     |  480 ++++
 rust/kernel/sync/condvar.rs                 |  132 ++
 rust/kernel/sync/guard.rs                   |   91 +
 rust/kernel/sync/locked_by.rs               |  112 +
 rust/kernel/sync/mod.rs                     |   80 +
 rust/kernel/sync/mutex.rs                   |  101 +
 rust/kernel/sync/spinlock.rs                |  102 +
 rust/kernel/sysctl.rs                       |  198 ++
 rust/kernel/task.rs                         |  182 ++
 rust/kernel/types.rs                        |  228 ++
 rust/kernel/user_ptr.rs                     |  175 ++
 rust/macros/helpers.rs                      |   79 +
 rust/macros/lib.rs                          |  128 ++
 rust/macros/module.rs                       |  678 ++++++
 samples/Kconfig                             |    2 +
 samples/Makefile                            |    1 +
 samples/rust/Kconfig                        |  113 +
 samples/rust/Makefile                       |   12 +
 samples/rust/rust_chrdev.rs                 |   51 +
 samples/rust/rust_minimal.rs                |   38 +
 samples/rust/rust_miscdev.rs                |  150 ++
 samples/rust/rust_module_parameters.rs      |   72 +
 samples/rust/rust_print.rs                  |   57 +
 samples/rust/rust_random.rs                 |   61 +
 samples/rust/rust_semaphore.rs              |  177 ++
 samples/rust/rust_semaphore_c.c             |  212 ++
 samples/rust/rust_stack_probing.rs          |   40 +
 samples/rust/rust_sync.rs                   |   81 +
 scripts/Makefile.build                      |   22 +
 scripts/Makefile.lib                        |   12 +
 scripts/Makefile.modfinal                   |   10 +-
 scripts/generate_rust_analyzer.py           |  133 ++
 scripts/is_rust_module.sh                   |   19 +
 scripts/kallsyms.c                          |   40 +-
 scripts/rust-version.sh                     |   31 +
 tools/include/linux/kallsyms.h              |    2 +-
 tools/include/linux/lockdep.h               |    2 +-
 tools/lib/perf/include/perf/event.h         |    2 +-
 tools/lib/symbol/kallsyms.h                 |    2 +-
 131 files changed, 25442 insertions(+), 34 deletions(-)
 create mode 100644 .rustfmt.toml
 create mode 100644 Documentation/rust/arch-support.rst
 create mode 100644 Documentation/rust/assets/favicon-16x16.png
 create mode 100644 Documentation/rust/assets/favicon-32x32.png
 create mode 100644 Documentation/rust/assets/rust-logo.png
 create mode 100644 Documentation/rust/coding.rst
 create mode 100644 Documentation/rust/docs.rst
 create mode 100644 Documentation/rust/index.rst
 create mode 100644 Documentation/rust/quick-start.rst
 create mode 100644 arch/arm/rust/target.json
 create mode 100644 arch/arm64/rust/target.json
 create mode 100644 arch/powerpc/rust/target.json
 create mode 100644 arch/riscv/rust/rv32ima.json
 create mode 100644 arch/riscv/rust/rv32imac.json
 create mode 100644 arch/riscv/rust/rv64ima.json
 create mode 100644 arch/riscv/rust/rv64imac.json
 create mode 100644 arch/x86/rust/target.json
 create mode 100644 rust/.gitignore
 create mode 100644 rust/Makefile
 create mode 100644 rust/alloc/README.md
 create mode 100644 rust/alloc/alloc.rs
 create mode 100644 rust/alloc/borrow.rs
 create mode 100644 rust/alloc/boxed.rs
 create mode 100644 rust/alloc/collections/mod.rs
 create mode 100644 rust/alloc/fmt.rs
 create mode 100644 rust/alloc/lib.rs
 create mode 100644 rust/alloc/macros.rs
 create mode 100644 rust/alloc/prelude/mod.rs
 create mode 100644 rust/alloc/prelude/v1.rs
 create mode 100644 rust/alloc/raw_vec.rs
 create mode 100644 rust/alloc/slice.rs
 create mode 100644 rust/alloc/str.rs
 create mode 100644 rust/alloc/string.rs
 create mode 100644 rust/alloc/vec/drain.rs
 create mode 100644 rust/alloc/vec/drain_filter.rs
 create mode 100644 rust/alloc/vec/into_iter.rs
 create mode 100644 rust/alloc/vec/is_zero.rs
 create mode 100644 rust/alloc/vec/mod.rs
 create mode 100644 rust/alloc/vec/partial_eq.rs
 create mode 100644 rust/alloc/vec/set_len_on_drop.rs
 create mode 100644 rust/alloc/vec/spec_extend.rs
 create mode 100644 rust/bindgen_parameters
 create mode 100644 rust/build_error.rs
 create mode 100644 rust/compiler_builtins.rs
 create mode 100644 rust/exports.c
 create mode 100644 rust/helpers.c
 create mode 100644 rust/kernel/allocator.rs
 create mode 100644 rust/kernel/bindings.rs
 create mode 100644 rust/kernel/bindings_helper.h
 create mode 100644 rust/kernel/buffer.rs
 create mode 100644 rust/kernel/build_assert.rs
 create mode 100644 rust/kernel/c_types.rs
 create mode 100644 rust/kernel/chrdev.rs
 create mode 100644 rust/kernel/error.rs
 create mode 100644 rust/kernel/file.rs
 create mode 100644 rust/kernel/file_operations.rs
 create mode 100644 rust/kernel/io_buffer.rs
 create mode 100644 rust/kernel/io_mem.rs
 create mode 100644 rust/kernel/iov_iter.rs
 create mode 100644 rust/kernel/lib.rs
 create mode 100644 rust/kernel/linked_list.rs
 create mode 100644 rust/kernel/miscdev.rs
 create mode 100644 rust/kernel/module_param.rs
 create mode 100644 rust/kernel/of.rs
 create mode 100644 rust/kernel/pages.rs
 create mode 100644 rust/kernel/platdev.rs
 create mode 100644 rust/kernel/power.rs
 create mode 100644 rust/kernel/prelude.rs
 create mode 100644 rust/kernel/print.rs
 create mode 100644 rust/kernel/random.rs
 create mode 100644 rust/kernel/raw_list.rs
 create mode 100644 rust/kernel/rbtree.rs
 create mode 100644 rust/kernel/security.rs
 create mode 100644 rust/kernel/static_assert.rs
 create mode 100644 rust/kernel/std_vendor.rs
 create mode 100644 rust/kernel/str.rs
 create mode 100644 rust/kernel/sync/arc.rs
 create mode 100644 rust/kernel/sync/condvar.rs
 create mode 100644 rust/kernel/sync/guard.rs
 create mode 100644 rust/kernel/sync/locked_by.rs
 create mode 100644 rust/kernel/sync/mod.rs
 create mode 100644 rust/kernel/sync/mutex.rs
 create mode 100644 rust/kernel/sync/spinlock.rs
 create mode 100644 rust/kernel/sysctl.rs
 create mode 100644 rust/kernel/task.rs
 create mode 100644 rust/kernel/types.rs
 create mode 100644 rust/kernel/user_ptr.rs
 create mode 100644 rust/macros/helpers.rs
 create mode 100644 rust/macros/lib.rs
 create mode 100644 rust/macros/module.rs
 create mode 100644 samples/rust/Kconfig
 create mode 100644 samples/rust/Makefile
 create mode 100644 samples/rust/rust_chrdev.rs
 create mode 100644 samples/rust/rust_minimal.rs
 create mode 100644 samples/rust/rust_miscdev.rs
 create mode 100644 samples/rust/rust_module_parameters.rs
 create mode 100644 samples/rust/rust_print.rs
 create mode 100644 samples/rust/rust_random.rs
 create mode 100644 samples/rust/rust_semaphore.rs
 create mode 100644 samples/rust/rust_semaphore_c.c
 create mode 100644 samples/rust/rust_stack_probing.rs
 create mode 100644 samples/rust/rust_sync.rs
 create mode 100755 scripts/generate_rust_analyzer.py
 create mode 100755 scripts/is_rust_module.sh
 create mode 100755 scripts/rust-version.sh
$ git am -3 ../patches/0001-Kbuild-fix-for-kbuild-split-DEBUG_CFLAGS-out-to-scri.patch
Applying: Kbuild: fix for "kbuild: split DEBUG_CFLAGS out to scripts/Makefile.debug"
$ git reset HEAD^
Unstaged changes after reset:
M	scripts/Makefile.debug
$ git add -A .
$ git commit -v -a --amend
[master 16f86fa2488c] Merge branch 'rust-next' of https://github.com/Rust-for-Linux/linux.git
 Date: Tue Nov 16 11:03:10 2021 +1100
Merging cxl/next (53989fad1286 cxl/pmem: Fix module reload vs workqueue state)
$ git merge -m Merge branch 'next' of git://git.kernel.org/pub/scm/linux/kernel/git/cxl/cxl.git cxl/next
Merge made by the 'recursive' strategy.
 drivers/acpi/Kconfig          |   3 +
 drivers/acpi/numa/srat.c      |  59 ++++++++++-
 drivers/acpi/tables.c         |  87 ++++++++++++----
 drivers/cxl/Kconfig           |   1 +
 drivers/cxl/acpi.c            | 237 ++++++++++++++++--------------------------
 drivers/cxl/core/Makefile     |   2 +-
 drivers/cxl/core/bus.c        |  20 ++--
 drivers/cxl/core/mbox.c       | 186 ++++++++++++++++-----------------
 drivers/cxl/core/memdev.c     |  55 +++++-----
 drivers/cxl/core/pmem.c       |  20 ++--
 drivers/cxl/core/regs.c       |   8 +-
 drivers/cxl/cxl.h             |   8 ++
 drivers/cxl/cxlmem.h          |  37 ++++---
 drivers/cxl/pci.c             | 120 ++++++++++-----------
 drivers/cxl/pmem.c            |  85 ++++++++++-----
 include/linux/acpi.h          |  34 ++++--
 tools/testing/cxl/Kbuild      |   3 +-
 tools/testing/cxl/test/cxl.c  |  68 ++++++++----
 tools/testing/cxl/test/mem.c  |  99 +++++++++++++-----
 tools/testing/cxl/test/mock.c |  30 ++----
 tools/testing/cxl/test/mock.h |   6 +-
 21 files changed, 672 insertions(+), 496 deletions(-)
Merging folio/for-next (d2f0559fc2d1 csky,sparc: Declare flush_dcache_folio())
$ git merge -m Merge branch 'for-next' of git://git.infradead.org/users/willy/pagecache.git folio/for-next
Merge made by the 'recursive' strategy.
 arch/csky/abiv1/inc/abi/cacheflush.h   | 1 +
 arch/csky/abiv2/inc/abi/cacheflush.h   | 2 ++
 arch/sparc/include/asm/cacheflush_32.h | 1 +
 arch/sparc/include/asm/cacheflush_64.h | 1 +
 4 files changed, 5 insertions(+)
Merging bitmap/bitmap-master-5.15 (785cb064e2f8 vsprintf: rework bitmap_list_string)
$ git merge -m Merge branch 'bitmap-master-5.15' of https://guthub.com/norov/linux.git bitmap/bitmap-master-5.15
Removing tools/include/asm-generic/bitops/find.h
Auto-merging mm/percpu.c
Auto-merging lib/vsprintf.c
Auto-merging include/linux/cpumask.h
Auto-merging include/linux/bitmap.h
Auto-merging fs/ocfs2/dlm/dlmrecovery.c
Auto-merging fs/f2fs/segment.c
Auto-merging drivers/tty/n_tty.c
Auto-merging drivers/scsi/lpfc/lpfc_sli.c
Auto-merging drivers/pci/controller/dwc/pci-dra7xx.c
Auto-merging drivers/net/virtio_net.c
Auto-merging drivers/infiniband/hw/irdma/hw.c
Auto-merging drivers/gpu/drm/etnaviv/etnaviv_gpu.c
Auto-merging drivers/block/rnbd/rnbd-clt.c
Auto-merging block/blk-mq.c
Auto-merging arch/x86/Kconfig
Auto-merging arch/s390/kvm/kvm-s390.c
Auto-merging arch/s390/include/asm/bitops.h
Auto-merging arch/s390/Kconfig
Auto-merging arch/parisc/include/asm/bitops.h
CONFLICT (content): Merge conflict in arch/parisc/include/asm/bitops.h
Auto-merging arch/mips/Kconfig
Auto-merging arch/m68k/include/asm/bitops.h
Auto-merging arch/csky/include/asm/bitops.h
Auto-merging arch/arm64/Kconfig
Auto-merging arch/arc/Kconfig
Auto-merging MAINTAINERS
Resolved 'arch/parisc/include/asm/bitops.h' using previous resolution.
Automatic merge failed; fix conflicts and then commit the result.
$ git commit --no-edit -v -a
[master 55018c291cf9] Merge branch 'bitmap-master-5.15' of https://guthub.com/norov/linux.git
$ git diff -M --stat --summary HEAD^..
 MAINTAINERS                                        |   4 +-
 arch/alpha/include/asm/bitops.h                    |   2 -
 arch/arc/Kconfig                                   |   1 -
 arch/arc/include/asm/bitops.h                      |   1 -
 arch/arm/include/asm/bitops.h                      |   1 -
 arch/arm64/Kconfig                                 |   1 -
 arch/arm64/include/asm/bitops.h                    |   1 -
 arch/csky/include/asm/bitops.h                     |   1 -
 arch/h8300/include/asm/bitops.h                    |   1 -
 arch/hexagon/include/asm/bitops.h                  |   1 -
 arch/ia64/include/asm/bitops.h                     |   2 -
 arch/m68k/include/asm/bitops.h                     |   2 -
 arch/mips/Kconfig                                  |   1 -
 arch/mips/include/asm/bitops.h                     |   1 -
 arch/openrisc/include/asm/bitops.h                 |   1 -
 arch/parisc/include/asm/bitops.h                   |   1 -
 arch/powerpc/include/asm/bitops.h                  |   2 -
 arch/powerpc/include/asm/cputhreads.h              |   2 +-
 arch/powerpc/platforms/pasemi/dma_lib.c            |   4 +-
 arch/riscv/include/asm/bitops.h                    |   1 -
 arch/s390/Kconfig                                  |   1 -
 arch/s390/include/asm/bitops.h                     |   1 -
 arch/s390/kvm/kvm-s390.c                           |   2 +-
 arch/sh/include/asm/bitops.h                       |   1 -
 arch/sparc/include/asm/bitops_32.h                 |   1 -
 arch/sparc/include/asm/bitops_64.h                 |   2 -
 arch/x86/Kconfig                                   |   1 -
 arch/x86/include/asm/bitops.h                      |   2 -
 arch/x86/kernel/apic/vector.c                      |   4 +-
 arch/x86/um/Kconfig                                |   1 -
 arch/xtensa/include/asm/bitops.h                   |   1 -
 block/blk-mq.c                                     |   2 +-
 drivers/block/rnbd/rnbd-clt.c                      |   2 +-
 drivers/dma/ti/edma.c                              |   2 +-
 drivers/gpu/drm/etnaviv/etnaviv_gpu.c              |   4 +-
 drivers/hwmon/ltc2992.c                            |   3 +-
 drivers/iio/adc/ad7124.c                           |   2 +-
 drivers/infiniband/hw/irdma/hw.c                   |  16 +-
 drivers/media/cec/core/cec-core.c                  |   2 +-
 drivers/media/mc/mc-devnode.c                      |   2 +-
 drivers/mmc/host/renesas_sdhi_core.c               |   2 +-
 drivers/net/virtio_net.c                           |   2 +-
 drivers/pci/controller/dwc/pci-dra7xx.c            |   2 +-
 drivers/scsi/lpfc/lpfc_sli.c                       |  10 +-
 drivers/soc/fsl/qbman/bman_portal.c                |   2 +-
 drivers/soc/fsl/qbman/qman_portal.c                |   2 +-
 drivers/soc/ti/k3-ringacc.c                        |   4 +-
 drivers/tty/n_tty.c                                |   2 +-
 drivers/virt/acrn/ioreq.c                          |   3 +-
 fs/f2fs/segment.c                                  |   8 +-
 fs/ocfs2/cluster/heartbeat.c                       |   2 +-
 fs/ocfs2/dlm/dlmdomain.c                           |   4 +-
 fs/ocfs2/dlm/dlmmaster.c                           |  18 +-
 fs/ocfs2/dlm/dlmrecovery.c                         |   2 +-
 fs/ocfs2/dlm/dlmthread.c                           |   2 +-
 include/asm-generic/bitops.h                       |   1 -
 include/asm-generic/bitops/le.h                    |  64 ----
 include/linux/bitmap.h                             |  34 +-
 include/linux/bitops.h                             |  34 --
 include/linux/cpumask.h                            |  46 ++-
 include/linux/find.h                               | 372 +++++++++++++++++++++
 kernel/time/clocksource.c                          |   4 +-
 lib/Kconfig                                        |   3 -
 lib/find_bit.c                                     |  21 ++
 lib/find_bit_benchmark.c                           |  21 ++
 lib/genalloc.c                                     |   2 +-
 lib/test_bitmap.c                                  |  37 ++
 lib/vsprintf.c                                     |  24 +-
 mm/percpu.c                                        |  35 +-
 net/ncsi/ncsi-manage.c                             |   4 +-
 tools/include/asm-generic/bitops.h                 |   1 -
 tools/include/asm-generic/bitops/find.h            | 145 --------
 tools/include/linux/bitmap.h                       |   7 +-
 .../bitops => tools/include/linux}/find.h          |  54 ++-
 tools/lib/find_bit.c                               |  20 ++
 75 files changed, 637 insertions(+), 440 deletions(-)
 create mode 100644 include/linux/find.h
 delete mode 100644 tools/include/asm-generic/bitops/find.h
 rename {include/asm-generic/bitops => tools/include/linux}/find.h (83%)
Merging zstd/zstd-1.4.10 (8e211b894b58 lib: zstd: Add cast to silence clang's -Wbitwise-instead-of-logical)
$ git merge -m Merge branch 'zstd-1.4.10' of https://github.com/terrelln/linux.git zstd/zstd-1.4.10
Auto-merging fs/f2fs/super.c
Auto-merging fs/f2fs/compress.c
Auto-merging MAINTAINERS
Merge made by the 'recursive' strategy.
Merging efi/next (720dff78de36 efi: Allow efi=runtime)
$ git merge -m Merge branch 'next' of git://git.kernel.org/pub/scm/linux/kernel/git/efi/efi.git efi/next
Already up to date.
Merging unicode/for-next (e2a58d2d3416 unicode: only export internal symbols for the selftests)
$ git merge -m Merge branch 'for-next' of git://git.kernel.org/pub/scm/linux/kernel/git/krisman/unicode.git unicode/for-next
Auto-merging fs/f2fs/sysfs.c
CONFLICT (content): Merge conflict in fs/f2fs/sysfs.c
Auto-merging fs/f2fs/super.c
Auto-merging fs/ext4/super.c
Resolved 'fs/f2fs/sysfs.c' using previous resolution.
Automatic merge failed; fix conflicts and then commit the result.
$ git commit --no-edit -v -a
[master f1886ae9cd6d] Merge branch 'for-next' of git://git.kernel.org/pub/scm/linux/kernel/git/krisman/unicode.git
$ git diff -M --stat --summary HEAD^..
 fs/ext4/super.c                                    |  39 ++-
 fs/f2fs/super.c                                    |  38 +--
 fs/f2fs/sysfs.c                                    |   3 +-
 fs/unicode/Kconfig                                 |  13 +-
 fs/unicode/Makefile                                |  13 +-
 fs/unicode/mkutf8data.c                            |  24 +-
 fs/unicode/utf8-core.c                             | 109 ++++-----
 fs/unicode/utf8-norm.c                             | 262 +++------------------
 fs/unicode/utf8-selftest.c                         |  94 ++++----
 .../{utf8data.h_shipped => utf8data.c_shipped}     |  22 +-
 fs/unicode/utf8n.h                                 |  81 +++----
 include/linux/unicode.h                            |  49 +++-
 12 files changed, 291 insertions(+), 456 deletions(-)
 rename fs/unicode/{utf8data.h_shipped => utf8data.c_shipped} (99%)
$ git am -3 ../patches/0001-Mark-NTFS_RW-as-BROKEN.patch
Applying: Mark NTFS_RW as BROKEN
Merging akpm-current/current (83f5b72c9e67 configs: introduce debug.config for CI-like setup)
$ git merge --no-ff akpm-current/current
Auto-merging mm/rmap.c
Auto-merging mm/page_owner.c
Auto-merging mm/oom_kill.c
Auto-merging mm/memremap.c
Auto-merging mm/mempolicy.c
Auto-merging mm/memory.c
Auto-merging mm/backing-dev.c
Auto-merging lib/test_kasan.c
Auto-merging lib/Kconfig.debug
Auto-merging kernel/sched/sched.h
Auto-merging kernel/sched/core.c
CONFLICT (content): Merge conflict in kernel/sched/core.c
Auto-merging kernel/kthread.c
Auto-merging kernel/fork.c
Auto-merging kernel/exit.c
CONFLICT (content): Merge conflict in kernel/exit.c
Auto-merging init/main.c
Auto-merging include/linux/sched/task.h
Auto-merging include/linux/sched/mm.h
CONFLICT (content): Merge conflict in include/linux/sched/mm.h
Auto-merging include/linux/sched.h
Auto-merging include/linux/rmap.h
Auto-merging include/linux/page_owner.h
Auto-merging fs/exec.c
Auto-merging fs/buffer.c
Auto-merging fs/binfmt_elf.c
Auto-merging arch/powerpc/kernel/smp.c
Auto-merging arch/powerpc/Kconfig
Auto-merging arch/Kconfig
Resolved 'include/linux/sched/mm.h' using previous resolution.
Resolved 'kernel/exit.c' using previous resolution.
Resolved 'kernel/sched/core.c' using previous resolution.
Automatic merge failed; fix conflicts and then commit the result.
$ git commit -v -a
[master e421e0a56d0a] Merge branch 'akpm-current/current'
$ git diff -M --stat --summary HEAD^..
 arch/Kconfig                         |  28 ++++++
 arch/arm/mach-rpc/ecard.c            |   2 +-
 arch/powerpc/Kconfig                 |   1 +
 arch/powerpc/kernel/smp.c            |   2 +-
 arch/powerpc/mm/book3s64/radix_tlb.c |   4 +-
 fs/binfmt_elf.c                      |  23 +++--
 fs/buffer.c                          |  56 +++++++++++-
 fs/exec.c                            |   4 +-
 fs/hfsplus/catalog.c                 |  16 ++--
 fs/hfsplus/dir.c                     |   4 +-
 fs/hfsplus/hfsplus_raw.h             |  12 ++-
 fs/hfsplus/xattr.c                   |  18 ++--
 fs/ocfs2/namei.c                     |  49 +++++-----
 fs/ocfs2/namei.h                     |   2 +
 fs/ocfs2/refcounttree.c              |  15 +++-
 fs/ocfs2/xattr.c                     |  12 +--
 fs/ocfs2/xattr.h                     |   1 +
 fs/proc/fd.c                         |  23 ++++-
 fs/proc/page.c                       |  40 +++++----
 include/linux/ipc_namespace.h        |  15 ++++
 include/linux/mempolicy.h            |   5 +-
 include/linux/memremap.h             |   6 ++
 include/linux/rmap.h                 |   8 +-
 include/linux/sched.h                |   8 ++
 include/linux/sched/mm.h             |  21 +++++
 include/linux/sched/task.h           |   2 +-
 include/linux/shm.h                  |   2 +-
 init/main.c                          |  25 +++---
 ipc/shm.c                            | 170 +++++++++++++++++++++++++----------
 ipc/util.c                           |   6 +-
 kernel/configs/debug.config          | 105 ++++++++++++++++++++++
 kernel/cpu.c                         |   2 +-
 kernel/exit.c                        |   2 +-
 kernel/fork.c                        |  51 +++++++++++
 kernel/hung_task.c                   |  44 +++++++++
 kernel/kthread.c                     |  21 +++--
 kernel/sched/core.c                  |  35 +++++---
 kernel/sched/sched.h                 |   4 +-
 kernel/sysctl.c                      |   8 +-
 lib/Kconfig.debug                    |   6 ++
 lib/test_kasan.c                     |   5 +-
 mm/Kconfig                           |   3 +-
 mm/backing-dev.c                     |   7 ++
 mm/memory.c                          |   4 +
 mm/memory_hotplug.c                  |   6 ++
 mm/mempolicy.c                       |  12 +--
 mm/memremap.c                        |  20 +++++
 mm/oom_kill.c                        |   7 +-
 mm/rmap.c                            |  14 +--
 mm/zsmalloc.c                        |   3 +-
 50 files changed, 729 insertions(+), 210 deletions(-)
 create mode 100644 kernel/configs/debug.config
$ git clone -s -l -n -q . ../rebase-tmp
$ cd ../rebase-tmp
$ git checkout -b akpm remotes/origin/akpm/master
Switched to a new branch 'akpm'
$ git rebase --onto master remotes/origin/akpm/master-base
Rebasing (1/4)Rebasing (2/4)Rebasing (3/4)Rebasing (4/4)[KSuccessfully rebased and updated refs/heads/akpm.
$ cd ../next
$ git fetch -f ../rebase-tmp akpm:akpm/master
From ../rebase-tmp
 + 14ce8069f48b...e50a87933088 akpm       -> akpm/master  (forced update)
$ rm -rf ../rebase-tmp
Merging akpm/master (e50a87933088 lib/stackdepot: allow optional init and stack_table allocation by kvmalloc() - fixup3)
$ git merge --no-ff akpm/master
Merge made by the 'recursive' strategy.
 drivers/gpu/drm/drm_dp_mst_topology.c   |  1 +
 drivers/gpu/drm/drm_mm.c                |  4 ++++
 drivers/gpu/drm/drm_modeset_lock.c      |  9 +++++++++
 drivers/gpu/drm/i915/intel_runtime_pm.c |  3 +++
 include/linux/stackdepot.h              | 25 ++++++++++++++++---------
 init/main.c                             |  9 ++++++---
 lib/Kconfig                             |  4 ++++
 lib/Kconfig.kasan                       |  2 +-
 lib/stackdepot.c                        | 33 ++++++++++++++++++++++++++++-----
 mm/page_owner.c                         |  2 ++
 10 files changed, 74 insertions(+), 18 deletions(-)
